<!doctype html public "-//w3c//dtd html 4.0 transitional//en">
<html><head>
<title>Static Call Graph - [DM-MC02\DM-MC02.axf]</title></head>
<body><HR>
<H1>Static Call Graph for image DM-MC02\DM-MC02.axf</H1><HR>
<BR><P>#&#060CALLGRAPH&#062# ARM Linker, 5060528: Last Updated: Thu Mar 19 07:46:46 2026
<BR><P>
<H3>Maximum Stack Usage =        360 bytes + Unknown(Cycles, Untraceable Function Pointers)</H3><H3>
Call chain for Maximum Stack Depth:</H3>
main &rArr; MX_USART2_UART_Init &rArr; HAL_RS485Ex_Init &rArr; HAL_UART_MspInit &rArr; HAL_RCCEx_PeriphCLKConfig &rArr; RCCEx_PLL3_Config
<P>
<H3>
Mutually Recursive functions
</H3> <LI><a href="#[87]">ADC3_IRQHandler</a>&nbsp;&nbsp;&nbsp;&rArr;&nbsp;&nbsp;&nbsp;<a href="#[87]">ADC3_IRQHandler</a><BR>
 <LI><a href="#[18]">BusFault_Handler</a>&nbsp;&nbsp;&nbsp;&rArr;&nbsp;&nbsp;&nbsp;<a href="#[18]">BusFault_Handler</a><BR>
 <LI><a href="#[16]">HardFault_Handler</a>&nbsp;&nbsp;&nbsp;&rArr;&nbsp;&nbsp;&nbsp;<a href="#[16]">HardFault_Handler</a><BR>
 <LI><a href="#[17]">MemManage_Handler</a>&nbsp;&nbsp;&nbsp;&rArr;&nbsp;&nbsp;&nbsp;<a href="#[17]">MemManage_Handler</a><BR>
 <LI><a href="#[15]">NMI_Handler</a>&nbsp;&nbsp;&nbsp;&rArr;&nbsp;&nbsp;&nbsp;<a href="#[15]">NMI_Handler</a><BR>
 <LI><a href="#[d1]">StartConnectTask</a>&nbsp;&nbsp;&nbsp;&rArr;&nbsp;&nbsp;&nbsp;<a href="#[d1]">StartConnectTask</a><BR>
 <LI><a href="#[19]">UsageFault_Handler</a>&nbsp;&nbsp;&nbsp;&rArr;&nbsp;&nbsp;&nbsp;<a href="#[19]">UsageFault_Handler</a><BR>
 <LI><a href="#[236]">UART_EndTxTransfer</a>&nbsp;&nbsp;&nbsp;&rArr;&nbsp;&nbsp;&nbsp;<a href="#[236]">UART_EndTxTransfer</a><BR>
</UL>
<P>
<H3>
Function Pointers
</H3><UL>
 <LI><a href="#[87]">ADC3_IRQHandler</a> from startup_stm32h723xx.o(.text) referenced from startup_stm32h723xx.o(RESET)
 <LI><a href="#[30]">ADC_IRQHandler</a> from startup_stm32h723xx.o(.text) referenced from startup_stm32h723xx.o(RESET)
 <LI><a href="#[89]">BDMA_Channel0_IRQHandler</a> from startup_stm32h723xx.o(.text) referenced from startup_stm32h723xx.o(RESET)
 <LI><a href="#[8a]">BDMA_Channel1_IRQHandler</a> from startup_stm32h723xx.o(.text) referenced from startup_stm32h723xx.o(RESET)
 <LI><a href="#[8b]">BDMA_Channel2_IRQHandler</a> from startup_stm32h723xx.o(.text) referenced from startup_stm32h723xx.o(RESET)
 <LI><a href="#[8c]">BDMA_Channel3_IRQHandler</a> from startup_stm32h723xx.o(.text) referenced from startup_stm32h723xx.o(RESET)
 <LI><a href="#[8d]">BDMA_Channel4_IRQHandler</a> from startup_stm32h723xx.o(.text) referenced from startup_stm32h723xx.o(RESET)
 <LI><a href="#[8e]">BDMA_Channel5_IRQHandler</a> from startup_stm32h723xx.o(.text) referenced from startup_stm32h723xx.o(RESET)
 <LI><a href="#[8f]">BDMA_Channel6_IRQHandler</a> from startup_stm32h723xx.o(.text) referenced from startup_stm32h723xx.o(RESET)
 <LI><a href="#[90]">BDMA_Channel7_IRQHandler</a> from startup_stm32h723xx.o(.text) referenced from startup_stm32h723xx.o(RESET)
 <LI><a href="#[1]">Balance_Init</a> from balance.o(i.Balance_Init) referenced 2 times from balance.o(.data)
 <LI><a href="#[ab]">Balance_Status_Update</a> from balance.o(i.Balance_Status_Update) referenced from balance.o(i.Balance_Init)
 <LI><a href="#[18]">BusFault_Handler</a> from stm32h7xx_it.o(i.BusFault_Handler) referenced from startup_stm32h723xx.o(RESET)
 <LI><a href="#[75]">CEC_IRQHandler</a> from startup_stm32h723xx.o(.text) referenced from startup_stm32h723xx.o(RESET)
 <LI><a href="#[91]">COMP1_IRQHandler</a> from startup_stm32h723xx.o(.text) referenced from startup_stm32h723xx.o(RESET)
 <LI><a href="#[9e]">CORDIC_IRQHandler</a> from startup_stm32h723xx.o(.text) referenced from startup_stm32h723xx.o(RESET)
 <LI><a href="#[97]">CRS_IRQHandler</a> from startup_stm32h723xx.o(.text) referenced from startup_stm32h723xx.o(RESET)
 <LI><a href="#[ad]">Cap_HeartBeat</a> from cap.o(i.Cap_HeartBeat) referenced from cap.o(i.Cap_Init)
 <LI><a href="#[13]">Cap_Init</a> from cap.o(i.Cap_Init) referenced 2 times from cap.o(.data)
 <LI><a href="#[b2]">Chassis_Ctrl</a> from chassis.o(i.Chassis_Ctrl) referenced from chassis.o(i.Chassis_Init)
 <LI><a href="#[af]">Chassis_Data_Update</a> from chassis.o(i.Chassis_Data_Update) referenced from chassis.o(i.Chassis_Init)
 <LI><a href="#[ae]">Chassis_HeartBeat</a> from chassis.o(i.Chassis_HeartBeat) referenced from chassis.o(i.Chassis_Init)
 <LI><a href="#[7]">Chassis_Init</a> from chassis.o(i.Chassis_Init) referenced 2 times from chassis.o(.data)
 <LI><a href="#[a]">Chassis_Posture_Update</a> from chassis_posture.o(i.Chassis_Posture_Update) referenced 2 times from chassis_posture.o(.data)
 <LI><a href="#[b0]">Chassis_Status_React</a> from chassis.o(i.Chassis_Status_React) referenced from chassis.o(i.Chassis_Init)
 <LI><a href="#[b1]">Chassis_Work</a> from chassis.o(i.Chassis_Work) referenced from chassis.o(i.Chassis_Init)
 <LI><a href="#[2]">Cmd_Class_Init</a> from command.o(i.Cmd_Class_Init) referenced 16 times from command_instance.o(.data)
 <LI><a href="#[b3]">Cmd_Class_Update</a> from command.o(i.Cmd_Class_Update) referenced from command.o(i.Cmd_Class_Init)
 <LI><a href="#[b6]">Cmd_Clean</a> from command.o(i.Cmd_Clean) referenced from command.o(i.Cmd_Class_Init)
 <LI><a href="#[b7]">Cmd_HeartBeat</a> from command.o(i.Cmd_HeartBeat) referenced from command.o(i.Cmd_Class_Init)
 <LI><a href="#[b5]">Cmd_Switch_Finish</a> from command.o(i.Cmd_Switch_Finish) referenced from command.o(i.Cmd_Class_Init)
 <LI><a href="#[b4]">Cmd_Switch_Run</a> from command.o(i.Cmd_Switch_Run) referenced from command.o(i.Cmd_Class_Init)
 <LI><a href="#[67]">DCMI_PSSI_IRQHandler</a> from startup_stm32h723xx.o(.text) referenced from startup_stm32h723xx.o(RESET)
 <LI><a href="#[7a]">DFSDM1_FLT0_IRQHandler</a> from startup_stm32h723xx.o(.text) referenced from startup_stm32h723xx.o(RESET)
 <LI><a href="#[7b]">DFSDM1_FLT1_IRQHandler</a> from startup_stm32h723xx.o(.text) referenced from startup_stm32h723xx.o(RESET)
 <LI><a href="#[7c]">DFSDM1_FLT2_IRQHandler</a> from startup_stm32h723xx.o(.text) referenced from startup_stm32h723xx.o(RESET)
 <LI><a href="#[7d]">DFSDM1_FLT3_IRQHandler</a> from startup_stm32h723xx.o(.text) referenced from startup_stm32h723xx.o(RESET)
 <LI><a href="#[29]">DMA1_Stream0_IRQHandler</a> from stm32h7xx_it.o(i.DMA1_Stream0_IRQHandler) referenced from startup_stm32h723xx.o(RESET)
 <LI><a href="#[2a]">DMA1_Stream1_IRQHandler</a> from stm32h7xx_it.o(i.DMA1_Stream1_IRQHandler) referenced from startup_stm32h723xx.o(RESET)
 <LI><a href="#[2b]">DMA1_Stream2_IRQHandler</a> from stm32h7xx_it.o(i.DMA1_Stream2_IRQHandler) referenced from startup_stm32h723xx.o(RESET)
 <LI><a href="#[2c]">DMA1_Stream3_IRQHandler</a> from stm32h7xx_it.o(i.DMA1_Stream3_IRQHandler) referenced from startup_stm32h723xx.o(RESET)
 <LI><a href="#[2d]">DMA1_Stream4_IRQHandler</a> from stm32h7xx_it.o(i.DMA1_Stream4_IRQHandler) referenced from startup_stm32h723xx.o(RESET)
 <LI><a href="#[2e]">DMA1_Stream5_IRQHandler</a> from stm32h7xx_it.o(i.DMA1_Stream5_IRQHandler) referenced from startup_stm32h723xx.o(RESET)
 <LI><a href="#[2f]">DMA1_Stream6_IRQHandler</a> from stm32h7xx_it.o(i.DMA1_Stream6_IRQHandler) referenced from startup_stm32h723xx.o(RESET)
 <LI><a href="#[4c]">DMA1_Stream7_IRQHandler</a> from stm32h7xx_it.o(i.DMA1_Stream7_IRQHandler) referenced from startup_stm32h723xx.o(RESET)
 <LI><a href="#[72]">DMA2D_IRQHandler</a> from startup_stm32h723xx.o(.text) referenced from startup_stm32h723xx.o(RESET)
 <LI><a href="#[55]">DMA2_Stream0_IRQHandler</a> from stm32h7xx_it.o(i.DMA2_Stream0_IRQHandler) referenced from startup_stm32h723xx.o(RESET)
 <LI><a href="#[56]">DMA2_Stream1_IRQHandler</a> from stm32h7xx_it.o(i.DMA2_Stream1_IRQHandler) referenced from startup_stm32h723xx.o(RESET)
 <LI><a href="#[57]">DMA2_Stream2_IRQHandler</a> from stm32h7xx_it.o(i.DMA2_Stream2_IRQHandler) referenced from startup_stm32h723xx.o(RESET)
 <LI><a href="#[58]">DMA2_Stream3_IRQHandler</a> from stm32h7xx_it.o(i.DMA2_Stream3_IRQHandler) referenced from startup_stm32h723xx.o(RESET)
 <LI><a href="#[59]">DMA2_Stream4_IRQHandler</a> from stm32h7xx_it.o(i.DMA2_Stream4_IRQHandler) referenced from startup_stm32h723xx.o(RESET)
 <LI><a href="#[5d]">DMA2_Stream5_IRQHandler</a> from startup_stm32h723xx.o(.text) referenced from startup_stm32h723xx.o(RESET)
 <LI><a href="#[5e]">DMA2_Stream6_IRQHandler</a> from startup_stm32h723xx.o(.text) referenced from startup_stm32h723xx.o(RESET)
 <LI><a href="#[5f]">DMA2_Stream7_IRQHandler</a> from startup_stm32h723xx.o(.text) referenced from startup_stm32h723xx.o(RESET)
 <LI><a href="#[79]">DMAMUX1_OVR_IRQHandler</a> from startup_stm32h723xx.o(.text) referenced from startup_stm32h723xx.o(RESET)
 <LI><a href="#[88]">DMAMUX2_OVR_IRQHandler</a> from startup_stm32h723xx.o(.text) referenced from startup_stm32h723xx.o(RESET)
 <LI><a href="#[bd]">DM_Motor_Hearbeat</a> from dm_motor.o(i.DM_Motor_Hearbeat) referenced from dm_motor.o(i.DM_Single_Motor_Init)
 <LI><a href="#[5]">DM_Single_Motor_Init</a> from dm_motor.o(i.DM_Single_Motor_Init) referenced 10 times from chassis_motor.o(.data)
 <LI><a href="#[5]">DM_Single_Motor_Init</a> from dm_motor.o(i.DM_Single_Motor_Init) referenced from dm_motor.o(i.Group_Motor_Init)
 <LI><a href="#[bb]">DM_Single_Motor_Set_Angle</a> from dm_motor.o(i.DM_Single_Motor_Set_Angle) referenced from dm_motor.o(i.DM_Single_Motor_Init)
 <LI><a href="#[ba]">DM_Single_Motor_Set_Speed</a> from dm_motor.o(i.DM_Single_Motor_Set_Speed) referenced from dm_motor.o(i.DM_Single_Motor_Init)
 <LI><a href="#[b9]">DM_Single_Motor_Set_Torque</a> from dm_motor.o(i.DM_Single_Motor_Set_Torque) referenced from dm_motor.o(i.DM_Single_Motor_Init)
 <LI><a href="#[b8]">DM_Single_Motor_Sleep</a> from dm_motor.o(i.DM_Single_Motor_Sleep) referenced from dm_motor.o(i.DM_Single_Motor_Init)
 <LI><a href="#[9a]">DTS_IRQHandler</a> from startup_stm32h723xx.o(.text) referenced from startup_stm32h723xx.o(RESET)
 <LI><a href="#[1b]">DebugMon_Handler</a> from stm32h7xx_it.o(i.DebugMon_Handler) referenced from startup_stm32h723xx.o(RESET)
 <LI><a href="#[98]">ECC_IRQHandler</a> from startup_stm32h723xx.o(.text) referenced from startup_stm32h723xx.o(RESET)
 <LI><a href="#[5a]">ETH_IRQHandler</a> from startup_stm32h723xx.o(.text) referenced from startup_stm32h723xx.o(RESET)
 <LI><a href="#[5b]">ETH_WKUP_IRQHandler</a> from startup_stm32h723xx.o(.text) referenced from startup_stm32h723xx.o(RESET)
 <LI><a href="#[24]">EXTI0_IRQHandler</a> from startup_stm32h723xx.o(.text) referenced from startup_stm32h723xx.o(RESET)
 <LI><a href="#[46]">EXTI15_10_IRQHandler</a> from stm32h7xx_it.o(i.EXTI15_10_IRQHandler) referenced from startup_stm32h723xx.o(RESET)
 <LI><a href="#[25]">EXTI1_IRQHandler</a> from startup_stm32h723xx.o(.text) referenced from startup_stm32h723xx.o(RESET)
 <LI><a href="#[26]">EXTI2_IRQHandler</a> from startup_stm32h723xx.o(.text) referenced from startup_stm32h723xx.o(RESET)
 <LI><a href="#[27]">EXTI3_IRQHandler</a> from startup_stm32h723xx.o(.text) referenced from startup_stm32h723xx.o(RESET)
 <LI><a href="#[28]">EXTI4_IRQHandler</a> from startup_stm32h723xx.o(.text) referenced from startup_stm32h723xx.o(RESET)
 <LI><a href="#[35]">EXTI9_5_IRQHandler</a> from startup_stm32h723xx.o(.text) referenced from startup_stm32h723xx.o(RESET)
 <LI><a href="#[a8]">ExitRun0Mode</a> from system_stm32h7xx.o(i.ExitRun0Mode) referenced from startup_stm32h723xx.o(.text)
 <LI><a href="#[31]">FDCAN1_IT0_IRQHandler</a> from stm32h7xx_it.o(i.FDCAN1_IT0_IRQHandler) referenced from startup_stm32h723xx.o(RESET)
 <LI><a href="#[33]">FDCAN1_IT1_IRQHandler</a> from startup_stm32h723xx.o(.text) referenced from startup_stm32h723xx.o(RESET)
 <LI><a href="#[32]">FDCAN2_IT0_IRQHandler</a> from stm32h7xx_it.o(i.FDCAN2_IT0_IRQHandler) referenced from startup_stm32h723xx.o(RESET)
 <LI><a href="#[34]">FDCAN2_IT1_IRQHandler</a> from startup_stm32h723xx.o(.text) referenced from startup_stm32h723xx.o(RESET)
 <LI><a href="#[a3]">FDCAN3_IT0_IRQHandler</a> from stm32h7xx_it.o(i.FDCAN3_IT0_IRQHandler) referenced from startup_stm32h723xx.o(RESET)
 <LI><a href="#[a4]">FDCAN3_IT1_IRQHandler</a> from startup_stm32h723xx.o(.text) referenced from startup_stm32h723xx.o(RESET)
 <LI><a href="#[5c]">FDCAN_CAL_IRQHandler</a> from startup_stm32h723xx.o(.text) referenced from startup_stm32h723xx.o(RESET)
 <LI><a href="#[22]">FLASH_IRQHandler</a> from startup_stm32h723xx.o(.text) referenced from startup_stm32h723xx.o(RESET)
 <LI><a href="#[9d]">FMAC_IRQHandler</a> from startup_stm32h723xx.o(.text) referenced from startup_stm32h723xx.o(RESET)
 <LI><a href="#[4d]">FMC_IRQHandler</a> from startup_stm32h723xx.o(.text) referenced from startup_stm32h723xx.o(RESET)
 <LI><a href="#[69]">FPU_IRQHandler</a> from startup_stm32h723xx.o(.text) referenced from startup_stm32h723xx.o(RESET)
 <LI><a href="#[cb]">Fbl_and_Tp_Mea_Cal</a> from link_calc.o(i.Fbl_and_Tp_Mea_Cal) referenced from link_calc.o(i.Link_Init)
 <LI><a href="#[e2]">Get_LQR_Tp</a> from straight_leg_calc.o(i.Get_LQR_Tp) referenced from straight_leg_calc.o(i.Straight_Leg_Init)
 <LI><a href="#[e1]">Get_LQR_Tw</a> from straight_leg_calc.o(i.Get_LQR_Tw) referenced from straight_leg_calc.o(i.Straight_Leg_Init)
 <LI><a href="#[d5]">Group_Motor_Ctrl</a> from rm_motor.o(i.Group_Motor_Ctrl) referenced from rm_motor.o(i.RM_Group_Motor_Init)
 <LI><a href="#[bf]">Group_Motor_Heartbeat</a> from dm_motor.o(i.Group_Motor_Heartbeat) referenced from dm_motor.o(i.Group_Motor_Init)
 <LI><a href="#[d3]">Group_Motor_Heartbeat</a> from rm_motor.o(i.Group_Motor_Heartbeat) referenced from rm_motor.o(i.RM_Group_Motor_Init)
 <LI><a href="#[6]">Group_Motor_Init</a> from dm_motor.o(i.Group_Motor_Init) referenced 2 times from chassis_motor.o(.data)
 <LI><a href="#[be]">Group_Motor_Set_Torque</a> from dm_motor.o(i.Group_Motor_Set_Torque) referenced from dm_motor.o(i.Group_Motor_Init)
 <LI><a href="#[d2]">Group_Motor_Set_Torque</a> from rm_motor.o(i.Group_Motor_Set_Torque) referenced from rm_motor.o(i.RM_Group_Motor_Init)
 <LI><a href="#[c0]">Group_Motor_Sleep</a> from dm_motor.o(i.Group_Motor_Sleep) referenced from dm_motor.o(i.Group_Motor_Init)
 <LI><a href="#[d4]">Group_Motor_Sleep</a> from rm_motor.o(i.Group_Motor_Sleep) referenced from rm_motor.o(i.RM_Group_Motor_Init)
 <LI><a href="#[86]">HSEM1_IRQHandler</a> from startup_stm32h723xx.o(.text) referenced from startup_stm32h723xx.o(RESET)
 <LI><a href="#[16]">HardFault_Handler</a> from stm32h7xx_it.o(i.HardFault_Handler) referenced from startup_stm32h723xx.o(RESET)
 <LI><a href="#[3e]">I2C1_ER_IRQHandler</a> from startup_stm32h723xx.o(.text) referenced from startup_stm32h723xx.o(RESET)
 <LI><a href="#[3d]">I2C1_EV_IRQHandler</a> from startup_stm32h723xx.o(.text) referenced from startup_stm32h723xx.o(RESET)
 <LI><a href="#[40]">I2C2_ER_IRQHandler</a> from startup_stm32h723xx.o(.text) referenced from startup_stm32h723xx.o(RESET)
 <LI><a href="#[3f]">I2C2_EV_IRQHandler</a> from startup_stm32h723xx.o(.text) referenced from startup_stm32h723xx.o(RESET)
 <LI><a href="#[62]">I2C3_ER_IRQHandler</a> from startup_stm32h723xx.o(.text) referenced from startup_stm32h723xx.o(RESET)
 <LI><a href="#[61]">I2C3_EV_IRQHandler</a> from startup_stm32h723xx.o(.text) referenced from startup_stm32h723xx.o(RESET)
 <LI><a href="#[77]">I2C4_ER_IRQHandler</a> from startup_stm32h723xx.o(.text) referenced from startup_stm32h723xx.o(RESET)
 <LI><a href="#[76]">I2C4_EV_IRQHandler</a> from startup_stm32h723xx.o(.text) referenced from startup_stm32h723xx.o(RESET)
 <LI><a href="#[a2]">I2C5_ER_IRQHandler</a> from startup_stm32h723xx.o(.text) referenced from startup_stm32h723xx.o(RESET)
 <LI><a href="#[a1]">I2C5_EV_IRQHandler</a> from startup_stm32h723xx.o(.text) referenced from startup_stm32h723xx.o(RESET)
 <LI><a href="#[c4]">IMU_QuaternionEKF_F_Linearization_P_Fading</a> from bmi_ekf.o(i.IMU_QuaternionEKF_F_Linearization_P_Fading) referenced from bmi_ekf.o(i.IMU_QuaternionEKF_Init)
 <LI><a href="#[c3]">IMU_QuaternionEKF_Observe</a> from bmi_ekf.o(i.IMU_QuaternionEKF_Observe) referenced from bmi_ekf.o(i.IMU_QuaternionEKF_Init)
 <LI><a href="#[c5]">IMU_QuaternionEKF_SetH</a> from bmi_ekf.o(i.IMU_QuaternionEKF_SetH) referenced from bmi_ekf.o(i.IMU_QuaternionEKF_Init)
 <LI><a href="#[c6]">IMU_QuaternionEKF_xhatUpdate</a> from bmi_ekf.o(i.IMU_QuaternionEKF_xhatUpdate) referenced from bmi_ekf.o(i.IMU_QuaternionEKF_Init)
 <LI><a href="#[c9]">Joint_Torque_Cal</a> from link_calc.o(i.Joint_Torque_Cal) referenced from link_calc.o(i.Link_Init)
 <LI><a href="#[de]">K_Matrix_Fitting_Update</a> from straight_leg_calc.o(i.K_Matrix_Fitting_Update) referenced from straight_leg_calc.o(i.Straight_Leg_Init)
 <LI><a href="#[74]">LPTIM1_IRQHandler</a> from startup_stm32h723xx.o(.text) referenced from startup_stm32h723xx.o(RESET)
 <LI><a href="#[92]">LPTIM2_IRQHandler</a> from startup_stm32h723xx.o(.text) referenced from startup_stm32h723xx.o(RESET)
 <LI><a href="#[93]">LPTIM3_IRQHandler</a> from startup_stm32h723xx.o(.text) referenced from startup_stm32h723xx.o(RESET)
 <LI><a href="#[94]">LPTIM4_IRQHandler</a> from startup_stm32h723xx.o(.text) referenced from startup_stm32h723xx.o(RESET)
 <LI><a href="#[95]">LPTIM5_IRQHandler</a> from startup_stm32h723xx.o(.text) referenced from startup_stm32h723xx.o(RESET)
 <LI><a href="#[96]">LPUART1_IRQHandler</a> from startup_stm32h723xx.o(.text) referenced from startup_stm32h723xx.o(RESET)
 <LI><a href="#[71]">LTDC_ER_IRQHandler</a> from startup_stm32h723xx.o(.text) referenced from startup_stm32h723xx.o(RESET)
 <LI><a href="#[70]">LTDC_IRQHandler</a> from startup_stm32h723xx.o(.text) referenced from startup_stm32h723xx.o(RESET)
 <LI><a href="#[9]">Link_Init</a> from link_calc.o(i.Link_Init) referenced 4 times from link_instance.o(.data)
 <LI><a href="#[c8]">Link_Measure_data_update</a> from link_calc.o(i.Link_Measure_data_update) referenced from link_calc.o(i.Link_Init)
 <LI><a href="#[c7]">Link_Target_data_update</a> from link_calc.o(i.Link_Target_data_update) referenced from link_calc.o(i.Link_Init)
 <LI><a href="#[ca]">Link_Update</a> from link_calc.o(i.Link_Update) referenced from link_calc.o(i.Link_Init)
 <LI><a href="#[83]">MDIOS_IRQHandler</a> from startup_stm32h723xx.o(.text) referenced from startup_stm32h723xx.o(RESET)
 <LI><a href="#[82]">MDIOS_WKUP_IRQHandler</a> from startup_stm32h723xx.o(.text) referenced from startup_stm32h723xx.o(RESET)
 <LI><a href="#[84]">MDMA_IRQHandler</a> from startup_stm32h723xx.o(.text) referenced from startup_stm32h723xx.o(RESET)
 <LI><a href="#[17]">MemManage_Handler</a> from stm32h7xx_it.o(i.MemManage_Handler) referenced from startup_stm32h723xx.o(RESET)
 <LI><a href="#[db]">Motor_Ctrl</a> from rm_motor.o(i.Motor_Ctrl) referenced from rm_motor.o(i.RM_Motor_Init)
 <LI><a href="#[bc]">Motor_ReceiveData</a> from dm_motor.o(i.Motor_ReceiveData) referenced from dm_motor.o(i.DM_Single_Motor_Init)
 <LI><a href="#[da]">Motor_Set_Angle</a> from rm_motor.o(i.Motor_Set_Angle) referenced from rm_motor.o(i.RM_Motor_Init)
 <LI><a href="#[d9]">Motor_Set_Speed</a> from rm_motor.o(i.Motor_Set_Speed) referenced from rm_motor.o(i.RM_Motor_Init)
 <LI><a href="#[d6]">Motor_Set_Torque</a> from rm_motor.o(i.Motor_Set_Torque) referenced from rm_motor.o(i.RM_Motor_Init)
 <LI><a href="#[15]">NMI_Handler</a> from stm32h7xx_it.o(i.NMI_Handler) referenced from startup_stm32h723xx.o(RESET)
 <LI><a href="#[73]">OCTOSPI1_IRQHandler</a> from startup_stm32h723xx.o(.text) referenced from startup_stm32h723xx.o(RESET)
 <LI><a href="#[9c]">OCTOSPI2_IRQHandler</a> from startup_stm32h723xx.o(.text) referenced from startup_stm32h723xx.o(RESET)
 <LI><a href="#[64]">OTG_HS_EP1_IN_IRQHandler</a> from startup_stm32h723xx.o(.text) referenced from startup_stm32h723xx.o(RESET)
 <LI><a href="#[63]">OTG_HS_EP1_OUT_IRQHandler</a> from startup_stm32h723xx.o(.text) referenced from startup_stm32h723xx.o(RESET)
 <LI><a href="#[66]">OTG_HS_IRQHandler</a> from startup_stm32h723xx.o(.text) referenced from startup_stm32h723xx.o(RESET)
 <LI><a href="#[65]">OTG_HS_WKUP_IRQHandler</a> from startup_stm32h723xx.o(.text) referenced from startup_stm32h723xx.o(RESET)
 <LI><a href="#[1f]">PVD_AVD_IRQHandler</a> from startup_stm32h723xx.o(.text) referenced from startup_stm32h723xx.o(RESET)
 <LI><a href="#[1c]">PendSV_Handler</a> from port.o(.emb_text) referenced from startup_stm32h723xx.o(RESET)
 <LI><a href="#[23]">RCC_IRQHandler</a> from startup_stm32h723xx.o(.text) referenced from startup_stm32h723xx.o(RESET)
 <LI><a href="#[4]">RM_Group_Motor_Init</a> from rm_motor.o(i.RM_Group_Motor_Init) referenced 2 times from chassis_motor.o(.data)
 <LI><a href="#[3]">RM_Motor_Init</a> from rm_motor.o(i.RM_Motor_Init) referenced 6 times from chassis_motor.o(.data)
 <LI><a href="#[3]">RM_Motor_Init</a> from rm_motor.o(i.RM_Motor_Init) referenced from rm_motor.o(i.RM_Group_Motor_Init)
 <LI><a href="#[68]">RNG_IRQHandler</a> from startup_stm32h723xx.o(.text) referenced from startup_stm32h723xx.o(RESET)
 <LI><a href="#[47]">RTC_Alarm_IRQHandler</a> from startup_stm32h723xx.o(.text) referenced from startup_stm32h723xx.o(RESET)
 <LI><a href="#[21]">RTC_WKUP_IRQHandler</a> from startup_stm32h723xx.o(.text) referenced from startup_stm32h723xx.o(RESET)
 <LI><a href="#[14]">Reset_Handler</a> from startup_stm32h723xx.o(.text) referenced from startup_stm32h723xx.o(RESET)
 <LI><a href="#[6f]">SAI1_IRQHandler</a> from startup_stm32h723xx.o(.text) referenced from startup_stm32h723xx.o(RESET)
 <LI><a href="#[99]">SAI4_IRQHandler</a> from startup_stm32h723xx.o(.text) referenced from startup_stm32h723xx.o(RESET)
 <LI><a href="#[4e]">SDMMC1_IRQHandler</a> from startup_stm32h723xx.o(.text) referenced from startup_stm32h723xx.o(RESET)
 <LI><a href="#[85]">SDMMC2_IRQHandler</a> from startup_stm32h723xx.o(.text) referenced from startup_stm32h723xx.o(RESET)
 <LI><a href="#[78]">SPDIF_RX_IRQHandler</a> from startup_stm32h723xx.o(.text) referenced from startup_stm32h723xx.o(RESET)
 <LI><a href="#[41]">SPI1_IRQHandler</a> from startup_stm32h723xx.o(.text) referenced from startup_stm32h723xx.o(RESET)
 <LI><a href="#[42]">SPI2_IRQHandler</a> from stm32h7xx_it.o(i.SPI2_IRQHandler) referenced from startup_stm32h723xx.o(RESET)
 <LI><a href="#[50]">SPI3_IRQHandler</a> from startup_stm32h723xx.o(.text) referenced from startup_stm32h723xx.o(RESET)
 <LI><a href="#[6c]">SPI4_IRQHandler</a> from startup_stm32h723xx.o(.text) referenced from startup_stm32h723xx.o(RESET)
 <LI><a href="#[6d]">SPI5_IRQHandler</a> from startup_stm32h723xx.o(.text) referenced from startup_stm32h723xx.o(RESET)
 <LI><a href="#[6e]">SPI6_IRQHandler</a> from stm32h7xx_it.o(i.SPI6_IRQHandler) referenced from startup_stm32h723xx.o(RESET)
 <LI><a href="#[c1]">SPI_DMAAbortOnError</a> from stm32h7xx_hal_spi.o(i.SPI_DMAAbortOnError) referenced from stm32h7xx_hal_spi.o(i.HAL_SPI_IRQHandler)
 <LI><a href="#[1a]">SVC_Handler</a> from port.o(.emb_text) referenced from startup_stm32h723xx.o(RESET)
 <LI><a href="#[7e]">SWPMI1_IRQHandler</a> from startup_stm32h723xx.o(.text) referenced from startup_stm32h723xx.o(RESET)
 <LI><a href="#[d8]">Single_Motor_Sleep</a> from rm_motor.o(i.Single_Motor_Sleep) referenced from rm_motor.o(i.RM_Motor_Init)
 <LI><a href="#[ce]">StartCommandTask</a> from command_task.o(i.StartCommandTask) referenced from freertos.o(i.MX_FREERTOS_Init)
 <LI><a href="#[d1]">StartConnectTask</a> from connect_task.o(i.StartConnectTask) referenced from freertos.o(i.MX_FREERTOS_Init)
 <LI><a href="#[cd]">StartCtrlTask</a> from control_task.o(i.StartCtrlTask) referenced from freertos.o(i.MX_FREERTOS_Init)
 <LI><a href="#[cc]">StartMonitorTask</a> from monitor_task.o(i.StartMonitorTask) referenced from freertos.o(i.MX_FREERTOS_Init)
 <LI><a href="#[d0]">StartUITask</a> from ui_task.o(i.StartUITask) referenced from freertos.o(i.MX_FREERTOS_Init)
 <LI><a href="#[cf]">StartUpdataTask</a> from observe_task.o(i.StartUpdataTask) referenced from freertos.o(i.MX_FREERTOS_Init)
 <LI><a href="#[e0]">Straight_Leg_External_data_update</a> from straight_leg_calc.o(i.Straight_Leg_External_data_update) referenced from straight_leg_calc.o(i.Straight_Leg_Init)
 <LI><a href="#[8]">Straight_Leg_Init</a> from straight_leg_calc.o(i.Straight_Leg_Init) referenced 4 times from straight_instance.o(.data)
 <LI><a href="#[df]">Straight_Leg_Target_State_update</a> from straight_leg_calc.o(i.Straight_Leg_Target_State_update) referenced from straight_leg_calc.o(i.Straight_Leg_Init)
 <LI><a href="#[dd]">Straight_Leg_Torque_Cal</a> from straight_leg_calc.o(i.Straight_Leg_Torque_Cal) referenced from straight_leg_calc.o(i.Straight_Leg_Init)
 <LI><a href="#[1d]">SysTick_Handler</a> from cmsis_os2.o(i.SysTick_Handler) referenced from startup_stm32h723xx.o(RESET)
 <LI><a href="#[a9]">SystemInit</a> from system_stm32h7xx.o(i.SystemInit) referenced from startup_stm32h723xx.o(.text)
 <LI><a href="#[20]">TAMP_STAMP_IRQHandler</a> from startup_stm32h723xx.o(.text) referenced from startup_stm32h723xx.o(RESET)
 <LI><a href="#[7f]">TIM15_IRQHandler</a> from startup_stm32h723xx.o(.text) referenced from startup_stm32h723xx.o(RESET)
 <LI><a href="#[80]">TIM16_IRQHandler</a> from startup_stm32h723xx.o(.text) referenced from startup_stm32h723xx.o(RESET)
 <LI><a href="#[81]">TIM17_IRQHandler</a> from startup_stm32h723xx.o(.text) referenced from startup_stm32h723xx.o(RESET)
 <LI><a href="#[36]">TIM1_BRK_IRQHandler</a> from startup_stm32h723xx.o(.text) referenced from startup_stm32h723xx.o(RESET)
 <LI><a href="#[39]">TIM1_CC_IRQHandler</a> from startup_stm32h723xx.o(.text) referenced from startup_stm32h723xx.o(RESET)
 <LI><a href="#[38]">TIM1_TRG_COM_IRQHandler</a> from startup_stm32h723xx.o(.text) referenced from startup_stm32h723xx.o(RESET)
 <LI><a href="#[37]">TIM1_UP_IRQHandler</a> from startup_stm32h723xx.o(.text) referenced from startup_stm32h723xx.o(RESET)
 <LI><a href="#[a5]">TIM23_IRQHandler</a> from startup_stm32h723xx.o(.text) referenced from startup_stm32h723xx.o(RESET)
 <LI><a href="#[a6]">TIM24_IRQHandler</a> from startup_stm32h723xx.o(.text) referenced from startup_stm32h723xx.o(RESET)
 <LI><a href="#[3a]">TIM2_IRQHandler</a> from stm32h7xx_it.o(i.TIM2_IRQHandler) referenced from startup_stm32h723xx.o(RESET)
 <LI><a href="#[3b]">TIM3_IRQHandler</a> from startup_stm32h723xx.o(.text) referenced from startup_stm32h723xx.o(RESET)
 <LI><a href="#[3c]">TIM4_IRQHandler</a> from startup_stm32h723xx.o(.text) referenced from startup_stm32h723xx.o(RESET)
 <LI><a href="#[4f]">TIM5_IRQHandler</a> from startup_stm32h723xx.o(.text) referenced from startup_stm32h723xx.o(RESET)
 <LI><a href="#[53]">TIM6_DAC_IRQHandler</a> from startup_stm32h723xx.o(.text) referenced from startup_stm32h723xx.o(RESET)
 <LI><a href="#[54]">TIM7_IRQHandler</a> from startup_stm32h723xx.o(.text) referenced from startup_stm32h723xx.o(RESET)
 <LI><a href="#[48]">TIM8_BRK_TIM12_IRQHandler</a> from startup_stm32h723xx.o(.text) referenced from startup_stm32h723xx.o(RESET)
 <LI><a href="#[4b]">TIM8_CC_IRQHandler</a> from startup_stm32h723xx.o(.text) referenced from startup_stm32h723xx.o(RESET)
 <LI><a href="#[4a]">TIM8_TRG_COM_TIM14_IRQHandler</a> from startup_stm32h723xx.o(.text) referenced from startup_stm32h723xx.o(RESET)
 <LI><a href="#[49]">TIM8_UP_TIM13_IRQHandler</a> from startup_stm32h723xx.o(.text) referenced from startup_stm32h723xx.o(RESET)
 <LI><a href="#[51]">UART4_IRQHandler</a> from startup_stm32h723xx.o(.text) referenced from startup_stm32h723xx.o(RESET)
 <LI><a href="#[52]">UART5_IRQHandler</a> from stm32h7xx_it.o(i.UART5_IRQHandler) referenced from startup_stm32h723xx.o(RESET)
 <LI><a href="#[6a]">UART7_IRQHandler</a> from startup_stm32h723xx.o(.text) referenced from startup_stm32h723xx.o(RESET)
 <LI><a href="#[6b]">UART8_IRQHandler</a> from stm32h7xx_it.o(i.UART8_IRQHandler) referenced from startup_stm32h723xx.o(RESET)
 <LI><a href="#[9f]">UART9_IRQHandler</a> from stm32h7xx_it.o(i.UART9_IRQHandler) referenced from startup_stm32h723xx.o(RESET)
 <LI><a href="#[c2]">UART_DMAAbortOnError</a> from stm32h7xx_hal_uart.o(i.UART_DMAAbortOnError) referenced from stm32h7xx_hal_uart.o(i.HAL_UART_IRQHandler)
 <LI><a href="#[e5]">UART_DMAError</a> from stm32h7xx_hal_uart.o(i.UART_DMAError) referenced from stm32h7xx_hal_uart.o(i.UART_Start_Receive_DMA)
 <LI><a href="#[e3]">UART_DMAReceiveCplt</a> from stm32h7xx_hal_uart.o(i.UART_DMAReceiveCplt) referenced from stm32h7xx_hal_uart.o(i.UART_Start_Receive_DMA)
 <LI><a href="#[e4]">UART_DMARxHalfCplt</a> from stm32h7xx_hal_uart.o(i.UART_DMARxHalfCplt) referenced from stm32h7xx_hal_uart.o(i.UART_Start_Receive_DMA)
 <LI><a href="#[a0]">USART10_IRQHandler</a> from stm32h7xx_it.o(i.USART10_IRQHandler) referenced from startup_stm32h723xx.o(RESET)
 <LI><a href="#[43]">USART1_IRQHandler</a> from stm32h7xx_it.o(i.USART1_IRQHandler) referenced from startup_stm32h723xx.o(RESET)
 <LI><a href="#[44]">USART2_IRQHandler</a> from startup_stm32h723xx.o(.text) referenced from startup_stm32h723xx.o(RESET)
 <LI><a href="#[45]">USART3_IRQHandler</a> from startup_stm32h723xx.o(.text) referenced from startup_stm32h723xx.o(RESET)
 <LI><a href="#[60]">USART6_IRQHandler</a> from startup_stm32h723xx.o(.text) referenced from startup_stm32h723xx.o(RESET)
 <LI><a href="#[19]">UsageFault_Handler</a> from stm32h7xx_it.o(i.UsageFault_Handler) referenced from startup_stm32h723xx.o(RESET)
 <LI><a href="#[9b]">WAKEUP_PIN_IRQHandler</a> from startup_stm32h723xx.o(.text) referenced from startup_stm32h723xx.o(RESET)
 <LI><a href="#[1e]">WWDG_IRQHandler</a> from startup_stm32h723xx.o(.text) referenced from startup_stm32h723xx.o(RESET)
 <LI><a href="#[aa]">__main</a> from entry.o(.ARM.Collect$$$$00000000) referenced from startup_stm32h723xx.o(.text)
 <LI><a href="#[ac]">cap_update</a> from cap_protocol.o(i.cap_update) referenced from cap.o(i.Cap_Init)
 <LI><a href="#[d]">imu_heart_beat</a> from imu_sensor.o(i.imu_heart_beat) referenced 2 times from imu_sensor.o(.data)
 <LI><a href="#[b]">imu_init</a> from imu_sensor.o(i.imu_init) referenced 2 times from imu_sensor.o(.data)
 <LI><a href="#[e]">imu_set_temperature</a> from imu_sensor.o(i.imu_set_temperature) referenced 2 times from imu_sensor.o(.data)
 <LI><a href="#[c]">imu_update</a> from imu_sensor.o(i.imu_update) referenced 2 times from imu_sensor.o(.data)
 <LI><a href="#[a7]">main</a> from main.o(i.main) referenced from entry9a.o(.ARM.Collect$$$$0000000B)
 <LI><a href="#[e7]">prvIdleTask</a> from tasks.o(i.prvIdleTask) referenced from tasks.o(i.vTaskStartScheduler)
 <LI><a href="#[e6]">prvTaskExitError</a> from port.o(i.prvTaskExitError) referenced from port.o(i.pxPortInitialiseStack)
 <LI><a href="#[e8]">prvTimerTask</a> from timers.o(i.prvTimerTask) referenced from timers.o(i.xTimerCreateTimerTask)
 <LI><a href="#[11]">rc_sensor_check</a> from rc_sensor.o(i.rc_sensor_check) referenced 2 times from rc_sensor.o(.data)
 <LI><a href="#[12]">rc_sensor_heart_beat</a> from rc_sensor.o(i.rc_sensor_heart_beat) referenced 2 times from rc_sensor.o(.data)
 <LI><a href="#[f]">rc_sensor_init</a> from rc_protocol.o(i.rc_sensor_init) referenced 2 times from rc_sensor.o(.data)
 <LI><a href="#[10]">rc_sensor_update</a> from rc_protocol.o(i.rc_sensor_update) referenced 2 times from rc_sensor.o(.data)
 <LI><a href="#[d7]">rm_motor_heart_beat</a> from rm_motor.o(i.rm_motor_heart_beat) referenced from rm_motor.o(i.RM_Motor_Init)
 <LI><a href="#[dc]">rm_motor_update</a> from rm_motor.o(i.rm_motor_update) referenced from rm_motor.o(i.RM_Motor_Init)
</UL>
<P>
<H3>
Global Symbols
</H3>
<P><STRONG><a name="[aa]"></a>__main</STRONG> (Thumb, 0 bytes, Stack size unknown bytes, entry.o(.ARM.Collect$$$$00000000))
<BR>[Address Reference Count : 1]<UL><LI> startup_stm32h723xx.o(.text)
</UL>
<P><STRONG><a name="[2b9]"></a>_main_stk</STRONG> (Thumb, 0 bytes, Stack size unknown bytes, entry2.o(.ARM.Collect$$$$00000001))

<P><STRONG><a name="[e9]"></a>_main_scatterload</STRONG> (Thumb, 0 bytes, Stack size unknown bytes, entry5.o(.ARM.Collect$$$$00000004))
<BR><BR>[Calls]<UL><LI><a href="#[ea]">&gt;&gt;</a>&nbsp;&nbsp;&nbsp;__scatterload
</UL>

<P><STRONG><a name="[f2]"></a>__main_after_scatterload</STRONG> (Thumb, 0 bytes, Stack size unknown bytes, entry5.o(.ARM.Collect$$$$00000004))
<BR><BR>[Called By]<UL><LI><a href="#[ea]">&gt;&gt;</a>&nbsp;&nbsp;&nbsp;__scatterload
</UL>

<P><STRONG><a name="[2ba]"></a>_main_clock</STRONG> (Thumb, 0 bytes, Stack size unknown bytes, entry7b.o(.ARM.Collect$$$$00000008))

<P><STRONG><a name="[2bb]"></a>_main_cpp_init</STRONG> (Thumb, 0 bytes, Stack size unknown bytes, entry8b.o(.ARM.Collect$$$$0000000A))

<P><STRONG><a name="[2bc]"></a>_main_init</STRONG> (Thumb, 0 bytes, Stack size unknown bytes, entry9a.o(.ARM.Collect$$$$0000000B))

<P><STRONG><a name="[2bd]"></a>__rt_final_cpp</STRONG> (Thumb, 0 bytes, Stack size unknown bytes, entry10a.o(.ARM.Collect$$$$0000000D))

<P><STRONG><a name="[2be]"></a>__rt_final_exit</STRONG> (Thumb, 0 bytes, Stack size unknown bytes, entry11a.o(.ARM.Collect$$$$0000000F))

<P><STRONG><a name="[1a]"></a>SVC_Handler</STRONG> (Thumb, 28 bytes, Stack size 0 bytes, port.o(.emb_text))
<BR>[Address Reference Count : 1]<UL><LI> startup_stm32h723xx.o(RESET)
</UL>
<P><STRONG><a name="[2af]"></a>__asm___6_port_c_39a90d8d__prvStartFirstTask</STRONG> (Thumb, 36 bytes, Stack size 0 bytes, port.o(.emb_text))
<BR><BR>[Called By]<UL><LI><a href="#[2ac]">&gt;&gt;</a>&nbsp;&nbsp;&nbsp;xPortStartScheduler
</UL>

<P><STRONG><a name="[2ae]"></a>__asm___6_port_c_39a90d8d__prvEnableVFP</STRONG> (Thumb, 16 bytes, Stack size 0 bytes, port.o(.emb_text))
<BR><BR>[Called By]<UL><LI><a href="#[2ac]">&gt;&gt;</a>&nbsp;&nbsp;&nbsp;xPortStartScheduler
</UL>

<P><STRONG><a name="[1c]"></a>PendSV_Handler</STRONG> (Thumb, 88 bytes, Stack size 0 bytes, port.o(.emb_text))
<BR><BR>[Stack]<UL><LI>Max Depth = 8<LI>Call Chain = PendSV_Handler &rArr; vTaskSwitchContext
</UL>
<BR>[Calls]<UL><LI><a href="#[eb]">&gt;&gt;</a>&nbsp;&nbsp;&nbsp;vTaskSwitchContext
</UL>
<BR>[Address Reference Count : 1]<UL><LI> startup_stm32h723xx.o(RESET)
</UL>
<P><STRONG><a name="[2a6]"></a>vPortGetIPSR</STRONG> (Thumb, 6 bytes, Stack size 0 bytes, port.o(.emb_text))
<BR><BR>[Called By]<UL><LI><a href="#[2a5]">&gt;&gt;</a>&nbsp;&nbsp;&nbsp;vPortValidateInterruptPriority
</UL>

<P><STRONG><a name="[14]"></a>Reset_Handler</STRONG> (Thumb, 12 bytes, Stack size 0 bytes, startup_stm32h723xx.o(.text))
<BR>[Address Reference Count : 1]<UL><LI> startup_stm32h723xx.o(RESET)
</UL>
<P><STRONG><a name="[87]"></a>ADC3_IRQHandler</STRONG> (Thumb, 0 bytes, Stack size 0 bytes, startup_stm32h723xx.o(.text))
<BR><BR>[Calls]<UL><LI><a href="#[87]">&gt;&gt;</a>&nbsp;&nbsp;&nbsp;ADC3_IRQHandler
</UL>
<BR>[Called By]<UL><LI><a href="#[87]">&gt;&gt;</a>&nbsp;&nbsp;&nbsp;ADC3_IRQHandler
</UL>
<BR>[Address Reference Count : 1]<UL><LI> startup_stm32h723xx.o(RESET)
</UL>
<P><STRONG><a name="[30]"></a>ADC_IRQHandler</STRONG> (Thumb, 0 bytes, Stack size 0 bytes, startup_stm32h723xx.o(.text))
<BR>[Address Reference Count : 1]<UL><LI> startup_stm32h723xx.o(RESET)
</UL>
<P><STRONG><a name="[89]"></a>BDMA_Channel0_IRQHandler</STRONG> (Thumb, 0 bytes, Stack size 0 bytes, startup_stm32h723xx.o(.text))
<BR>[Address Reference Count : 1]<UL><LI> startup_stm32h723xx.o(RESET)
</UL>
<P><STRONG><a name="[8a]"></a>BDMA_Channel1_IRQHandler</STRONG> (Thumb, 0 bytes, Stack size 0 bytes, startup_stm32h723xx.o(.text))
<BR>[Address Reference Count : 1]<UL><LI> startup_stm32h723xx.o(RESET)
</UL>
<P><STRONG><a name="[8b]"></a>BDMA_Channel2_IRQHandler</STRONG> (Thumb, 0 bytes, Stack size 0 bytes, startup_stm32h723xx.o(.text))
<BR>[Address Reference Count : 1]<UL><LI> startup_stm32h723xx.o(RESET)
</UL>
<P><STRONG><a name="[8c]"></a>BDMA_Channel3_IRQHandler</STRONG> (Thumb, 0 bytes, Stack size 0 bytes, startup_stm32h723xx.o(.text))
<BR>[Address Reference Count : 1]<UL><LI> startup_stm32h723xx.o(RESET)
</UL>
<P><STRONG><a name="[8d]"></a>BDMA_Channel4_IRQHandler</STRONG> (Thumb, 0 bytes, Stack size 0 bytes, startup_stm32h723xx.o(.text))
<BR>[Address Reference Count : 1]<UL><LI> startup_stm32h723xx.o(RESET)
</UL>
<P><STRONG><a name="[8e]"></a>BDMA_Channel5_IRQHandler</STRONG> (Thumb, 0 bytes, Stack size 0 bytes, startup_stm32h723xx.o(.text))
<BR>[Address Reference Count : 1]<UL><LI> startup_stm32h723xx.o(RESET)
</UL>
<P><STRONG><a name="[8f]"></a>BDMA_Channel6_IRQHandler</STRONG> (Thumb, 0 bytes, Stack size 0 bytes, startup_stm32h723xx.o(.text))
<BR>[Address Reference Count : 1]<UL><LI> startup_stm32h723xx.o(RESET)
</UL>
<P><STRONG><a name="[90]"></a>BDMA_Channel7_IRQHandler</STRONG> (Thumb, 0 bytes, Stack size 0 bytes, startup_stm32h723xx.o(.text))
<BR>[Address Reference Count : 1]<UL><LI> startup_stm32h723xx.o(RESET)
</UL>
<P><STRONG><a name="[75]"></a>CEC_IRQHandler</STRONG> (Thumb, 0 bytes, Stack size 0 bytes, startup_stm32h723xx.o(.text))
<BR>[Address Reference Count : 1]<UL><LI> startup_stm32h723xx.o(RESET)
</UL>
<P><STRONG><a name="[91]"></a>COMP1_IRQHandler</STRONG> (Thumb, 0 bytes, Stack size 0 bytes, startup_stm32h723xx.o(.text))
<BR>[Address Reference Count : 1]<UL><LI> startup_stm32h723xx.o(RESET)
</UL>
<P><STRONG><a name="[9e]"></a>CORDIC_IRQHandler</STRONG> (Thumb, 0 bytes, Stack size 0 bytes, startup_stm32h723xx.o(.text))
<BR>[Address Reference Count : 1]<UL><LI> startup_stm32h723xx.o(RESET)
</UL>
<P><STRONG><a name="[97]"></a>CRS_IRQHandler</STRONG> (Thumb, 0 bytes, Stack size 0 bytes, startup_stm32h723xx.o(.text))
<BR>[Address Reference Count : 1]<UL><LI> startup_stm32h723xx.o(RESET)
</UL>
<P><STRONG><a name="[67]"></a>DCMI_PSSI_IRQHandler</STRONG> (Thumb, 0 bytes, Stack size 0 bytes, startup_stm32h723xx.o(.text))
<BR>[Address Reference Count : 1]<UL><LI> startup_stm32h723xx.o(RESET)
</UL>
<P><STRONG><a name="[7a]"></a>DFSDM1_FLT0_IRQHandler</STRONG> (Thumb, 0 bytes, Stack size 0 bytes, startup_stm32h723xx.o(.text))
<BR>[Address Reference Count : 1]<UL><LI> startup_stm32h723xx.o(RESET)
</UL>
<P><STRONG><a name="[7b]"></a>DFSDM1_FLT1_IRQHandler</STRONG> (Thumb, 0 bytes, Stack size 0 bytes, startup_stm32h723xx.o(.text))
<BR>[Address Reference Count : 1]<UL><LI> startup_stm32h723xx.o(RESET)
</UL>
<P><STRONG><a name="[7c]"></a>DFSDM1_FLT2_IRQHandler</STRONG> (Thumb, 0 bytes, Stack size 0 bytes, startup_stm32h723xx.o(.text))
<BR>[Address Reference Count : 1]<UL><LI> startup_stm32h723xx.o(RESET)
</UL>
<P><STRONG><a name="[7d]"></a>DFSDM1_FLT3_IRQHandler</STRONG> (Thumb, 0 bytes, Stack size 0 bytes, startup_stm32h723xx.o(.text))
<BR>[Address Reference Count : 1]<UL><LI> startup_stm32h723xx.o(RESET)
</UL>
<P><STRONG><a name="[72]"></a>DMA2D_IRQHandler</STRONG> (Thumb, 0 bytes, Stack size 0 bytes, startup_stm32h723xx.o(.text))
<BR>[Address Reference Count : 1]<UL><LI> startup_stm32h723xx.o(RESET)
</UL>
<P><STRONG><a name="[5d]"></a>DMA2_Stream5_IRQHandler</STRONG> (Thumb, 0 bytes, Stack size 0 bytes, startup_stm32h723xx.o(.text))
<BR>[Address Reference Count : 1]<UL><LI> startup_stm32h723xx.o(RESET)
</UL>
<P><STRONG><a name="[5e]"></a>DMA2_Stream6_IRQHandler</STRONG> (Thumb, 0 bytes, Stack size 0 bytes, startup_stm32h723xx.o(.text))
<BR>[Address Reference Count : 1]<UL><LI> startup_stm32h723xx.o(RESET)
</UL>
<P><STRONG><a name="[5f]"></a>DMA2_Stream7_IRQHandler</STRONG> (Thumb, 0 bytes, Stack size 0 bytes, startup_stm32h723xx.o(.text))
<BR>[Address Reference Count : 1]<UL><LI> startup_stm32h723xx.o(RESET)
</UL>
<P><STRONG><a name="[79]"></a>DMAMUX1_OVR_IRQHandler</STRONG> (Thumb, 0 bytes, Stack size 0 bytes, startup_stm32h723xx.o(.text))
<BR>[Address Reference Count : 1]<UL><LI> startup_stm32h723xx.o(RESET)
</UL>
<P><STRONG><a name="[88]"></a>DMAMUX2_OVR_IRQHandler</STRONG> (Thumb, 0 bytes, Stack size 0 bytes, startup_stm32h723xx.o(.text))
<BR>[Address Reference Count : 1]<UL><LI> startup_stm32h723xx.o(RESET)
</UL>
<P><STRONG><a name="[9a]"></a>DTS_IRQHandler</STRONG> (Thumb, 0 bytes, Stack size 0 bytes, startup_stm32h723xx.o(.text))
<BR>[Address Reference Count : 1]<UL><LI> startup_stm32h723xx.o(RESET)
</UL>
<P><STRONG><a name="[98]"></a>ECC_IRQHandler</STRONG> (Thumb, 0 bytes, Stack size 0 bytes, startup_stm32h723xx.o(.text))
<BR>[Address Reference Count : 1]<UL><LI> startup_stm32h723xx.o(RESET)
</UL>
<P><STRONG><a name="[5a]"></a>ETH_IRQHandler</STRONG> (Thumb, 0 bytes, Stack size 0 bytes, startup_stm32h723xx.o(.text))
<BR>[Address Reference Count : 1]<UL><LI> startup_stm32h723xx.o(RESET)
</UL>
<P><STRONG><a name="[5b]"></a>ETH_WKUP_IRQHandler</STRONG> (Thumb, 0 bytes, Stack size 0 bytes, startup_stm32h723xx.o(.text))
<BR>[Address Reference Count : 1]<UL><LI> startup_stm32h723xx.o(RESET)
</UL>
<P><STRONG><a name="[24]"></a>EXTI0_IRQHandler</STRONG> (Thumb, 0 bytes, Stack size 0 bytes, startup_stm32h723xx.o(.text))
<BR>[Address Reference Count : 1]<UL><LI> startup_stm32h723xx.o(RESET)
</UL>
<P><STRONG><a name="[25]"></a>EXTI1_IRQHandler</STRONG> (Thumb, 0 bytes, Stack size 0 bytes, startup_stm32h723xx.o(.text))
<BR>[Address Reference Count : 1]<UL><LI> startup_stm32h723xx.o(RESET)
</UL>
<P><STRONG><a name="[26]"></a>EXTI2_IRQHandler</STRONG> (Thumb, 0 bytes, Stack size 0 bytes, startup_stm32h723xx.o(.text))
<BR>[Address Reference Count : 1]<UL><LI> startup_stm32h723xx.o(RESET)
</UL>
<P><STRONG><a name="[27]"></a>EXTI3_IRQHandler</STRONG> (Thumb, 0 bytes, Stack size 0 bytes, startup_stm32h723xx.o(.text))
<BR>[Address Reference Count : 1]<UL><LI> startup_stm32h723xx.o(RESET)
</UL>
<P><STRONG><a name="[28]"></a>EXTI4_IRQHandler</STRONG> (Thumb, 0 bytes, Stack size 0 bytes, startup_stm32h723xx.o(.text))
<BR>[Address Reference Count : 1]<UL><LI> startup_stm32h723xx.o(RESET)
</UL>
<P><STRONG><a name="[35]"></a>EXTI9_5_IRQHandler</STRONG> (Thumb, 0 bytes, Stack size 0 bytes, startup_stm32h723xx.o(.text))
<BR>[Address Reference Count : 1]<UL><LI> startup_stm32h723xx.o(RESET)
</UL>
<P><STRONG><a name="[33]"></a>FDCAN1_IT1_IRQHandler</STRONG> (Thumb, 0 bytes, Stack size 0 bytes, startup_stm32h723xx.o(.text))
<BR>[Address Reference Count : 1]<UL><LI> startup_stm32h723xx.o(RESET)
</UL>
<P><STRONG><a name="[34]"></a>FDCAN2_IT1_IRQHandler</STRONG> (Thumb, 0 bytes, Stack size 0 bytes, startup_stm32h723xx.o(.text))
<BR>[Address Reference Count : 1]<UL><LI> startup_stm32h723xx.o(RESET)
</UL>
<P><STRONG><a name="[a4]"></a>FDCAN3_IT1_IRQHandler</STRONG> (Thumb, 0 bytes, Stack size 0 bytes, startup_stm32h723xx.o(.text))
<BR>[Address Reference Count : 1]<UL><LI> startup_stm32h723xx.o(RESET)
</UL>
<P><STRONG><a name="[5c]"></a>FDCAN_CAL_IRQHandler</STRONG> (Thumb, 0 bytes, Stack size 0 bytes, startup_stm32h723xx.o(.text))
<BR>[Address Reference Count : 1]<UL><LI> startup_stm32h723xx.o(RESET)
</UL>
<P><STRONG><a name="[22]"></a>FLASH_IRQHandler</STRONG> (Thumb, 0 bytes, Stack size 0 bytes, startup_stm32h723xx.o(.text))
<BR>[Address Reference Count : 1]<UL><LI> startup_stm32h723xx.o(RESET)
</UL>
<P><STRONG><a name="[9d]"></a>FMAC_IRQHandler</STRONG> (Thumb, 0 bytes, Stack size 0 bytes, startup_stm32h723xx.o(.text))
<BR>[Address Reference Count : 1]<UL><LI> startup_stm32h723xx.o(RESET)
</UL>
<P><STRONG><a name="[4d]"></a>FMC_IRQHandler</STRONG> (Thumb, 0 bytes, Stack size 0 bytes, startup_stm32h723xx.o(.text))
<BR>[Address Reference Count : 1]<UL><LI> startup_stm32h723xx.o(RESET)
</UL>
<P><STRONG><a name="[69]"></a>FPU_IRQHandler</STRONG> (Thumb, 0 bytes, Stack size 0 bytes, startup_stm32h723xx.o(.text))
<BR>[Address Reference Count : 1]<UL><LI> startup_stm32h723xx.o(RESET)
</UL>
<P><STRONG><a name="[86]"></a>HSEM1_IRQHandler</STRONG> (Thumb, 0 bytes, Stack size 0 bytes, startup_stm32h723xx.o(.text))
<BR>[Address Reference Count : 1]<UL><LI> startup_stm32h723xx.o(RESET)
</UL>
<P><STRONG><a name="[3e]"></a>I2C1_ER_IRQHandler</STRONG> (Thumb, 0 bytes, Stack size 0 bytes, startup_stm32h723xx.o(.text))
<BR>[Address Reference Count : 1]<UL><LI> startup_stm32h723xx.o(RESET)
</UL>
<P><STRONG><a name="[3d]"></a>I2C1_EV_IRQHandler</STRONG> (Thumb, 0 bytes, Stack size 0 bytes, startup_stm32h723xx.o(.text))
<BR>[Address Reference Count : 1]<UL><LI> startup_stm32h723xx.o(RESET)
</UL>
<P><STRONG><a name="[40]"></a>I2C2_ER_IRQHandler</STRONG> (Thumb, 0 bytes, Stack size 0 bytes, startup_stm32h723xx.o(.text))
<BR>[Address Reference Count : 1]<UL><LI> startup_stm32h723xx.o(RESET)
</UL>
<P><STRONG><a name="[3f]"></a>I2C2_EV_IRQHandler</STRONG> (Thumb, 0 bytes, Stack size 0 bytes, startup_stm32h723xx.o(.text))
<BR>[Address Reference Count : 1]<UL><LI> startup_stm32h723xx.o(RESET)
</UL>
<P><STRONG><a name="[62]"></a>I2C3_ER_IRQHandler</STRONG> (Thumb, 0 bytes, Stack size 0 bytes, startup_stm32h723xx.o(.text))
<BR>[Address Reference Count : 1]<UL><LI> startup_stm32h723xx.o(RESET)
</UL>
<P><STRONG><a name="[61]"></a>I2C3_EV_IRQHandler</STRONG> (Thumb, 0 bytes, Stack size 0 bytes, startup_stm32h723xx.o(.text))
<BR>[Address Reference Count : 1]<UL><LI> startup_stm32h723xx.o(RESET)
</UL>
<P><STRONG><a name="[77]"></a>I2C4_ER_IRQHandler</STRONG> (Thumb, 0 bytes, Stack size 0 bytes, startup_stm32h723xx.o(.text))
<BR>[Address Reference Count : 1]<UL><LI> startup_stm32h723xx.o(RESET)
</UL>
<P><STRONG><a name="[76]"></a>I2C4_EV_IRQHandler</STRONG> (Thumb, 0 bytes, Stack size 0 bytes, startup_stm32h723xx.o(.text))
<BR>[Address Reference Count : 1]<UL><LI> startup_stm32h723xx.o(RESET)
</UL>
<P><STRONG><a name="[a2]"></a>I2C5_ER_IRQHandler</STRONG> (Thumb, 0 bytes, Stack size 0 bytes, startup_stm32h723xx.o(.text))
<BR>[Address Reference Count : 1]<UL><LI> startup_stm32h723xx.o(RESET)
</UL>
<P><STRONG><a name="[a1]"></a>I2C5_EV_IRQHandler</STRONG> (Thumb, 0 bytes, Stack size 0 bytes, startup_stm32h723xx.o(.text))
<BR>[Address Reference Count : 1]<UL><LI> startup_stm32h723xx.o(RESET)
</UL>
<P><STRONG><a name="[74]"></a>LPTIM1_IRQHandler</STRONG> (Thumb, 0 bytes, Stack size 0 bytes, startup_stm32h723xx.o(.text))
<BR>[Address Reference Count : 1]<UL><LI> startup_stm32h723xx.o(RESET)
</UL>
<P><STRONG><a name="[92]"></a>LPTIM2_IRQHandler</STRONG> (Thumb, 0 bytes, Stack size 0 bytes, startup_stm32h723xx.o(.text))
<BR>[Address Reference Count : 1]<UL><LI> startup_stm32h723xx.o(RESET)
</UL>
<P><STRONG><a name="[93]"></a>LPTIM3_IRQHandler</STRONG> (Thumb, 0 bytes, Stack size 0 bytes, startup_stm32h723xx.o(.text))
<BR>[Address Reference Count : 1]<UL><LI> startup_stm32h723xx.o(RESET)
</UL>
<P><STRONG><a name="[94]"></a>LPTIM4_IRQHandler</STRONG> (Thumb, 0 bytes, Stack size 0 bytes, startup_stm32h723xx.o(.text))
<BR>[Address Reference Count : 1]<UL><LI> startup_stm32h723xx.o(RESET)
</UL>
<P><STRONG><a name="[95]"></a>LPTIM5_IRQHandler</STRONG> (Thumb, 0 bytes, Stack size 0 bytes, startup_stm32h723xx.o(.text))
<BR>[Address Reference Count : 1]<UL><LI> startup_stm32h723xx.o(RESET)
</UL>
<P><STRONG><a name="[96]"></a>LPUART1_IRQHandler</STRONG> (Thumb, 0 bytes, Stack size 0 bytes, startup_stm32h723xx.o(.text))
<BR>[Address Reference Count : 1]<UL><LI> startup_stm32h723xx.o(RESET)
</UL>
<P><STRONG><a name="[71]"></a>LTDC_ER_IRQHandler</STRONG> (Thumb, 0 bytes, Stack size 0 bytes, startup_stm32h723xx.o(.text))
<BR>[Address Reference Count : 1]<UL><LI> startup_stm32h723xx.o(RESET)
</UL>
<P><STRONG><a name="[70]"></a>LTDC_IRQHandler</STRONG> (Thumb, 0 bytes, Stack size 0 bytes, startup_stm32h723xx.o(.text))
<BR>[Address Reference Count : 1]<UL><LI> startup_stm32h723xx.o(RESET)
</UL>
<P><STRONG><a name="[83]"></a>MDIOS_IRQHandler</STRONG> (Thumb, 0 bytes, Stack size 0 bytes, startup_stm32h723xx.o(.text))
<BR>[Address Reference Count : 1]<UL><LI> startup_stm32h723xx.o(RESET)
</UL>
<P><STRONG><a name="[82]"></a>MDIOS_WKUP_IRQHandler</STRONG> (Thumb, 0 bytes, Stack size 0 bytes, startup_stm32h723xx.o(.text))
<BR>[Address Reference Count : 1]<UL><LI> startup_stm32h723xx.o(RESET)
</UL>
<P><STRONG><a name="[84]"></a>MDMA_IRQHandler</STRONG> (Thumb, 0 bytes, Stack size 0 bytes, startup_stm32h723xx.o(.text))
<BR>[Address Reference Count : 1]<UL><LI> startup_stm32h723xx.o(RESET)
</UL>
<P><STRONG><a name="[73]"></a>OCTOSPI1_IRQHandler</STRONG> (Thumb, 0 bytes, Stack size 0 bytes, startup_stm32h723xx.o(.text))
<BR>[Address Reference Count : 1]<UL><LI> startup_stm32h723xx.o(RESET)
</UL>
<P><STRONG><a name="[9c]"></a>OCTOSPI2_IRQHandler</STRONG> (Thumb, 0 bytes, Stack size 0 bytes, startup_stm32h723xx.o(.text))
<BR>[Address Reference Count : 1]<UL><LI> startup_stm32h723xx.o(RESET)
</UL>
<P><STRONG><a name="[64]"></a>OTG_HS_EP1_IN_IRQHandler</STRONG> (Thumb, 0 bytes, Stack size 0 bytes, startup_stm32h723xx.o(.text))
<BR>[Address Reference Count : 1]<UL><LI> startup_stm32h723xx.o(RESET)
</UL>
<P><STRONG><a name="[63]"></a>OTG_HS_EP1_OUT_IRQHandler</STRONG> (Thumb, 0 bytes, Stack size 0 bytes, startup_stm32h723xx.o(.text))
<BR>[Address Reference Count : 1]<UL><LI> startup_stm32h723xx.o(RESET)
</UL>
<P><STRONG><a name="[66]"></a>OTG_HS_IRQHandler</STRONG> (Thumb, 0 bytes, Stack size 0 bytes, startup_stm32h723xx.o(.text))
<BR>[Address Reference Count : 1]<UL><LI> startup_stm32h723xx.o(RESET)
</UL>
<P><STRONG><a name="[65]"></a>OTG_HS_WKUP_IRQHandler</STRONG> (Thumb, 0 bytes, Stack size 0 bytes, startup_stm32h723xx.o(.text))
<BR>[Address Reference Count : 1]<UL><LI> startup_stm32h723xx.o(RESET)
</UL>
<P><STRONG><a name="[1f]"></a>PVD_AVD_IRQHandler</STRONG> (Thumb, 0 bytes, Stack size 0 bytes, startup_stm32h723xx.o(.text))
<BR>[Address Reference Count : 1]<UL><LI> startup_stm32h723xx.o(RESET)
</UL>
<P><STRONG><a name="[23]"></a>RCC_IRQHandler</STRONG> (Thumb, 0 bytes, Stack size 0 bytes, startup_stm32h723xx.o(.text))
<BR>[Address Reference Count : 1]<UL><LI> startup_stm32h723xx.o(RESET)
</UL>
<P><STRONG><a name="[68]"></a>RNG_IRQHandler</STRONG> (Thumb, 0 bytes, Stack size 0 bytes, startup_stm32h723xx.o(.text))
<BR>[Address Reference Count : 1]<UL><LI> startup_stm32h723xx.o(RESET)
</UL>
<P><STRONG><a name="[47]"></a>RTC_Alarm_IRQHandler</STRONG> (Thumb, 0 bytes, Stack size 0 bytes, startup_stm32h723xx.o(.text))
<BR>[Address Reference Count : 1]<UL><LI> startup_stm32h723xx.o(RESET)
</UL>
<P><STRONG><a name="[21]"></a>RTC_WKUP_IRQHandler</STRONG> (Thumb, 0 bytes, Stack size 0 bytes, startup_stm32h723xx.o(.text))
<BR>[Address Reference Count : 1]<UL><LI> startup_stm32h723xx.o(RESET)
</UL>
<P><STRONG><a name="[6f]"></a>SAI1_IRQHandler</STRONG> (Thumb, 0 bytes, Stack size 0 bytes, startup_stm32h723xx.o(.text))
<BR>[Address Reference Count : 1]<UL><LI> startup_stm32h723xx.o(RESET)
</UL>
<P><STRONG><a name="[99]"></a>SAI4_IRQHandler</STRONG> (Thumb, 0 bytes, Stack size 0 bytes, startup_stm32h723xx.o(.text))
<BR>[Address Reference Count : 1]<UL><LI> startup_stm32h723xx.o(RESET)
</UL>
<P><STRONG><a name="[4e]"></a>SDMMC1_IRQHandler</STRONG> (Thumb, 0 bytes, Stack size 0 bytes, startup_stm32h723xx.o(.text))
<BR>[Address Reference Count : 1]<UL><LI> startup_stm32h723xx.o(RESET)
</UL>
<P><STRONG><a name="[85]"></a>SDMMC2_IRQHandler</STRONG> (Thumb, 0 bytes, Stack size 0 bytes, startup_stm32h723xx.o(.text))
<BR>[Address Reference Count : 1]<UL><LI> startup_stm32h723xx.o(RESET)
</UL>
<P><STRONG><a name="[78]"></a>SPDIF_RX_IRQHandler</STRONG> (Thumb, 0 bytes, Stack size 0 bytes, startup_stm32h723xx.o(.text))
<BR>[Address Reference Count : 1]<UL><LI> startup_stm32h723xx.o(RESET)
</UL>
<P><STRONG><a name="[41]"></a>SPI1_IRQHandler</STRONG> (Thumb, 0 bytes, Stack size 0 bytes, startup_stm32h723xx.o(.text))
<BR>[Address Reference Count : 1]<UL><LI> startup_stm32h723xx.o(RESET)
</UL>
<P><STRONG><a name="[50]"></a>SPI3_IRQHandler</STRONG> (Thumb, 0 bytes, Stack size 0 bytes, startup_stm32h723xx.o(.text))
<BR>[Address Reference Count : 1]<UL><LI> startup_stm32h723xx.o(RESET)
</UL>
<P><STRONG><a name="[6c]"></a>SPI4_IRQHandler</STRONG> (Thumb, 0 bytes, Stack size 0 bytes, startup_stm32h723xx.o(.text))
<BR>[Address Reference Count : 1]<UL><LI> startup_stm32h723xx.o(RESET)
</UL>
<P><STRONG><a name="[6d]"></a>SPI5_IRQHandler</STRONG> (Thumb, 0 bytes, Stack size 0 bytes, startup_stm32h723xx.o(.text))
<BR>[Address Reference Count : 1]<UL><LI> startup_stm32h723xx.o(RESET)
</UL>
<P><STRONG><a name="[7e]"></a>SWPMI1_IRQHandler</STRONG> (Thumb, 0 bytes, Stack size 0 bytes, startup_stm32h723xx.o(.text))
<BR>[Address Reference Count : 1]<UL><LI> startup_stm32h723xx.o(RESET)
</UL>
<P><STRONG><a name="[20]"></a>TAMP_STAMP_IRQHandler</STRONG> (Thumb, 0 bytes, Stack size 0 bytes, startup_stm32h723xx.o(.text))
<BR>[Address Reference Count : 1]<UL><LI> startup_stm32h723xx.o(RESET)
</UL>
<P><STRONG><a name="[7f]"></a>TIM15_IRQHandler</STRONG> (Thumb, 0 bytes, Stack size 0 bytes, startup_stm32h723xx.o(.text))
<BR>[Address Reference Count : 1]<UL><LI> startup_stm32h723xx.o(RESET)
</UL>
<P><STRONG><a name="[80]"></a>TIM16_IRQHandler</STRONG> (Thumb, 0 bytes, Stack size 0 bytes, startup_stm32h723xx.o(.text))
<BR>[Address Reference Count : 1]<UL><LI> startup_stm32h723xx.o(RESET)
</UL>
<P><STRONG><a name="[81]"></a>TIM17_IRQHandler</STRONG> (Thumb, 0 bytes, Stack size 0 bytes, startup_stm32h723xx.o(.text))
<BR>[Address Reference Count : 1]<UL><LI> startup_stm32h723xx.o(RESET)
</UL>
<P><STRONG><a name="[36]"></a>TIM1_BRK_IRQHandler</STRONG> (Thumb, 0 bytes, Stack size 0 bytes, startup_stm32h723xx.o(.text))
<BR>[Address Reference Count : 1]<UL><LI> startup_stm32h723xx.o(RESET)
</UL>
<P><STRONG><a name="[39]"></a>TIM1_CC_IRQHandler</STRONG> (Thumb, 0 bytes, Stack size 0 bytes, startup_stm32h723xx.o(.text))
<BR>[Address Reference Count : 1]<UL><LI> startup_stm32h723xx.o(RESET)
</UL>
<P><STRONG><a name="[38]"></a>TIM1_TRG_COM_IRQHandler</STRONG> (Thumb, 0 bytes, Stack size 0 bytes, startup_stm32h723xx.o(.text))
<BR>[Address Reference Count : 1]<UL><LI> startup_stm32h723xx.o(RESET)
</UL>
<P><STRONG><a name="[37]"></a>TIM1_UP_IRQHandler</STRONG> (Thumb, 0 bytes, Stack size 0 bytes, startup_stm32h723xx.o(.text))
<BR>[Address Reference Count : 1]<UL><LI> startup_stm32h723xx.o(RESET)
</UL>
<P><STRONG><a name="[a5]"></a>TIM23_IRQHandler</STRONG> (Thumb, 0 bytes, Stack size 0 bytes, startup_stm32h723xx.o(.text))
<BR>[Address Reference Count : 1]<UL><LI> startup_stm32h723xx.o(RESET)
</UL>
<P><STRONG><a name="[a6]"></a>TIM24_IRQHandler</STRONG> (Thumb, 0 bytes, Stack size 0 bytes, startup_stm32h723xx.o(.text))
<BR>[Address Reference Count : 1]<UL><LI> startup_stm32h723xx.o(RESET)
</UL>
<P><STRONG><a name="[3b]"></a>TIM3_IRQHandler</STRONG> (Thumb, 0 bytes, Stack size 0 bytes, startup_stm32h723xx.o(.text))
<BR>[Address Reference Count : 1]<UL><LI> startup_stm32h723xx.o(RESET)
</UL>
<P><STRONG><a name="[3c]"></a>TIM4_IRQHandler</STRONG> (Thumb, 0 bytes, Stack size 0 bytes, startup_stm32h723xx.o(.text))
<BR>[Address Reference Count : 1]<UL><LI> startup_stm32h723xx.o(RESET)
</UL>
<P><STRONG><a name="[4f]"></a>TIM5_IRQHandler</STRONG> (Thumb, 0 bytes, Stack size 0 bytes, startup_stm32h723xx.o(.text))
<BR>[Address Reference Count : 1]<UL><LI> startup_stm32h723xx.o(RESET)
</UL>
<P><STRONG><a name="[53]"></a>TIM6_DAC_IRQHandler</STRONG> (Thumb, 0 bytes, Stack size 0 bytes, startup_stm32h723xx.o(.text))
<BR>[Address Reference Count : 1]<UL><LI> startup_stm32h723xx.o(RESET)
</UL>
<P><STRONG><a name="[54]"></a>TIM7_IRQHandler</STRONG> (Thumb, 0 bytes, Stack size 0 bytes, startup_stm32h723xx.o(.text))
<BR>[Address Reference Count : 1]<UL><LI> startup_stm32h723xx.o(RESET)
</UL>
<P><STRONG><a name="[48]"></a>TIM8_BRK_TIM12_IRQHandler</STRONG> (Thumb, 0 bytes, Stack size 0 bytes, startup_stm32h723xx.o(.text))
<BR>[Address Reference Count : 1]<UL><LI> startup_stm32h723xx.o(RESET)
</UL>
<P><STRONG><a name="[4b]"></a>TIM8_CC_IRQHandler</STRONG> (Thumb, 0 bytes, Stack size 0 bytes, startup_stm32h723xx.o(.text))
<BR>[Address Reference Count : 1]<UL><LI> startup_stm32h723xx.o(RESET)
</UL>
<P><STRONG><a name="[4a]"></a>TIM8_TRG_COM_TIM14_IRQHandler</STRONG> (Thumb, 0 bytes, Stack size 0 bytes, startup_stm32h723xx.o(.text))
<BR>[Address Reference Count : 1]<UL><LI> startup_stm32h723xx.o(RESET)
</UL>
<P><STRONG><a name="[49]"></a>TIM8_UP_TIM13_IRQHandler</STRONG> (Thumb, 0 bytes, Stack size 0 bytes, startup_stm32h723xx.o(.text))
<BR>[Address Reference Count : 1]<UL><LI> startup_stm32h723xx.o(RESET)
</UL>
<P><STRONG><a name="[51]"></a>UART4_IRQHandler</STRONG> (Thumb, 0 bytes, Stack size 0 bytes, startup_stm32h723xx.o(.text))
<BR>[Address Reference Count : 1]<UL><LI> startup_stm32h723xx.o(RESET)
</UL>
<P><STRONG><a name="[6a]"></a>UART7_IRQHandler</STRONG> (Thumb, 0 bytes, Stack size 0 bytes, startup_stm32h723xx.o(.text))
<BR>[Address Reference Count : 1]<UL><LI> startup_stm32h723xx.o(RESET)
</UL>
<P><STRONG><a name="[44]"></a>USART2_IRQHandler</STRONG> (Thumb, 0 bytes, Stack size 0 bytes, startup_stm32h723xx.o(.text))
<BR>[Address Reference Count : 1]<UL><LI> startup_stm32h723xx.o(RESET)
</UL>
<P><STRONG><a name="[45]"></a>USART3_IRQHandler</STRONG> (Thumb, 0 bytes, Stack size 0 bytes, startup_stm32h723xx.o(.text))
<BR>[Address Reference Count : 1]<UL><LI> startup_stm32h723xx.o(RESET)
</UL>
<P><STRONG><a name="[60]"></a>USART6_IRQHandler</STRONG> (Thumb, 0 bytes, Stack size 0 bytes, startup_stm32h723xx.o(.text))
<BR>[Address Reference Count : 1]<UL><LI> startup_stm32h723xx.o(RESET)
</UL>
<P><STRONG><a name="[9b]"></a>WAKEUP_PIN_IRQHandler</STRONG> (Thumb, 0 bytes, Stack size 0 bytes, startup_stm32h723xx.o(.text))
<BR>[Address Reference Count : 1]<UL><LI> startup_stm32h723xx.o(RESET)
</UL>
<P><STRONG><a name="[1e]"></a>WWDG_IRQHandler</STRONG> (Thumb, 0 bytes, Stack size 0 bytes, startup_stm32h723xx.o(.text))
<BR>[Address Reference Count : 1]<UL><LI> startup_stm32h723xx.o(RESET)
</UL>
<P><STRONG><a name="[ec]"></a>__aeabi_uldivmod</STRONG> (Thumb, 98 bytes, Stack size 40 bytes, uldiv.o(.text))
<BR><BR>[Stack]<UL><LI>Max Depth = 40<LI>Call Chain = __aeabi_uldivmod
</UL>
<BR>[Calls]<UL><LI><a href="#[ed]">&gt;&gt;</a>&nbsp;&nbsp;&nbsp;__aeabi_llsr
<LI><a href="#[ee]">&gt;&gt;</a>&nbsp;&nbsp;&nbsp;__aeabi_llsl
</UL>
<BR>[Called By]<UL><LI><a href="#[1aa]">&gt;&gt;</a>&nbsp;&nbsp;&nbsp;UART_SetConfig
</UL>

<P><STRONG><a name="[ee]"></a>__aeabi_llsl</STRONG> (Thumb, 30 bytes, Stack size 0 bytes, llshl.o(.text))
<BR><BR>[Called By]<UL><LI><a href="#[ec]">&gt;&gt;</a>&nbsp;&nbsp;&nbsp;__aeabi_uldivmod
</UL>

<P><STRONG><a name="[2bf]"></a>_ll_shift_l</STRONG> (Thumb, 0 bytes, Stack size 0 bytes, llshl.o(.text), UNUSED)

<P><STRONG><a name="[1ef]"></a>__aeabi_memcpy</STRONG> (Thumb, 36 bytes, Stack size 0 bytes, memcpya.o(.text))
<BR><BR>[Called By]<UL><LI><a href="#[1ee]">&gt;&gt;</a>&nbsp;&nbsp;&nbsp;Judge_Update
<LI><a href="#[27d]">&gt;&gt;</a>&nbsp;&nbsp;&nbsp;prvCopyDataToQueue
<LI><a href="#[27c]">&gt;&gt;</a>&nbsp;&nbsp;&nbsp;prvCopyDataFromQueue
</UL>

<P><STRONG><a name="[13d]"></a>__aeabi_memcpy4</STRONG> (Thumb, 0 bytes, Stack size 0 bytes, memcpya.o(.text))
<BR><BR>[Called By]<UL><LI><a href="#[1e2]">&gt;&gt;</a>&nbsp;&nbsp;&nbsp;IMU_QuaternionEKF_Update
<LI><a href="#[1df]">&gt;&gt;</a>&nbsp;&nbsp;&nbsp;IMU_QuaternionEKF_Init
<LI><a href="#[c6]">&gt;&gt;</a>&nbsp;&nbsp;&nbsp;IMU_QuaternionEKF_xhatUpdate
<LI><a href="#[c3]">&gt;&gt;</a>&nbsp;&nbsp;&nbsp;IMU_QuaternionEKF_Observe
<LI><a href="#[1f4]">&gt;&gt;</a>&nbsp;&nbsp;&nbsp;Kalman_Filter_Measure
<LI><a href="#[1e3]">&gt;&gt;</a>&nbsp;&nbsp;&nbsp;Kalman_Filter_Update
<LI><a href="#[188]">&gt;&gt;</a>&nbsp;&nbsp;&nbsp;HAL_FDCAN_Init
<LI><a href="#[129]">&gt;&gt;</a>&nbsp;&nbsp;&nbsp;Chassis_State_Var_Update
<LI><a href="#[244]">&gt;&gt;</a>&nbsp;&nbsp;&nbsp;motor_pid_init
<LI><a href="#[14b]">&gt;&gt;</a>&nbsp;&nbsp;&nbsp;Yaw_Motor_Init
</UL>

<P><STRONG><a name="[2c0]"></a>__aeabi_memcpy8</STRONG> (Thumb, 0 bytes, Stack size 0 bytes, memcpya.o(.text), UNUSED)

<P><STRONG><a name="[f0]"></a>__aeabi_memset</STRONG> (Thumb, 14 bytes, Stack size 0 bytes, memseta.o(.text))
<BR><BR>[Called By]<UL><LI><a href="#[282]">&gt;&gt;</a>&nbsp;&nbsp;&nbsp;prvInitialiseNewTask
<LI><a href="#[f1]">&gt;&gt;</a>&nbsp;&nbsp;&nbsp;memset
<LI><a href="#[ef]">&gt;&gt;</a>&nbsp;&nbsp;&nbsp;__aeabi_memclr
</UL>

<P><STRONG><a name="[2c1]"></a>__aeabi_memset4</STRONG> (Thumb, 0 bytes, Stack size 0 bytes, memseta.o(.text), UNUSED)

<P><STRONG><a name="[2c2]"></a>__aeabi_memset8</STRONG> (Thumb, 0 bytes, Stack size 0 bytes, memseta.o(.text), UNUSED)

<P><STRONG><a name="[ef]"></a>__aeabi_memclr</STRONG> (Thumb, 4 bytes, Stack size 0 bytes, memseta.o(.text))
<BR><BR>[Calls]<UL><LI><a href="#[f0]">&gt;&gt;</a>&nbsp;&nbsp;&nbsp;__aeabi_memset
</UL>
<BR>[Called By]<UL><LI><a href="#[1e0]">&gt;&gt;</a>&nbsp;&nbsp;&nbsp;Kalman_Filter_Init
<LI><a href="#[159]">&gt;&gt;</a>&nbsp;&nbsp;&nbsp;uart_rx_idle_callback
</UL>

<P><STRONG><a name="[18b]"></a>__aeabi_memclr4</STRONG> (Thumb, 0 bytes, Stack size 0 bytes, memseta.o(.text))
<BR><BR>[Called By]<UL><LI><a href="#[1a8]">&gt;&gt;</a>&nbsp;&nbsp;&nbsp;HAL_UART_MspInit
<LI><a href="#[1c4]">&gt;&gt;</a>&nbsp;&nbsp;&nbsp;HAL_TIM_MspPostInit
<LI><a href="#[1b6]">&gt;&gt;</a>&nbsp;&nbsp;&nbsp;HAL_SPI_MspInit
<LI><a href="#[c5]">&gt;&gt;</a>&nbsp;&nbsp;&nbsp;IMU_QuaternionEKF_SetH
<LI><a href="#[1f4]">&gt;&gt;</a>&nbsp;&nbsp;&nbsp;Kalman_Filter_Measure
<LI><a href="#[25d]">&gt;&gt;</a>&nbsp;&nbsp;&nbsp;ave_fil_init
<LI><a href="#[22f]">&gt;&gt;</a>&nbsp;&nbsp;&nbsp;Straight_Leg_Mat_Init
<LI><a href="#[1e0]">&gt;&gt;</a>&nbsp;&nbsp;&nbsp;Kalman_Filter_Init
<LI><a href="#[189]">&gt;&gt;</a>&nbsp;&nbsp;&nbsp;HAL_FDCAN_MspInit
<LI><a href="#[214]">&gt;&gt;</a>&nbsp;&nbsp;&nbsp;MX_TIM12_Init
<LI><a href="#[20f]">&gt;&gt;</a>&nbsp;&nbsp;&nbsp;MX_GPIO_Init
<LI><a href="#[234]">&gt;&gt;</a>&nbsp;&nbsp;&nbsp;SystemClock_Config
<LI><a href="#[224]">&gt;&gt;</a>&nbsp;&nbsp;&nbsp;PeriphCommonClock_Config
</UL>

<P><STRONG><a name="[2c3]"></a>__aeabi_memclr8</STRONG> (Thumb, 0 bytes, Stack size 0 bytes, memseta.o(.text), UNUSED)

<P><STRONG><a name="[f1]"></a>memset</STRONG> (Thumb, 18 bytes, Stack size 8 bytes, memseta.o(.text), UNUSED)
<BR><BR>[Calls]<UL><LI><a href="#[f0]">&gt;&gt;</a>&nbsp;&nbsp;&nbsp;__aeabi_memset
</UL>

<P><STRONG><a name="[ed]"></a>__aeabi_llsr</STRONG> (Thumb, 32 bytes, Stack size 0 bytes, llushr.o(.text))
<BR><BR>[Called By]<UL><LI><a href="#[ec]">&gt;&gt;</a>&nbsp;&nbsp;&nbsp;__aeabi_uldivmod
</UL>

<P><STRONG><a name="[2c4]"></a>_ll_ushift_r</STRONG> (Thumb, 0 bytes, Stack size 0 bytes, llushr.o(.text), UNUSED)

<P><STRONG><a name="[254]"></a>__ARM_scalbn</STRONG> (Thumb, 46 bytes, Stack size 16 bytes, dscalb.o(.text))
<BR><BR>[Stack]<UL><LI>Max Depth = 16<LI>Call Chain = __ARM_scalbn
</UL>
<BR>[Called By]<UL><LI><a href="#[200]">&gt;&gt;</a>&nbsp;&nbsp;&nbsp;__hardfp_pow
</UL>

<P><STRONG><a name="[2c5]"></a>__I$use$fp</STRONG> (Thumb, 0 bytes, Stack size 16 bytes, iusefp.o(.text), UNUSED)

<P><STRONG><a name="[2c6]"></a>scalbn</STRONG> (Thumb, 0 bytes, Stack size 16 bytes, dscalb.o(.text), UNUSED)

<P><STRONG><a name="[2c7]"></a>__fp_status</STRONG> (Thumb, 4 bytes, Stack size 0 bytes, fpstat.o(.text), UNUSED)

<P><STRONG><a name="[256]"></a>__ieee_status</STRONG> (Thumb, 0 bytes, Stack size 0 bytes, fpstat.o(.text))
<BR><BR>[Called By]<UL><LI><a href="#[206]">&gt;&gt;</a>&nbsp;&nbsp;&nbsp;__hardfp_powf
</UL>

<P><STRONG><a name="[ea]"></a>__scatterload</STRONG> (Thumb, 28 bytes, Stack size 0 bytes, init.o(.text))
<BR><BR>[Calls]<UL><LI><a href="#[f2]">&gt;&gt;</a>&nbsp;&nbsp;&nbsp;__main_after_scatterload
</UL>
<BR>[Called By]<UL><LI><a href="#[e9]">&gt;&gt;</a>&nbsp;&nbsp;&nbsp;_main_scatterload
</UL>

<P><STRONG><a name="[2c8]"></a>__scatterload_rt2</STRONG> (Thumb, 0 bytes, Stack size 0 bytes, init.o(.text), UNUSED)

<P><STRONG><a name="[2c9]"></a>__decompress</STRONG> (Thumb, 0 bytes, Stack size unknown bytes, __dczerorl2.o(.text), UNUSED)

<P><STRONG><a name="[2ca]"></a>__decompress1</STRONG> (Thumb, 86 bytes, Stack size unknown bytes, __dczerorl2.o(.text), UNUSED)

<P><STRONG><a name="[f3]"></a>BMI088_ACCEL_NS_H</STRONG> (Thumb, 10 bytes, Stack size 0 bytes, bmi088middleware.o(i.BMI088_ACCEL_NS_H))
<BR><BR>[Calls]<UL><LI><a href="#[f4]">&gt;&gt;</a>&nbsp;&nbsp;&nbsp;HAL_GPIO_WritePin
</UL>
<BR>[Called By]<UL><LI><a href="#[fe]">&gt;&gt;</a>&nbsp;&nbsp;&nbsp;bmi088_accel_init
<LI><a href="#[100]">&gt;&gt;</a>&nbsp;&nbsp;&nbsp;BMI088_read
</UL>

<P><STRONG><a name="[f5]"></a>BMI088_ACCEL_NS_L</STRONG> (Thumb, 10 bytes, Stack size 0 bytes, bmi088middleware.o(i.BMI088_ACCEL_NS_L))
<BR><BR>[Calls]<UL><LI><a href="#[f4]">&gt;&gt;</a>&nbsp;&nbsp;&nbsp;HAL_GPIO_WritePin
</UL>
<BR>[Called By]<UL><LI><a href="#[fe]">&gt;&gt;</a>&nbsp;&nbsp;&nbsp;bmi088_accel_init
<LI><a href="#[100]">&gt;&gt;</a>&nbsp;&nbsp;&nbsp;BMI088_read
</UL>

<P><STRONG><a name="[fc]"></a>BMI088_GPIO_init</STRONG> (Thumb, 2 bytes, Stack size 0 bytes, bmi088middleware.o(i.BMI088_GPIO_init))
<BR><BR>[Called By]<UL><LI><a href="#[fb]">&gt;&gt;</a>&nbsp;&nbsp;&nbsp;BMI088_init
</UL>

<P><STRONG><a name="[f6]"></a>BMI088_GYRO_NS_H</STRONG> (Thumb, 10 bytes, Stack size 0 bytes, bmi088middleware.o(i.BMI088_GYRO_NS_H))
<BR><BR>[Calls]<UL><LI><a href="#[f4]">&gt;&gt;</a>&nbsp;&nbsp;&nbsp;HAL_GPIO_WritePin
</UL>
<BR>[Called By]<UL><LI><a href="#[ff]">&gt;&gt;</a>&nbsp;&nbsp;&nbsp;bmi088_gyro_init
<LI><a href="#[100]">&gt;&gt;</a>&nbsp;&nbsp;&nbsp;BMI088_read
</UL>

<P><STRONG><a name="[f7]"></a>BMI088_GYRO_NS_L</STRONG> (Thumb, 10 bytes, Stack size 0 bytes, bmi088middleware.o(i.BMI088_GYRO_NS_L))
<BR><BR>[Calls]<UL><LI><a href="#[f4]">&gt;&gt;</a>&nbsp;&nbsp;&nbsp;HAL_GPIO_WritePin
</UL>
<BR>[Called By]<UL><LI><a href="#[ff]">&gt;&gt;</a>&nbsp;&nbsp;&nbsp;bmi088_gyro_init
<LI><a href="#[100]">&gt;&gt;</a>&nbsp;&nbsp;&nbsp;BMI088_read
</UL>

<P><STRONG><a name="[fd]"></a>BMI088_com_init</STRONG> (Thumb, 2 bytes, Stack size 0 bytes, bmi088middleware.o(i.BMI088_com_init))
<BR><BR>[Called By]<UL><LI><a href="#[fb]">&gt;&gt;</a>&nbsp;&nbsp;&nbsp;BMI088_init
</UL>

<P><STRONG><a name="[f8]"></a>BMI088_delay_ms</STRONG> (Thumb, 24 bytes, Stack size 16 bytes, bmi088middleware.o(i.BMI088_delay_ms))
<BR><BR>[Stack]<UL><LI>Max Depth = 40<LI>Call Chain = BMI088_delay_ms &rArr; BMI088_delay_us &rArr; bmi2_micros
</UL>
<BR>[Calls]<UL><LI><a href="#[f9]">&gt;&gt;</a>&nbsp;&nbsp;&nbsp;BMI088_delay_us
</UL>
<BR>[Called By]<UL><LI><a href="#[ff]">&gt;&gt;</a>&nbsp;&nbsp;&nbsp;bmi088_gyro_init
<LI><a href="#[fe]">&gt;&gt;</a>&nbsp;&nbsp;&nbsp;bmi088_accel_init
</UL>

<P><STRONG><a name="[f9]"></a>BMI088_delay_us</STRONG> (Thumb, 22 bytes, Stack size 16 bytes, bmi088middleware.o(i.BMI088_delay_us))
<BR><BR>[Stack]<UL><LI>Max Depth = 24<LI>Call Chain = BMI088_delay_us &rArr; bmi2_micros
</UL>
<BR>[Calls]<UL><LI><a href="#[fa]">&gt;&gt;</a>&nbsp;&nbsp;&nbsp;bmi2_micros
</UL>
<BR>[Called By]<UL><LI><a href="#[f8]">&gt;&gt;</a>&nbsp;&nbsp;&nbsp;BMI088_delay_ms
<LI><a href="#[ff]">&gt;&gt;</a>&nbsp;&nbsp;&nbsp;bmi088_gyro_init
<LI><a href="#[fe]">&gt;&gt;</a>&nbsp;&nbsp;&nbsp;bmi088_accel_init
</UL>

<P><STRONG><a name="[fb]"></a>BMI088_init</STRONG> (Thumb, 24 bytes, Stack size 8 bytes, bmi088driver.o(i.BMI088_init))
<BR><BR>[Stack]<UL><LI>Max Depth = 144<LI>Call Chain = BMI088_init &rArr; bmi088_gyro_init &rArr; BMI088_write_single_reg &rArr; BMI088_read_write_byte &rArr; HAL_SPI_TransmitReceive &rArr; SPI_WaitOnFlagUntilTimeout
</UL>
<BR>[Calls]<UL><LI><a href="#[fd]">&gt;&gt;</a>&nbsp;&nbsp;&nbsp;BMI088_com_init
<LI><a href="#[fc]">&gt;&gt;</a>&nbsp;&nbsp;&nbsp;BMI088_GPIO_init
<LI><a href="#[ff]">&gt;&gt;</a>&nbsp;&nbsp;&nbsp;bmi088_gyro_init
<LI><a href="#[fe]">&gt;&gt;</a>&nbsp;&nbsp;&nbsp;bmi088_accel_init
</UL>
<BR>[Called By]<UL><LI><a href="#[b]">&gt;&gt;</a>&nbsp;&nbsp;&nbsp;imu_init
</UL>

<P><STRONG><a name="[100]"></a>BMI088_read</STRONG> (Thumb, 342 bytes, Stack size 32 bytes, bmi088driver.o(i.BMI088_read))
<BR><BR>[Stack]<UL><LI>Max Depth = 152<LI>Call Chain = BMI088_read &rArr; BMI088_read_muli_reg &rArr; BMI088_read_write_byte &rArr; HAL_SPI_TransmitReceive &rArr; SPI_WaitOnFlagUntilTimeout
</UL>
<BR>[Calls]<UL><LI><a href="#[102]">&gt;&gt;</a>&nbsp;&nbsp;&nbsp;BMI088_read_muli_reg
<LI><a href="#[101]">&gt;&gt;</a>&nbsp;&nbsp;&nbsp;BMI088_read_write_byte
<LI><a href="#[f7]">&gt;&gt;</a>&nbsp;&nbsp;&nbsp;BMI088_GYRO_NS_L
<LI><a href="#[f6]">&gt;&gt;</a>&nbsp;&nbsp;&nbsp;BMI088_GYRO_NS_H
<LI><a href="#[f5]">&gt;&gt;</a>&nbsp;&nbsp;&nbsp;BMI088_ACCEL_NS_L
<LI><a href="#[f3]">&gt;&gt;</a>&nbsp;&nbsp;&nbsp;BMI088_ACCEL_NS_H
</UL>
<BR>[Called By]<UL><LI><a href="#[c]">&gt;&gt;</a>&nbsp;&nbsp;&nbsp;imu_update
<LI><a href="#[1eb]">&gt;&gt;</a>&nbsp;&nbsp;&nbsp;InitQuaternion
</UL>

<P><STRONG><a name="[101]"></a>BMI088_read_write_byte</STRONG> (Thumb, 28 bytes, Stack size 16 bytes, bmi088middleware.o(i.BMI088_read_write_byte))
<BR><BR>[Stack]<UL><LI>Max Depth = 104<LI>Call Chain = BMI088_read_write_byte &rArr; HAL_SPI_TransmitReceive &rArr; SPI_WaitOnFlagUntilTimeout
</UL>
<BR>[Calls]<UL><LI><a href="#[104]">&gt;&gt;</a>&nbsp;&nbsp;&nbsp;HAL_SPI_TransmitReceive
</UL>
<BR>[Called By]<UL><LI><a href="#[105]">&gt;&gt;</a>&nbsp;&nbsp;&nbsp;BMI088_write_single_reg
<LI><a href="#[103]">&gt;&gt;</a>&nbsp;&nbsp;&nbsp;BMI088_read_single_reg
<LI><a href="#[102]">&gt;&gt;</a>&nbsp;&nbsp;&nbsp;BMI088_read_muli_reg
<LI><a href="#[fe]">&gt;&gt;</a>&nbsp;&nbsp;&nbsp;bmi088_accel_init
<LI><a href="#[100]">&gt;&gt;</a>&nbsp;&nbsp;&nbsp;BMI088_read
</UL>

<P><STRONG><a name="[106]"></a>BMI_Get_Acceleration</STRONG> (Thumb, 262 bytes, Stack size 48 bytes, bmi_ekf.o(i.BMI_Get_Acceleration))
<BR><BR>[Stack]<UL><LI>Max Depth = 48<LI>Call Chain = BMI_Get_Acceleration
</UL>
<BR>[Calls]<UL><LI><a href="#[107]">&gt;&gt;</a>&nbsp;&nbsp;&nbsp;arm_sin_f32
<LI><a href="#[108]">&gt;&gt;</a>&nbsp;&nbsp;&nbsp;arm_cos_f32
</UL>
<BR>[Called By]<UL><LI><a href="#[c]">&gt;&gt;</a>&nbsp;&nbsp;&nbsp;imu_update
</UL>

<P><STRONG><a name="[1]"></a>Balance_Init</STRONG> (Thumb, 10 bytes, Stack size 0 bytes, balance.o(i.Balance_Init))
<BR>[Address Reference Count : 1]<UL><LI> balance.o(.data)
</UL>
<P><STRONG><a name="[18]"></a>BusFault_Handler</STRONG> (Thumb, 2 bytes, Stack size 0 bytes, stm32h7xx_it.o(i.BusFault_Handler))
<BR><BR>[Calls]<UL><LI><a href="#[18]">&gt;&gt;</a>&nbsp;&nbsp;&nbsp;BusFault_Handler
</UL>
<BR>[Called By]<UL><LI><a href="#[18]">&gt;&gt;</a>&nbsp;&nbsp;&nbsp;BusFault_Handler
</UL>
<BR>[Address Reference Count : 1]<UL><LI> startup_stm32h723xx.o(RESET)
</UL>
<P><STRONG><a name="[10d]"></a>CAN1_Filter_Init</STRONG> (Thumb, 64 bytes, Stack size 48 bytes, drv_can.o(i.CAN1_Filter_Init))
<BR><BR>[Stack]<UL><LI>Max Depth = 60<LI>Call Chain = CAN1_Filter_Init &rArr; HAL_FDCAN_ConfigGlobalFilter
</UL>
<BR>[Calls]<UL><LI><a href="#[111]">&gt;&gt;</a>&nbsp;&nbsp;&nbsp;HAL_FDCAN_Start
<LI><a href="#[10f]">&gt;&gt;</a>&nbsp;&nbsp;&nbsp;HAL_FDCAN_ConfigGlobalFilter
<LI><a href="#[10e]">&gt;&gt;</a>&nbsp;&nbsp;&nbsp;HAL_FDCAN_ConfigFilter
<LI><a href="#[110]">&gt;&gt;</a>&nbsp;&nbsp;&nbsp;HAL_FDCAN_ActivateNotification
</UL>
<BR>[Called By]<UL><LI><a href="#[152]">&gt;&gt;</a>&nbsp;&nbsp;&nbsp;DRIVER_Init
</UL>

<P><STRONG><a name="[112]"></a>CAN1_Set_Torque</STRONG> (Thumb, 68 bytes, Stack size 16 bytes, robot.o(i.CAN1_Set_Torque))
<BR><BR>[Stack]<UL><LI>Max Depth = 92<LI>Call Chain = CAN1_Set_Torque &rArr; CAN_SendData &rArr; HAL_FDCAN_AddMessageToTxFifoQ &rArr; FDCAN_CopyMessageToRAM
</UL>
<BR>[Calls]<UL><LI><a href="#[113]">&gt;&gt;</a>&nbsp;&nbsp;&nbsp;My_Torque_to_Raw_Current
<LI><a href="#[114]">&gt;&gt;</a>&nbsp;&nbsp;&nbsp;CAN_SendData
</UL>
<BR>[Called By]<UL><LI><a href="#[cd]">&gt;&gt;</a>&nbsp;&nbsp;&nbsp;StartCtrlTask
</UL>

<P><STRONG><a name="[190]"></a>CAN1_rxDataHandler</STRONG> (Thumb, 50 bytes, Stack size 0 bytes, can_protocol.o(i.CAN1_rxDataHandler))
<BR><BR>[Called By]<UL><LI><a href="#[17b]">&gt;&gt;</a>&nbsp;&nbsp;&nbsp;HAL_FDCAN_RxFifo0Callback
</UL>

<P><STRONG><a name="[115]"></a>CAN2_Filter_Init</STRONG> (Thumb, 64 bytes, Stack size 48 bytes, drv_can.o(i.CAN2_Filter_Init))
<BR><BR>[Stack]<UL><LI>Max Depth = 60<LI>Call Chain = CAN2_Filter_Init &rArr; HAL_FDCAN_ConfigGlobalFilter
</UL>
<BR>[Calls]<UL><LI><a href="#[111]">&gt;&gt;</a>&nbsp;&nbsp;&nbsp;HAL_FDCAN_Start
<LI><a href="#[10f]">&gt;&gt;</a>&nbsp;&nbsp;&nbsp;HAL_FDCAN_ConfigGlobalFilter
<LI><a href="#[10e]">&gt;&gt;</a>&nbsp;&nbsp;&nbsp;HAL_FDCAN_ConfigFilter
<LI><a href="#[110]">&gt;&gt;</a>&nbsp;&nbsp;&nbsp;HAL_FDCAN_ActivateNotification
</UL>
<BR>[Called By]<UL><LI><a href="#[152]">&gt;&gt;</a>&nbsp;&nbsp;&nbsp;DRIVER_Init
</UL>

<P><STRONG><a name="[191]"></a>CAN2_rxDataHandler</STRONG> (Thumb, 50 bytes, Stack size 0 bytes, can_protocol.o(i.CAN2_rxDataHandler))
<BR><BR>[Called By]<UL><LI><a href="#[17b]">&gt;&gt;</a>&nbsp;&nbsp;&nbsp;HAL_FDCAN_RxFifo0Callback
</UL>

<P><STRONG><a name="[116]"></a>CAN3_Filter_Init</STRONG> (Thumb, 64 bytes, Stack size 48 bytes, drv_can.o(i.CAN3_Filter_Init))
<BR><BR>[Stack]<UL><LI>Max Depth = 60<LI>Call Chain = CAN3_Filter_Init &rArr; HAL_FDCAN_ConfigGlobalFilter
</UL>
<BR>[Calls]<UL><LI><a href="#[111]">&gt;&gt;</a>&nbsp;&nbsp;&nbsp;HAL_FDCAN_Start
<LI><a href="#[10f]">&gt;&gt;</a>&nbsp;&nbsp;&nbsp;HAL_FDCAN_ConfigGlobalFilter
<LI><a href="#[10e]">&gt;&gt;</a>&nbsp;&nbsp;&nbsp;HAL_FDCAN_ConfigFilter
<LI><a href="#[110]">&gt;&gt;</a>&nbsp;&nbsp;&nbsp;HAL_FDCAN_ActivateNotification
</UL>
<BR>[Called By]<UL><LI><a href="#[152]">&gt;&gt;</a>&nbsp;&nbsp;&nbsp;DRIVER_Init
</UL>

<P><STRONG><a name="[117]"></a>CAN3_rxDataHandler</STRONG> (Thumb, 46 bytes, Stack size 0 bytes, can_protocol.o(i.CAN3_rxDataHandler))
<BR><BR>[Stack]<UL><LI>Max Depth = 32<LI>Call Chain = CAN3_rxDataHandler &rArr; D_Board_Rx1
</UL>
<BR>[Calls]<UL><LI><a href="#[11a]">&gt;&gt;</a>&nbsp;&nbsp;&nbsp;D_Board_Rx3
<LI><a href="#[119]">&gt;&gt;</a>&nbsp;&nbsp;&nbsp;D_Board_Rx2
<LI><a href="#[118]">&gt;&gt;</a>&nbsp;&nbsp;&nbsp;D_Board_Rx1
</UL>
<BR>[Called By]<UL><LI><a href="#[17c]">&gt;&gt;</a>&nbsp;&nbsp;&nbsp;HAL_FDCAN_RxFifo1Callback
</UL>

<P><STRONG><a name="[114]"></a>CAN_SendData</STRONG> (Thumb, 38 bytes, Stack size 40 bytes, drv_can.o(i.CAN_SendData))
<BR><BR>[Stack]<UL><LI>Max Depth = 76<LI>Call Chain = CAN_SendData &rArr; HAL_FDCAN_AddMessageToTxFifoQ &rArr; FDCAN_CopyMessageToRAM
</UL>
<BR>[Calls]<UL><LI><a href="#[11b]">&gt;&gt;</a>&nbsp;&nbsp;&nbsp;HAL_FDCAN_AddMessageToTxFifoQ
</UL>
<BR>[Called By]<UL><LI><a href="#[160]">&gt;&gt;</a>&nbsp;&nbsp;&nbsp;D_Board_Tx5
<LI><a href="#[15f]">&gt;&gt;</a>&nbsp;&nbsp;&nbsp;D_Board_Tx4
<LI><a href="#[15e]">&gt;&gt;</a>&nbsp;&nbsp;&nbsp;D_Board_Tx3
<LI><a href="#[15d]">&gt;&gt;</a>&nbsp;&nbsp;&nbsp;D_Board_Tx2
<LI><a href="#[15b]">&gt;&gt;</a>&nbsp;&nbsp;&nbsp;D_Board_Tx1
<LI><a href="#[112]">&gt;&gt;</a>&nbsp;&nbsp;&nbsp;CAN1_Set_Torque
<LI><a href="#[d6]">&gt;&gt;</a>&nbsp;&nbsp;&nbsp;Motor_Set_Torque
<LI><a href="#[db]">&gt;&gt;</a>&nbsp;&nbsp;&nbsp;Motor_Ctrl
<LI><a href="#[d2]">&gt;&gt;</a>&nbsp;&nbsp;&nbsp;Group_Motor_Set_Torque
<LI><a href="#[d5]">&gt;&gt;</a>&nbsp;&nbsp;&nbsp;Group_Motor_Ctrl
<LI><a href="#[222]">&gt;&gt;</a>&nbsp;&nbsp;&nbsp;Motor_Send_Data
<LI><a href="#[1f0]">&gt;&gt;</a>&nbsp;&nbsp;&nbsp;cap_send_2E
</UL>

<P><STRONG><a name="[13]"></a>Cap_Init</STRONG> (Thumb, 16 bytes, Stack size 0 bytes, cap.o(i.Cap_Init))
<BR>[Address Reference Count : 1]<UL><LI> cap.o(.data)
</UL>
<P><STRONG><a name="[7]"></a>Chassis_Init</STRONG> (Thumb, 450 bytes, Stack size 16 bytes, chassis.o(i.Chassis_Init))
<BR><BR>[Stack]<UL><LI>Max Depth = 144<LI>Call Chain = Chassis_Init &rArr; xvEstimateKF_Init &rArr; Kalman_Filter_Init &rArr; pvPortMalloc &rArr; xTaskResumeAll &rArr; xTaskIncrementTick
</UL>
<BR>[Calls]<UL><LI><a href="#[12c]">&gt;&gt;</a>&nbsp;&nbsp;&nbsp;xvEstimateKF_Init
<LI><a href="#[12d]">&gt;&gt;</a>&nbsp;&nbsp;&nbsp;XEstimateKF_Init
</UL>
<BR>[Address Reference Count : 1]<UL><LI> chassis.o(.data)
</UL>
<P><STRONG><a name="[13a]"></a>Chassis_S_Turn_sdl_update</STRONG> (Thumb, 278 bytes, Stack size 24 bytes, chassis.o(i.Chassis_S_Turn_sdl_update))
<BR><BR>[Stack]<UL><LI>Max Depth = 24<LI>Call Chain = Chassis_S_Turn_sdl_update
</UL>
<BR>[Calls]<UL><LI><a href="#[107]">&gt;&gt;</a>&nbsp;&nbsp;&nbsp;arm_sin_f32
<LI><a href="#[108]">&gt;&gt;</a>&nbsp;&nbsp;&nbsp;arm_cos_f32
</UL>
<BR>[Called By]<UL><LI><a href="#[142]">&gt;&gt;</a>&nbsp;&nbsp;&nbsp;Chassis_sd1_Target_Update
</UL>

<P><STRONG><a name="[2]"></a>Cmd_Class_Init</STRONG> (Thumb, 40 bytes, Stack size 0 bytes, command.o(i.Cmd_Class_Init))
<BR>[Address Reference Count : 1]<UL><LI> command_instance.o(.data)
</UL>
<P><STRONG><a name="[b3]"></a>Cmd_Class_Update</STRONG> (Thumb, 22 bytes, Stack size 0 bytes, command.o(i.Cmd_Class_Update))
<BR><BR>[Stack]<UL><LI>Max Depth = 16<LI>Call Chain = Cmd_Class_Update &rArr; User_Status_Update
</UL>
<BR>[Calls]<UL><LI><a href="#[148]">&gt;&gt;</a>&nbsp;&nbsp;&nbsp;User_Status_Update
</UL>
<BR>[Address Reference Count : 1]<UL><LI> command.o(i.Cmd_Class_Init)
</UL>
<P><STRONG><a name="[b6]"></a>Cmd_Clean</STRONG> (Thumb, 16 bytes, Stack size 0 bytes, command.o(i.Cmd_Clean))
<BR><BR>[Called By]<UL><LI><a href="#[b7]">&gt;&gt;</a>&nbsp;&nbsp;&nbsp;Cmd_HeartBeat
</UL>
<BR>[Address Reference Count : 1]<UL><LI> command.o(i.Cmd_Class_Init)
</UL>
<P><STRONG><a name="[b7]"></a>Cmd_HeartBeat</STRONG> (Thumb, 54 bytes, Stack size 4 bytes, command.o(i.Cmd_HeartBeat))
<BR><BR>[Stack]<UL><LI>Max Depth = 12<LI>Call Chain = Cmd_HeartBeat &rArr; Cmd_Value_Update
</UL>
<BR>[Calls]<UL><LI><a href="#[149]">&gt;&gt;</a>&nbsp;&nbsp;&nbsp;Cmd_Value_Update
<LI><a href="#[b6]">&gt;&gt;</a>&nbsp;&nbsp;&nbsp;Cmd_Clean
</UL>
<BR>[Address Reference Count : 1]<UL><LI> command.o(i.Cmd_Class_Init)
</UL>
<P><STRONG><a name="[22c]"></a>Cmd_Heartbeat</STRONG> (Thumb, 32 bytes, Stack size 16 bytes, command_instance.o(i.Cmd_Heartbeat))
<BR><BR>[Stack]<UL><LI>Max Depth = 16<LI>Call Chain = Cmd_Heartbeat
</UL>
<BR>[Called By]<UL><LI><a href="#[cc]">&gt;&gt;</a>&nbsp;&nbsp;&nbsp;StartMonitorTask
</UL>

<P><STRONG><a name="[14d]"></a>Cmd_Init</STRONG> (Thumb, 32 bytes, Stack size 16 bytes, command_instance.o(i.Cmd_Init))
<BR><BR>[Stack]<UL><LI>Max Depth = 16<LI>Call Chain = Cmd_Init
</UL>
<BR>[Called By]<UL><LI><a href="#[14a]">&gt;&gt;</a>&nbsp;&nbsp;&nbsp;DEVICE_Init
</UL>

<P><STRONG><a name="[b5]"></a>Cmd_Switch_Finish</STRONG> (Thumb, 6 bytes, Stack size 0 bytes, command.o(i.Cmd_Switch_Finish))
<BR>[Address Reference Count : 1]<UL><LI> command.o(i.Cmd_Class_Init)
</UL>
<P><STRONG><a name="[b4]"></a>Cmd_Switch_Run</STRONG> (Thumb, 6 bytes, Stack size 0 bytes, command.o(i.Cmd_Switch_Run))
<BR>[Address Reference Count : 1]<UL><LI> command.o(i.Cmd_Class_Init)
</UL>
<P><STRONG><a name="[149]"></a>Cmd_Value_Update</STRONG> (Thumb, 80 bytes, Stack size 8 bytes, command.o(i.Cmd_Value_Update))
<BR><BR>[Stack]<UL><LI>Max Depth = 8<LI>Call Chain = Cmd_Value_Update
</UL>
<BR>[Called By]<UL><LI><a href="#[b7]">&gt;&gt;</a>&nbsp;&nbsp;&nbsp;Cmd_HeartBeat
</UL>

<P><STRONG><a name="[229]"></a>Command_Update</STRONG> (Thumb, 230 bytes, Stack size 32 bytes, command_instance.o(i.Command_Update))
<BR><BR>[Stack]<UL><LI>Max Depth = 32<LI>Call Chain = Command_Update
</UL>
<BR>[Called By]<UL><LI><a href="#[cd]">&gt;&gt;</a>&nbsp;&nbsp;&nbsp;StartCtrlTask
</UL>

<P><STRONG><a name="[14a]"></a>DEVICE_Init</STRONG> (Thumb, 74 bytes, Stack size 8 bytes, device.o(i.DEVICE_Init))
<BR><BR>[Stack]<UL><LI>Max Depth = 224<LI>Call Chain = DEVICE_Init &rArr; Yaw_Motor_Init &rArr; motor_pid_init
</UL>
<BR>[Calls]<UL><LI><a href="#[14d]">&gt;&gt;</a>&nbsp;&nbsp;&nbsp;Cmd_Init
<LI><a href="#[14e]">&gt;&gt;</a>&nbsp;&nbsp;&nbsp;Judge_Init
<LI><a href="#[14c]">&gt;&gt;</a>&nbsp;&nbsp;&nbsp;Dial_Motor_Init
<LI><a href="#[14b]">&gt;&gt;</a>&nbsp;&nbsp;&nbsp;Yaw_Motor_Init
</UL>
<BR>[Called By]<UL><LI><a href="#[a7]">&gt;&gt;</a>&nbsp;&nbsp;&nbsp;main
</UL>

<P><STRONG><a name="[29]"></a>DMA1_Stream0_IRQHandler</STRONG> (Thumb, 6 bytes, Stack size 0 bytes, stm32h7xx_it.o(i.DMA1_Stream0_IRQHandler))
<BR><BR>[Stack]<UL><LI>Max Depth = 56<LI>Call Chain = DMA1_Stream0_IRQHandler &rArr; HAL_DMA_IRQHandler
</UL>
<BR>[Calls]<UL><LI><a href="#[14f]">&gt;&gt;</a>&nbsp;&nbsp;&nbsp;HAL_DMA_IRQHandler
</UL>
<BR>[Address Reference Count : 1]<UL><LI> startup_stm32h723xx.o(RESET)
</UL>
<P><STRONG><a name="[2a]"></a>DMA1_Stream1_IRQHandler</STRONG> (Thumb, 6 bytes, Stack size 0 bytes, stm32h7xx_it.o(i.DMA1_Stream1_IRQHandler))
<BR><BR>[Stack]<UL><LI>Max Depth = 56<LI>Call Chain = DMA1_Stream1_IRQHandler &rArr; HAL_DMA_IRQHandler
</UL>
<BR>[Calls]<UL><LI><a href="#[14f]">&gt;&gt;</a>&nbsp;&nbsp;&nbsp;HAL_DMA_IRQHandler
</UL>
<BR>[Address Reference Count : 1]<UL><LI> startup_stm32h723xx.o(RESET)
</UL>
[...]
<BR><BR>[Stack]<UL><LI>Max Depth = 8<LI>Call Chain = SPI_CloseTransfer
</UL>
<BR>[Called By]<UL><LI><a href="#[1ac]">&gt;&gt;</a>&nbsp;&nbsp;&nbsp;HAL_SPI_IRQHandler
<LI><a href="#[104]">&gt;&gt;</a>&nbsp;&nbsp;&nbsp;HAL_SPI_TransmitReceive
</UL>

<P><STRONG><a name="[c1]"></a>SPI_DMAAbortOnError</STRONG> (Thumb, 24 bytes, Stack size 8 bytes, stm32h7xx_hal_spi.o(i.SPI_DMAAbortOnError))
<BR><BR>[Stack]<UL><LI>Max Depth = 8<LI>Call Chain = SPI_DMAAbortOnError
</UL>
<BR>[Calls]<UL><LI><a href="#[1af]">&gt;&gt;</a>&nbsp;&nbsp;&nbsp;HAL_SPI_ErrorCallback
</UL>
<BR>[Address Reference Count : 1]<UL><LI> stm32h7xx_hal_spi.o(i.HAL_SPI_IRQHandler)
</UL>
<P><STRONG><a name="[1b5]"></a>SPI_GetPacketSize</STRONG> (Thumb, 20 bytes, Stack size 0 bytes, stm32h7xx_hal_spi.o(i.SPI_GetPacketSize))
<BR><BR>[Called By]<UL><LI><a href="#[1b4]">&gt;&gt;</a>&nbsp;&nbsp;&nbsp;HAL_SPI_Init
</UL>

<P><STRONG><a name="[1b8]"></a>SPI_WaitOnFlagUntilTimeout</STRONG> (Thumb, 66 bytes, Stack size 24 bytes, stm32h7xx_hal_spi.o(i.SPI_WaitOnFlagUntilTimeout))
<BR><BR>[Stack]<UL><LI>Max Depth = 24<LI>Call Chain = SPI_WaitOnFlagUntilTimeout
</UL>
<BR>[Calls]<UL><LI><a href="#[147]">&gt;&gt;</a>&nbsp;&nbsp;&nbsp;HAL_GetTick
</UL>
<BR>[Called By]<UL><LI><a href="#[104]">&gt;&gt;</a>&nbsp;&nbsp;&nbsp;HAL_SPI_TransmitReceive
</UL>

<P><STRONG><a name="[c2]"></a>UART_DMAAbortOnError</STRONG> (Thumb, 16 bytes, Stack size 8 bytes, stm32h7xx_hal_uart.o(i.UART_DMAAbortOnError))
<BR><BR>[Stack]<UL><LI>Max Depth = 8<LI>Call Chain = UART_DMAAbortOnError
</UL>
<BR>[Calls]<UL><LI><a href="#[1d6]">&gt;&gt;</a>&nbsp;&nbsp;&nbsp;HAL_UART_ErrorCallback
</UL>
<BR>[Address Reference Count : 1]<UL><LI> stm32h7xx_hal_uart.o(i.HAL_UART_IRQHandler)
</UL>
<P><STRONG><a name="[e5]"></a>UART_DMAError</STRONG> (Thumb, 80 bytes, Stack size 16 bytes, stm32h7xx_hal_uart.o(i.UART_DMAError))
<BR><BR>[Stack]<UL><LI>Max Depth = 24<LI>Call Chain = UART_DMAError &rArr; UART_EndRxTransfer
</UL>
<BR>[Calls]<UL><LI><a href="#[236]">&gt;&gt;</a>&nbsp;&nbsp;&nbsp;UART_EndTxTransfer
<LI><a href="#[1d5]">&gt;&gt;</a>&nbsp;&nbsp;&nbsp;UART_EndRxTransfer
<LI><a href="#[1d6]">&gt;&gt;</a>&nbsp;&nbsp;&nbsp;HAL_UART_ErrorCallback
</UL>
<BR>[Address Reference Count : 1]<UL><LI> stm32h7xx_hal_uart.o(i.UART_Start_Receive_DMA)
</UL>
<P><STRONG><a name="[e3]"></a>UART_DMAReceiveCplt</STRONG> (Thumb, 132 bytes, Stack size 8 bytes, stm32h7xx_hal_uart.o(i.UART_DMAReceiveCplt))
<BR><BR>[Stack]<UL><LI>Max Depth = 56<LI>Call Chain = UART_DMAReceiveCplt &rArr; HAL_UARTEx_RxEventCallback &rArr; USART5_rxDataHandler
</UL>
<BR>[Calls]<UL><LI><a href="#[1cf]">&gt;&gt;</a>&nbsp;&nbsp;&nbsp;HAL_UARTEx_RxEventCallback
<LI><a href="#[237]">&gt;&gt;</a>&nbsp;&nbsp;&nbsp;HAL_UART_RxCpltCallback
</UL>
<BR>[Address Reference Count : 1]<UL><LI> stm32h7xx_hal_uart.o(i.UART_Start_Receive_DMA)
</UL>
<P><STRONG><a name="[e4]"></a>UART_DMARxHalfCplt</STRONG> (Thumb, 32 bytes, Stack size 8 bytes, stm32h7xx_hal_uart.o(i.UART_DMARxHalfCplt))
<BR><BR>[Stack]<UL><LI>Max Depth = 56<LI>Call Chain = UART_DMARxHalfCplt &rArr; HAL_UARTEx_RxEventCallback &rArr; USART5_rxDataHandler
</UL>
<BR>[Calls]<UL><LI><a href="#[1cf]">&gt;&gt;</a>&nbsp;&nbsp;&nbsp;HAL_UARTEx_RxEventCallback
<LI><a href="#[238]">&gt;&gt;</a>&nbsp;&nbsp;&nbsp;HAL_UART_RxHalfCpltCallback
</UL>
<BR>[Address Reference Count : 1]<UL><LI> stm32h7xx_hal_uart.o(i.UART_Start_Receive_DMA)
</UL>
<P><STRONG><a name="[1d5]"></a>UART_EndRxTransfer</STRONG> (Thumb, 78 bytes, Stack size 8 bytes, stm32h7xx_hal_uart.o(i.UART_EndRxTransfer))
<BR><BR>[Stack]<UL><LI>Max Depth = 8<LI>Call Chain = UART_EndRxTransfer
</UL>
<BR>[Called By]<UL><LI><a href="#[1d4]">&gt;&gt;</a>&nbsp;&nbsp;&nbsp;HAL_UART_IRQHandler
<LI><a href="#[e5]">&gt;&gt;</a>&nbsp;&nbsp;&nbsp;UART_DMAError
<LI><a href="#[235]">&gt;&gt;</a>&nbsp;&nbsp;&nbsp;UART_WaitOnFlagUntilTimeout
</UL>

<P><STRONG><a name="[1d8]"></a>UART_EndTransmit_IT</STRONG> (Thumb, 36 bytes, Stack size 8 bytes, stm32h7xx_hal_uart.o(i.UART_EndTransmit_IT))
<BR><BR>[Stack]<UL><LI>Max Depth = 8<LI>Call Chain = UART_EndTransmit_IT
</UL>
<BR>[Calls]<UL><LI><a href="#[239]">&gt;&gt;</a>&nbsp;&nbsp;&nbsp;HAL_UART_TxCpltCallback
</UL>
<BR>[Called By]<UL><LI><a href="#[1d4]">&gt;&gt;</a>&nbsp;&nbsp;&nbsp;HAL_UART_IRQHandler
</UL>

<P><STRONG><a name="[236]"></a>UART_EndTxTransfer</STRONG> (Thumb, 46 bytes, Stack size 0 bytes, stm32h7xx_hal_uart.o(i.UART_EndTxTransfer))
<BR><BR>[Calls]<UL><LI><a href="#[236]">&gt;&gt;</a>&nbsp;&nbsp;&nbsp;UART_EndTxTransfer
</UL>
<BR>[Called By]<UL><LI><a href="#[236]">&gt;&gt;</a>&nbsp;&nbsp;&nbsp;UART_EndTxTransfer
<LI><a href="#[e5]">&gt;&gt;</a>&nbsp;&nbsp;&nbsp;UART_DMAError
</UL>

<P><STRONG><a name="[1d2]"></a>UARTEx_SetNbDataToProcess</STRONG> (Thumb, 66 bytes, Stack size 12 bytes, stm32h7xx_hal_uart_ex.o(i.UARTEx_SetNbDataToProcess))
<BR><BR>[Stack]<UL><LI>Max Depth = 12<LI>Call Chain = UARTEx_SetNbDataToProcess
</UL>
<BR>[Called By]<UL><LI><a href="#[1d3]">&gt;&gt;</a>&nbsp;&nbsp;&nbsp;HAL_UARTEx_SetTxFifoThreshold
<LI><a href="#[1d1]">&gt;&gt;</a>&nbsp;&nbsp;&nbsp;HAL_UARTEx_SetRxFifoThreshold
</UL>

<P><STRONG><a name="[27c]"></a>prvCopyDataFromQueue</STRONG> (Thumb, 40 bytes, Stack size 8 bytes, queue.o(i.prvCopyDataFromQueue))
<BR><BR>[Stack]<UL><LI>Max Depth = 8<LI>Call Chain = prvCopyDataFromQueue
</UL>
<BR>[Calls]<UL><LI><a href="#[1ef]">&gt;&gt;</a>&nbsp;&nbsp;&nbsp;__aeabi_memcpy
</UL>
<BR>[Called By]<UL><LI><a href="#[268]">&gt;&gt;</a>&nbsp;&nbsp;&nbsp;xQueueReceiveFromISR
<LI><a href="#[28c]">&gt;&gt;</a>&nbsp;&nbsp;&nbsp;xQueueReceive
</UL>

<P><STRONG><a name="[27d]"></a>prvCopyDataToQueue</STRONG> (Thumb, 110 bytes, Stack size 24 bytes, queue.o(i.prvCopyDataToQueue))
<BR><BR>[Stack]<UL><LI>Max Depth = 40<LI>Call Chain = prvCopyDataToQueue &rArr; xTaskPriorityDisinherit
</UL>
<BR>[Calls]<UL><LI><a href="#[27e]">&gt;&gt;</a>&nbsp;&nbsp;&nbsp;xTaskPriorityDisinherit
<LI><a href="#[1ef]">&gt;&gt;</a>&nbsp;&nbsp;&nbsp;__aeabi_memcpy
</UL>
<BR>[Called By]<UL><LI><a href="#[2b3]">&gt;&gt;</a>&nbsp;&nbsp;&nbsp;xQueueGenericSendFromISR
<LI><a href="#[26b]">&gt;&gt;</a>&nbsp;&nbsp;&nbsp;xQueueGenericSend
</UL>

<P><STRONG><a name="[2b5]"></a>prvGetDisinheritPriorityAfterTimeout</STRONG> (Thumb, 20 bytes, Stack size 0 bytes, queue.o(i.prvGetDisinheritPriorityAfterTimeout))
<BR><BR>[Called By]<UL><LI><a href="#[269]">&gt;&gt;</a>&nbsp;&nbsp;&nbsp;xQueueSemaphoreTake
</UL>

<P><STRONG><a name="[280]"></a>prvInitialiseNewQueue</STRONG> (Thumb, 34 bytes, Stack size 16 bytes, queue.o(i.prvInitialiseNewQueue))
<BR><BR>[Stack]<UL><LI>Max Depth = 48<LI>Call Chain = prvInitialiseNewQueue &rArr; xQueueGenericReset &rArr; xTaskRemoveFromEventList
</UL>
<BR>[Calls]<UL><LI><a href="#[281]">&gt;&gt;</a>&nbsp;&nbsp;&nbsp;xQueueGenericReset
</UL>
<BR>[Called By]<UL><LI><a href="#[278]">&gt;&gt;</a>&nbsp;&nbsp;&nbsp;xQueueGenericCreateStatic
</UL>

<P><STRONG><a name="[286]"></a>prvIsQueueEmpty</STRONG> (Thumb, 26 bytes, Stack size 8 bytes, queue.o(i.prvIsQueueEmpty))
<BR><BR>[Stack]<UL><LI>Max Depth = 8<LI>Call Chain = prvIsQueueEmpty
</UL>
<BR>[Calls]<UL><LI><a href="#[275]">&gt;&gt;</a>&nbsp;&nbsp;&nbsp;vPortExitCritical
<LI><a href="#[273]">&gt;&gt;</a>&nbsp;&nbsp;&nbsp;vPortEnterCritical
</UL>
<BR>[Called By]<UL><LI><a href="#[269]">&gt;&gt;</a>&nbsp;&nbsp;&nbsp;xQueueSemaphoreTake
<LI><a href="#[28c]">&gt;&gt;</a>&nbsp;&nbsp;&nbsp;xQueueReceive
</UL>

<P><STRONG><a name="[287]"></a>prvIsQueueFull</STRONG> (Thumb, 30 bytes, Stack size 8 bytes, queue.o(i.prvIsQueueFull))
<BR><BR>[Stack]<UL><LI>Max Depth = 8<LI>Call Chain = prvIsQueueFull
</UL>
<BR>[Calls]<UL><LI><a href="#[275]">&gt;&gt;</a>&nbsp;&nbsp;&nbsp;vPortExitCritical
<LI><a href="#[273]">&gt;&gt;</a>&nbsp;&nbsp;&nbsp;vPortEnterCritical
</UL>
<BR>[Called By]<UL><LI><a href="#[26b]">&gt;&gt;</a>&nbsp;&nbsp;&nbsp;xQueueGenericSend
</UL>

<P><STRONG><a name="[294]"></a>prvUnlockQueue</STRONG> (Thumb, 106 bytes, Stack size 24 bytes, queue.o(i.prvUnlockQueue))
<BR><BR>[Stack]<UL><LI>Max Depth = 40<LI>Call Chain = prvUnlockQueue &rArr; xTaskRemoveFromEventList
</UL>
<BR>[Calls]<UL><LI><a href="#[295]">&gt;&gt;</a>&nbsp;&nbsp;&nbsp;xTaskRemoveFromEventList
<LI><a href="#[296]">&gt;&gt;</a>&nbsp;&nbsp;&nbsp;vTaskMissedYield
<LI><a href="#[275]">&gt;&gt;</a>&nbsp;&nbsp;&nbsp;vPortExitCritical
<LI><a href="#[273]">&gt;&gt;</a>&nbsp;&nbsp;&nbsp;vPortEnterCritical
</UL>
<BR>[Called By]<UL><LI><a href="#[269]">&gt;&gt;</a>&nbsp;&nbsp;&nbsp;xQueueSemaphoreTake
<LI><a href="#[28c]">&gt;&gt;</a>&nbsp;&nbsp;&nbsp;xQueueReceive
<LI><a href="#[26b]">&gt;&gt;</a>&nbsp;&nbsp;&nbsp;xQueueGenericSend
<LI><a href="#[290]">&gt;&gt;</a>&nbsp;&nbsp;&nbsp;vQueueWaitForMessageRestricted
</UL>

<P><STRONG><a name="[26e]"></a>prvAddCurrentTaskToDelayedList</STRONG> (Thumb, 86 bytes, Stack size 24 bytes, tasks.o(i.prvAddCurrentTaskToDelayedList))
<BR><BR>[Stack]<UL><LI>Max Depth = 36<LI>Call Chain = prvAddCurrentTaskToDelayedList &rArr; vListInsert
</UL>
<BR>[Calls]<UL><LI><a href="#[270]">&gt;&gt;</a>&nbsp;&nbsp;&nbsp;vListInsertEnd
<LI><a href="#[271]">&gt;&gt;</a>&nbsp;&nbsp;&nbsp;vListInsert
<LI><a href="#[26f]">&gt;&gt;</a>&nbsp;&nbsp;&nbsp;uxListRemove
</UL>
<BR>[Called By]<UL><LI><a href="#[2a7]">&gt;&gt;</a>&nbsp;&nbsp;&nbsp;vTaskPlaceOnEventListRestricted
<LI><a href="#[2a8]">&gt;&gt;</a>&nbsp;&nbsp;&nbsp;vTaskPlaceOnEventList
<LI><a href="#[266]">&gt;&gt;</a>&nbsp;&nbsp;&nbsp;vTaskDelay
</UL>

<P><STRONG><a name="[272]"></a>prvAddNewTaskToReadyList</STRONG> (Thumb, 124 bytes, Stack size 16 bytes, tasks.o(i.prvAddNewTaskToReadyList))
<BR><BR>[Stack]<UL><LI>Max Depth = 32<LI>Call Chain = prvAddNewTaskToReadyList &rArr; prvInitialiseTaskLists
</UL>
<BR>[Calls]<UL><LI><a href="#[270]">&gt;&gt;</a>&nbsp;&nbsp;&nbsp;vListInsertEnd
<LI><a href="#[275]">&gt;&gt;</a>&nbsp;&nbsp;&nbsp;vPortExitCritical
<LI><a href="#[273]">&gt;&gt;</a>&nbsp;&nbsp;&nbsp;vPortEnterCritical
<LI><a href="#[274]">&gt;&gt;</a>&nbsp;&nbsp;&nbsp;prvInitialiseTaskLists
</UL>
<BR>[Called By]<UL><LI><a href="#[26c]">&gt;&gt;</a>&nbsp;&nbsp;&nbsp;xTaskCreateStatic
<LI><a href="#[26d]">&gt;&gt;</a>&nbsp;&nbsp;&nbsp;xTaskCreate
</UL>

<P><STRONG><a name="[27a]"></a>prvCheckTasksWaitingTermination</STRONG> (Thumb, 52 bytes, Stack size 16 bytes, tasks.o(i.prvCheckTasksWaitingTermination))
<BR><BR>[Stack]<UL><LI>Max Depth = 88<LI>Call Chain = prvCheckTasksWaitingTermination &rArr; prvDeleteTCB &rArr; vPortFree &rArr; xTaskResumeAll &rArr; xTaskIncrementTick
</UL>
<BR>[Calls]<UL><LI><a href="#[26f]">&gt;&gt;</a>&nbsp;&nbsp;&nbsp;uxListRemove
<LI><a href="#[275]">&gt;&gt;</a>&nbsp;&nbsp;&nbsp;vPortExitCritical
<LI><a href="#[273]">&gt;&gt;</a>&nbsp;&nbsp;&nbsp;vPortEnterCritical
<LI><a href="#[27b]">&gt;&gt;</a>&nbsp;&nbsp;&nbsp;prvDeleteTCB
</UL>
<BR>[Called By]<UL><LI><a href="#[e7]">&gt;&gt;</a>&nbsp;&nbsp;&nbsp;prvIdleTask
</UL>

<P><STRONG><a name="[27b]"></a>prvDeleteTCB</STRONG> (Thumb, 64 bytes, Stack size 8 bytes, tasks.o(i.prvDeleteTCB))
<BR><BR>[Stack]<UL><LI>Max Depth = 72<LI>Call Chain = prvDeleteTCB &rArr; vPortFree &rArr; xTaskResumeAll &rArr; xTaskIncrementTick
</UL>
<BR>[Calls]<UL><LI><a href="#[27f]">&gt;&gt;</a>&nbsp;&nbsp;&nbsp;vPortFree
</UL>
<BR>[Called By]<UL><LI><a href="#[27a]">&gt;&gt;</a>&nbsp;&nbsp;&nbsp;prvCheckTasksWaitingTermination
</UL>

<P><STRONG><a name="[e7]"></a>prvIdleTask</STRONG> (Thumb, 30 bytes, Stack size 0 bytes, tasks.o(i.prvIdleTask))
<BR><BR>[Stack]<UL><LI>Max Depth = 88<LI>Call Chain = prvIdleTask &rArr; prvCheckTasksWaitingTermination &rArr; prvDeleteTCB &rArr; vPortFree &rArr; xTaskResumeAll &rArr; xTaskIncrementTick
</UL>
<BR>[Calls]<UL><LI><a href="#[27a]">&gt;&gt;</a>&nbsp;&nbsp;&nbsp;prvCheckTasksWaitingTermination
</UL>
<BR>[Address Reference Count : 1]<UL><LI> tasks.o(i.vTaskStartScheduler)
</UL>
<P><STRONG><a name="[282]"></a>prvInitialiseNewTask</STRONG> (Thumb, 168 bytes, Stack size 40 bytes, tasks.o(i.prvInitialiseNewTask))
<BR><BR>[Stack]<UL><LI>Max Depth = 40<LI>Call Chain = prvInitialiseNewTask
</UL>
<BR>[Calls]<UL><LI><a href="#[283]">&gt;&gt;</a>&nbsp;&nbsp;&nbsp;vListInitialiseItem
<LI><a href="#[284]">&gt;&gt;</a>&nbsp;&nbsp;&nbsp;pxPortInitialiseStack
<LI><a href="#[f0]">&gt;&gt;</a>&nbsp;&nbsp;&nbsp;__aeabi_memset
</UL>
<BR>[Called By]<UL><LI><a href="#[26c]">&gt;&gt;</a>&nbsp;&nbsp;&nbsp;xTaskCreateStatic
<LI><a href="#[26d]">&gt;&gt;</a>&nbsp;&nbsp;&nbsp;xTaskCreate
</UL>

<P><STRONG><a name="[274]"></a>prvInitialiseTaskLists</STRONG> (Thumb, 74 bytes, Stack size 16 bytes, tasks.o(i.prvInitialiseTaskLists))
<BR><BR>[Stack]<UL><LI>Max Depth = 16<LI>Call Chain = prvInitialiseTaskLists
</UL>
<BR>[Calls]<UL><LI><a href="#[277]">&gt;&gt;</a>&nbsp;&nbsp;&nbsp;vListInitialise
</UL>
<BR>[Called By]<UL><LI><a href="#[272]">&gt;&gt;</a>&nbsp;&nbsp;&nbsp;prvAddNewTaskToReadyList
</UL>

<P><STRONG><a name="[2b7]"></a>prvResetNextTaskUnblockTime</STRONG> (Thumb, 30 bytes, Stack size 0 bytes, tasks.o(i.prvResetNextTaskUnblockTime))
<BR><BR>[Called By]<UL><LI><a href="#[28f]">&gt;&gt;</a>&nbsp;&nbsp;&nbsp;xTaskResumeAll
<LI><a href="#[2b0]">&gt;&gt;</a>&nbsp;&nbsp;&nbsp;xTaskIncrementTick
</UL>

<P><STRONG><a name="[276]"></a>prvCheckForValidListAndQueue</STRONG> (Thumb, 72 bytes, Stack size 16 bytes, timers.o(i.prvCheckForValidListAndQueue))
<BR><BR>[Stack]<UL><LI>Max Depth = 80<LI>Call Chain = prvCheckForValidListAndQueue &rArr; xQueueGenericCreateStatic &rArr; prvInitialiseNewQueue &rArr; xQueueGenericReset &rArr; xTaskRemoveFromEventList
</UL>
<BR>[Calls]<UL><LI><a href="#[278]">&gt;&gt;</a>&nbsp;&nbsp;&nbsp;xQueueGenericCreateStatic
<LI><a href="#[279]">&gt;&gt;</a>&nbsp;&nbsp;&nbsp;vQueueAddToRegistry
<LI><a href="#[275]">&gt;&gt;</a>&nbsp;&nbsp;&nbsp;vPortExitCritical
<LI><a href="#[273]">&gt;&gt;</a>&nbsp;&nbsp;&nbsp;vPortEnterCritical
<LI><a href="#[277]">&gt;&gt;</a>&nbsp;&nbsp;&nbsp;vListInitialise
</UL>
<BR>[Called By]<UL><LI><a href="#[2ab]">&gt;&gt;</a>&nbsp;&nbsp;&nbsp;xTimerCreateTimerTask
</UL>

<P><STRONG><a name="[293]"></a>prvGetNextExpireTime</STRONG> (Thumb, 30 bytes, Stack size 0 bytes, timers.o(i.prvGetNextExpireTime))
<BR><BR>[Called By]<UL><LI><a href="#[e8]">&gt;&gt;</a>&nbsp;&nbsp;&nbsp;prvTimerTask
</UL>

<P><STRONG><a name="[285]"></a>prvInsertTimerInActiveList</STRONG> (Thumb, 60 bytes, Stack size 16 bytes, timers.o(i.prvInsertTimerInActiveList))
<BR><BR>[Stack]<UL><LI>Max Depth = 28<LI>Call Chain = prvInsertTimerInActiveList &rArr; vListInsert
</UL>
<BR>[Calls]<UL><LI><a href="#[271]">&gt;&gt;</a>&nbsp;&nbsp;&nbsp;vListInsert
</UL>
<BR>[Called By]<UL><LI><a href="#[28a]">&gt;&gt;</a>&nbsp;&nbsp;&nbsp;prvProcessReceivedCommands
<LI><a href="#[288]">&gt;&gt;</a>&nbsp;&nbsp;&nbsp;prvProcessExpiredTimer
</UL>

<P><STRONG><a name="[288]"></a>prvProcessExpiredTimer</STRONG> (Thumb, 98 bytes, Stack size 24 bytes, timers.o(i.prvProcessExpiredTimer))
<BR><BR>[Stack]<UL><LI>Max Depth = 168<LI>Call Chain = prvProcessExpiredTimer &rArr; xTimerGenericCommand &rArr; xQueueGenericSend &rArr; xTaskResumeAll &rArr; xTaskIncrementTick
</UL>
<BR>[Calls]<UL><LI><a href="#[26f]">&gt;&gt;</a>&nbsp;&nbsp;&nbsp;uxListRemove
<LI><a href="#[289]">&gt;&gt;</a>&nbsp;&nbsp;&nbsp;xTimerGenericCommand
<LI><a href="#[285]">&gt;&gt;</a>&nbsp;&nbsp;&nbsp;prvInsertTimerInActiveList
</UL>
<BR>[Called By]<UL><LI><a href="#[28d]">&gt;&gt;</a>&nbsp;&nbsp;&nbsp;prvProcessTimerOrBlockTask
</UL>

<P><STRONG><a name="[28a]"></a>prvProcessReceivedCommands</STRONG> (Thumb, 248 bytes, Stack size 40 bytes, timers.o(i.prvProcessReceivedCommands))
<BR><BR>[Stack]<UL><LI>Max Depth = 224<LI>Call Chain = prvProcessReceivedCommands &rArr; prvSampleTimeNow &rArr; prvSwitchTimerLists &rArr; xTimerGenericCommand &rArr; xQueueGenericSend &rArr; xTaskResumeAll &rArr; xTaskIncrementTick
</UL>
<BR>[Calls]<UL><LI><a href="#[28c]">&gt;&gt;</a>&nbsp;&nbsp;&nbsp;xQueueReceive
<LI><a href="#[26f]">&gt;&gt;</a>&nbsp;&nbsp;&nbsp;uxListRemove
<LI><a href="#[27f]">&gt;&gt;</a>&nbsp;&nbsp;&nbsp;vPortFree
<LI><a href="#[289]">&gt;&gt;</a>&nbsp;&nbsp;&nbsp;xTimerGenericCommand
<LI><a href="#[28b]">&gt;&gt;</a>&nbsp;&nbsp;&nbsp;prvSampleTimeNow
<LI><a href="#[285]">&gt;&gt;</a>&nbsp;&nbsp;&nbsp;prvInsertTimerInActiveList
</UL>
<BR>[Called By]<UL><LI><a href="#[e8]">&gt;&gt;</a>&nbsp;&nbsp;&nbsp;prvTimerTask
</UL>

<P><STRONG><a name="[28d]"></a>prvProcessTimerOrBlockTask</STRONG> (Thumb, 100 bytes, Stack size 24 bytes, timers.o(i.prvProcessTimerOrBlockTask))
<BR><BR>[Stack]<UL><LI>Max Depth = 208<LI>Call Chain = prvProcessTimerOrBlockTask &rArr; prvSampleTimeNow &rArr; prvSwitchTimerLists &rArr; xTimerGenericCommand &rArr; xQueueGenericSend &rArr; xTaskResumeAll &rArr; xTaskIncrementTick
</UL>
<BR>[Calls]<UL><LI><a href="#[290]">&gt;&gt;</a>&nbsp;&nbsp;&nbsp;vQueueWaitForMessageRestricted
<LI><a href="#[28f]">&gt;&gt;</a>&nbsp;&nbsp;&nbsp;xTaskResumeAll
<LI><a href="#[28e]">&gt;&gt;</a>&nbsp;&nbsp;&nbsp;vTaskSuspendAll
<LI><a href="#[28b]">&gt;&gt;</a>&nbsp;&nbsp;&nbsp;prvSampleTimeNow
<LI><a href="#[288]">&gt;&gt;</a>&nbsp;&nbsp;&nbsp;prvProcessExpiredTimer
</UL>
<BR>[Called By]<UL><LI><a href="#[e8]">&gt;&gt;</a>&nbsp;&nbsp;&nbsp;prvTimerTask
</UL>

<P><STRONG><a name="[28b]"></a>prvSampleTimeNow</STRONG> (Thumb, 38 bytes, Stack size 16 bytes, timers.o(i.prvSampleTimeNow))
<BR><BR>[Stack]<UL><LI>Max Depth = 184<LI>Call Chain = prvSampleTimeNow &rArr; prvSwitchTimerLists &rArr; xTimerGenericCommand &rArr; xQueueGenericSend &rArr; xTaskResumeAll &rArr; xTaskIncrementTick
</UL>
<BR>[Calls]<UL><LI><a href="#[292]">&gt;&gt;</a>&nbsp;&nbsp;&nbsp;prvSwitchTimerLists
<LI><a href="#[291]">&gt;&gt;</a>&nbsp;&nbsp;&nbsp;xTaskGetTickCount
</UL>
<BR>[Called By]<UL><LI><a href="#[28d]">&gt;&gt;</a>&nbsp;&nbsp;&nbsp;prvProcessTimerOrBlockTask
<LI><a href="#[28a]">&gt;&gt;</a>&nbsp;&nbsp;&nbsp;prvProcessReceivedCommands
</UL>

<P><STRONG><a name="[292]"></a>prvSwitchTimerLists</STRONG> (Thumb, 106 bytes, Stack size 24 bytes, timers.o(i.prvSwitchTimerLists))
<BR><BR>[Stack]<UL><LI>Max Depth = 168<LI>Call Chain = prvSwitchTimerLists &rArr; xTimerGenericCommand &rArr; xQueueGenericSend &rArr; xTaskResumeAll &rArr; xTaskIncrementTick
</UL>
<BR>[Calls]<UL><LI><a href="#[271]">&gt;&gt;</a>&nbsp;&nbsp;&nbsp;vListInsert
<LI><a href="#[26f]">&gt;&gt;</a>&nbsp;&nbsp;&nbsp;uxListRemove
<LI><a href="#[289]">&gt;&gt;</a>&nbsp;&nbsp;&nbsp;xTimerGenericCommand
</UL>
<BR>[Called By]<UL><LI><a href="#[28b]">&gt;&gt;</a>&nbsp;&nbsp;&nbsp;prvSampleTimeNow
</UL>

<P><STRONG><a name="[e8]"></a>prvTimerTask</STRONG> (Thumb, 20 bytes, Stack size 8 bytes, timers.o(i.prvTimerTask))
<BR><BR>[Stack]<UL><LI>Max Depth = 232<LI>Call Chain = prvTimerTask &rArr; prvProcessReceivedCommands &rArr; prvSampleTimeNow &rArr; prvSwitchTimerLists &rArr; xTimerGenericCommand &rArr; xQueueGenericSend &rArr; xTaskResumeAll &rArr; xTaskIncrementTick
</UL>
<BR>[Calls]<UL><LI><a href="#[28d]">&gt;&gt;</a>&nbsp;&nbsp;&nbsp;prvProcessTimerOrBlockTask
<LI><a href="#[28a]">&gt;&gt;</a>&nbsp;&nbsp;&nbsp;prvProcessReceivedCommands
<LI><a href="#[293]">&gt;&gt;</a>&nbsp;&nbsp;&nbsp;prvGetNextExpireTime
</UL>
<BR>[Address Reference Count : 1]<UL><LI> timers.o(i.xTimerCreateTimerTask)
</UL>
<P><STRONG><a name="[297]"></a>prvHeapInit</STRONG> (Thumb, 68 bytes, Stack size 0 bytes, heap_4.o(i.prvHeapInit))
<BR><BR>[Called By]<UL><LI><a href="#[1f3]">&gt;&gt;</a>&nbsp;&nbsp;&nbsp;pvPortMalloc
</UL>

<P><STRONG><a name="[298]"></a>prvInsertBlockIntoFreeList</STRONG> (Thumb, 78 bytes, Stack size 12 bytes, heap_4.o(i.prvInsertBlockIntoFreeList))
<BR><BR>[Stack]<UL><LI>Max Depth = 12<LI>Call Chain = prvInsertBlockIntoFreeList
</UL>
<BR>[Called By]<UL><LI><a href="#[1f3]">&gt;&gt;</a>&nbsp;&nbsp;&nbsp;pvPortMalloc
<LI><a href="#[27f]">&gt;&gt;</a>&nbsp;&nbsp;&nbsp;vPortFree
</UL>

<P><STRONG><a name="[e6]"></a>prvTaskExitError</STRONG> (Thumb, 40 bytes, Stack size 0 bytes, port.o(i.prvTaskExitError))
<BR>[Address Reference Count : 1]<UL><LI> port.o(i.pxPortInitialiseStack)
</UL><P>
<H3>
Undefined Global Symbols
</H3><HR></body></html>
