Component: ARM Compiler 5.06 update 5 (build 528) Tool: armlink [4d35e2]

==============================================================================

Section Cross References

    main.o(i.HAL_TIM_PeriodElapsedCallback) refers to stm32h7xx_hal.o(i.HAL_IncTick) for HAL_IncTick
    main.o(i.PeriphCommonClock_Config) refers to memseta.o(.text) for __aeabi_memclr4
    main.o(i.PeriphCommonClock_Config) refers to stm32h7xx_hal_rcc_ex.o(i.HAL_RCCEx_PeriphCLKConfig) for HAL_RCCEx_PeriphCLKConfig
    main.o(i.PeriphCommonClock_Config) refers to main.o(i.Error_Handler) for Error_Handler
    main.o(i.SystemClock_Config) refers to memseta.o(.text) for __aeabi_memclr4
    main.o(i.SystemClock_Config) refers to stm32h7xx_hal_pwr_ex.o(i.HAL_PWREx_ConfigSupply) for HAL_PWREx_ConfigSupply
    main.o(i.SystemClock_Config) refers to stm32h7xx_hal_rcc.o(i.HAL_RCC_OscConfig) for HAL_RCC_OscConfig
    main.o(i.SystemClock_Config) refers to main.o(i.Error_Handler) for Error_Handler
    main.o(i.SystemClock_Config) refers to stm32h7xx_hal_rcc.o(i.HAL_RCC_ClockConfig) for HAL_RCC_ClockConfig
    main.o(i.main) refers to stm32h7xx_hal.o(i.HAL_Init) for HAL_Init
    main.o(i.main) refers to main.o(i.SystemClock_Config) for SystemClock_Config
    main.o(i.main) refers to main.o(i.PeriphCommonClock_Config) for PeriphCommonClock_Config
    main.o(i.main) refers to gpio.o(i.MX_GPIO_Init) for MX_GPIO_Init
    main.o(i.main) refers to dma.o(i.MX_DMA_Init) for MX_DMA_Init
    main.o(i.main) refers to spi.o(i.MX_SPI2_Init) for MX_SPI2_Init
    main.o(i.main) refers to fdcan.o(i.MX_FDCAN1_Init) for MX_FDCAN1_Init
    main.o(i.main) refers to spi.o(i.MX_SPI6_Init) for MX_SPI6_Init
    main.o(i.main) refers to tim.o(i.MX_TIM12_Init) for MX_TIM12_Init
    main.o(i.main) refers to usart.o(i.MX_USART2_UART_Init) for MX_USART2_UART_Init
    main.o(i.main) refers to fdcan.o(i.MX_FDCAN2_Init) for MX_FDCAN2_Init
    main.o(i.main) refers to fdcan.o(i.MX_FDCAN3_Init) for MX_FDCAN3_Init
    main.o(i.main) refers to usart.o(i.MX_USART10_UART_Init) for MX_USART10_UART_Init
    main.o(i.main) refers to usart.o(i.MX_UART5_Init) for MX_UART5_Init
    main.o(i.main) refers to iwdg.o(i.MX_IWDG1_Init) for MX_IWDG1_Init
    main.o(i.main) refers to usart.o(i.MX_USART1_UART_Init) for MX_USART1_UART_Init
    main.o(i.main) refers to usart.o(i.MX_USART6_UART_Init) for MX_USART6_UART_Init
    main.o(i.main) refers to usart.o(i.MX_UART8_Init) for MX_UART8_Init
    main.o(i.main) refers to usart.o(i.MX_UART9_Init) for MX_UART9_Init
    main.o(i.main) refers to usart.o(i.MX_UART7_Init) for MX_UART7_Init
    main.o(i.main) refers to device.o(i.DEVICE_Init) for DEVICE_Init
    main.o(i.main) refers to driver.o(i.DRIVER_Init) for DRIVER_Init
    main.o(i.main) refers to cmsis_os2.o(i.osKernelInitialize) for osKernelInitialize
    main.o(i.main) refers to freertos.o(i.MX_FREERTOS_Init) for MX_FREERTOS_Init
    main.o(i.main) refers to cmsis_os2.o(i.osKernelStart) for osKernelStart
    gpio.o(i.MX_GPIO_Init) refers to memseta.o(.text) for __aeabi_memclr4
    gpio.o(i.MX_GPIO_Init) refers to stm32h7xx_hal_gpio.o(i.HAL_GPIO_WritePin) for HAL_GPIO_WritePin
    gpio.o(i.MX_GPIO_Init) refers to stm32h7xx_hal_gpio.o(i.HAL_GPIO_Init) for HAL_GPIO_Init
    gpio.o(i.MX_GPIO_Init) refers to stm32h7xx_hal.o(i.HAL_SYSCFG_AnalogSwitchConfig) for HAL_SYSCFG_AnalogSwitchConfig
    gpio.o(i.MX_GPIO_Init) refers to stm32h7xx_hal_cortex.o(i.HAL_NVIC_SetPriority) for HAL_NVIC_SetPriority
    gpio.o(i.MX_GPIO_Init) refers to stm32h7xx_hal_cortex.o(i.HAL_NVIC_EnableIRQ) for HAL_NVIC_EnableIRQ
    freertos.o(i.MX_FREERTOS_Init) refers to cmsis_os2.o(i.osThreadNew) for osThreadNew
    freertos.o(i.MX_FREERTOS_Init) refers to freertos.o(.constdata) for .constdata
    freertos.o(i.MX_FREERTOS_Init) refers to monitor_task.o(i.StartMonitorTask) for StartMonitorTask
    freertos.o(i.MX_FREERTOS_Init) refers to freertos.o(.data) for .data
    freertos.o(i.MX_FREERTOS_Init) refers to control_task.o(i.StartCtrlTask) for StartCtrlTask
    freertos.o(i.MX_FREERTOS_Init) refers to command_task.o(i.StartCommandTask) for StartCommandTask
    freertos.o(i.MX_FREERTOS_Init) refers to observe_task.o(i.StartUpdataTask) for StartUpdataTask
    freertos.o(i.MX_FREERTOS_Init) refers to ui_task.o(i.StartUITask) for StartUITask
    freertos.o(i.MX_FREERTOS_Init) refers to connect_task.o(i.StartConnectTask) for StartConnectTask
    freertos.o(i.StartCommandTask) refers to cmsis_os2.o(i.osDelay) for osDelay
    freertos.o(i.StartConnectTask) refers to cmsis_os2.o(i.osDelay) for osDelay
    freertos.o(i.StartCtrlTask) refers to cmsis_os2.o(i.osDelay) for osDelay
    freertos.o(i.StartMonitorTask) refers to cmsis_os2.o(i.osDelay) for osDelay
    freertos.o(i.StartUITask) refers to cmsis_os2.o(i.osDelay) for osDelay
    freertos.o(i.StartUpdataTask) refers to cmsis_os2.o(i.osDelay) for osDelay
    freertos.o(.constdata) refers to freertos.o(.conststring) for .conststring
[...]
    0x080002dc   0x080002dc   0x00000000   Code   RO        18779    .ARM.Collect$$$$0000000D  mc_w.l(entry10a.o)
    0x080002dc   0x080002dc   0x00000000   Code   RO        18781    .ARM.Collect$$$$0000000F  mc_w.l(entry11a.o)
    0x080002dc   0x080002dc   0x00000004   Code   RO        18770    .ARM.Collect$$$$00002712  mc_w.l(entry2.o)
    0x080002e0   0x080002e0   0x000000be   Code   RO        11690    .emb_text           port.o
    0x0800039e   0x0800039e   0x00000002   PAD
    0x080003a0   0x080003a0   0x0000002c   Code   RO         9980    .text               startup_stm32h723xx.o
    0x080003cc   0x080003cc   0x00000062   Code   RO        18631    .text               mc_w.l(uldiv.o)
    0x0800042e   0x0800042e   0x0000001e   Code   RO        18635    .text               mc_w.l(llshl.o)
    0x0800044c   0x0800044c   0x00000024   Code   RO        18639    .text               mc_w.l(memcpya.o)
    0x08000470   0x08000470   0x00000024   Code   RO        18643    .text               mc_w.l(memseta.o)
    0x08000494   0x08000494   0x00000020   Code   RO        18788    .text               mc_w.l(llushr.o)
    0x080004b4   0x080004b4   0x00000000   Code   RO        18799    .text               mc_w.l(iusefp.o)
    0x080004b4   0x080004b4   0x0000002e   Code   RO        18806    .text               mf_w.l(dscalb.o)
    0x080004e2   0x080004e2   0x00000004   Code   RO        18812    .text               mf_w.l(fpstat.o)
    0x080004e6   0x080004e6   0x00000002   PAD
    0x080004e8   0x080004e8   0x00000024   Code   RO        18814    .text               mc_w.l(init.o)
    0x0800050c   0x0800050c   0x00000056   Code   RO        18828    .text               mc_w.l(__dczerorl2.o)
    0x08000562   0x08000562   0x00000002   PAD
    0x08000564   0x08000564   0x000000b4   Code   RO         4362    i.Angle_Sum_Cal     dm_motor.o
    0x08000618   0x08000618   0x0000010c   Code   RO         4491    i.Angle_Sum_Cal     rm_motor.o
    0x08000724   0x08000724   0x00000010   Code   RO         2969    i.BMI088_ACCEL_NS_H  bmi088middleware.o
    0x08000734   0x08000734   0x00000010   Code   RO         2970    i.BMI088_ACCEL_NS_L  bmi088middleware.o
    0x08000744   0x08000744   0x00000002   Code   RO         2971    i.BMI088_GPIO_init  bmi088middleware.o
    0x08000746   0x08000746   0x00000002   PAD
    0x08000748   0x08000748   0x00000010   Code   RO         2972    i.BMI088_GYRO_NS_H  bmi088middleware.o
    0x08000758   0x08000758   0x00000010   Code   RO         2973    i.BMI088_GYRO_NS_L  bmi088middleware.o
    0x08000768   0x08000768   0x00000002   Code   RO         2974    i.BMI088_com_init   bmi088middleware.o
    0x0800076a   0x0800076a   0x00000018   Code   RO         2975    i.BMI088_delay_ms   bmi088middleware.o
    0x08000782   0x08000782   0x00000016   Code   RO         2976    i.BMI088_delay_us   bmi088middleware.o
    0x08000798   0x08000798   0x00000018   Code   RO         2811    i.BMI088_init       bmi088driver.o
    0x080007b0   0x080007b0   0x0000015c   Code   RO         2812    i.BMI088_read       bmi088driver.o
    0x0800090c   0x0800090c   0x00000024   Code   RO         2813    i.BMI088_read_muli_reg  bmi088driver.o
    0x08000930   0x08000930   0x00000016   Code   RO         2814    i.BMI088_read_single_reg  bmi088driver.o
    0x08000946   0x08000946   0x00000002   PAD
    0x08000948   0x08000948   0x00000020   Code   RO         2977    i.BMI088_read_write_byte  bmi088middleware.o
    0x08000968   0x08000968   0x00000012   Code   RO         2815    i.BMI088_write_single_reg  bmi088driver.o
    0x0800097a   0x0800097a   0x00000002   PAD
    0x0800097c   0x0800097c   0x00000114   Code   RO         2733    i.BMI_Get_Acceleration  bmi_ekf.o
    0x08000a90   0x08000a90   0x00000014   Code   RO         1411    i.Balance_Init      balance.o
    0x08000aa4   0x08000aa4   0x00000038   Code   RO         1412    i.Balance_Init_Judge  balance.o
    0x08000adc   0x08000adc   0x00000130   Code   RO         1413    i.Balance_Status_Update  balance.o
    0x08000c0c   0x08000c0c   0x00000002   Code   RO          873    i.BusFault_Handler  stm32h7xx_it.o
    0x08000c0e   0x08000c0e   0x00000002   PAD
    0x08000c10   0x08000c10   0x00000044   Code   RO         4016    i.CAN1_Filter_Init  drv_can.o
    0x08000c54   0x08000c54   0x00000054   Code   RO         1471    i.CAN1_Set_Torque   robot.o
    0x08000ca8   0x08000ca8   0x00000040   Code   RO         3533    i.CAN1_rxDataHandler  can_protocol.o
    0x08000ce8   0x08000ce8   0x00000044   Code   RO         4018    i.CAN2_Filter_Init  drv_can.o
    0x08000d2c   0x08000d2c   0x00000040   Code   RO         3534    i.CAN2_rxDataHandler  can_protocol.o
    0x08000d6c   0x08000d6c   0x00000044   Code   RO         4020    i.CAN3_Filter_Init  drv_can.o
    0x08000db0   0x08000db0   0x00000034   Code   RO         3535    i.CAN3_rxDataHandler  can_protocol.o
    0x08000de4   0x08000de4   0x0000000a   Code   RO         4492    i.CAN_01_GetMotorAngle  rm_motor.o
    0x08000dee   0x08000dee   0x0000000c   Code   RO         4493    i.CAN_23_GetMotorSpeed  rm_motor.o
    0x08000dfa   0x08000dfa   0x0000000c   Code   RO         4494    i.CAN_45_GetMotorCurrent  rm_motor.o
    0x08000e06   0x08000e06   0x00000004   Code   RO         4495    i.CAN_6_GetMotorTemperature  rm_motor.o
    0x08000e0a   0x08000e0a   0x00000026   Code   RO         4022    i.CAN_SendData      drv_can.o
    0x08000e30   0x08000e30   0x00000022   Code   RO         3315    i.Cap_HeartBeat     cap.o
    0x08000e52   0x08000e52   0x00000002   PAD
    0x08000e54   0x08000e54   0x00000018   Code   RO         3316    i.Cap_Init          cap.o
    0x08000e6c   0x08000e6c   0x000001dc   Code   RO         1505    i.Chassis_Ctrl      chassis.o
    0x08001048   0x08001048   0x0000004c   Code   RO         1506    i.Chassis_Damping_Sleep  chassis.o
    0x08001094   0x08001094   0x00000176   Code   RO         1507    i.Chassis_Data_Update  chassis.o
    0x0800120a   0x0800120a   0x00000002   PAD
    0x0800120c   0x0800120c   0x00000038   Code   RO         1508    i.Chassis_HeartBeat  chassis.o
    0x08001244   0x08001244   0x0000022c   Code   RO         1509    i.Chassis_Init      chassis.o
    0x08001470   0x08001470   0x00000150   Code   RO         1510    i.Chassis_Leg_Fbl_Cal  chassis.o
    0x080015c0   0x080015c0   0x00000154   Code   RO         1511    i.Chassis_Leg_Length_Strength_Cal  chassis.o
    0x08001714   0x08001714   0x0000012c   Code   RO         1512    i.Chassis_Leg_Length_Target_Process  chassis.o
    0x08001840   0x08001840   0x000000a8   Code   RO         1513    i.Chassis_Leg_Sync_Cal  chassis.o
    0x080018e8   0x080018e8   0x00000140   Code   RO         1514    i.Chassis_Leg_vir_phi0_Cal  chassis.o
    0x08001a28   0x08001a28   0x000000a0   Code   RO         1515    i.Chassis_Link_Feedforward_Cal  chassis.o
    0x08001ac8   0x08001ac8   0x0000005a   Code   RO         1516    i.Chassis_Motor_Group_Offline_Check  chassis.o
    0x08001b22   0x08001b22   0x00000002   PAD
    0x08001b24   0x08001b24   0x00000198   Code   RO         1517    i.Chassis_Offline_Process  chassis.o
    0x08001cbc   0x08001cbc   0x000000cc   Code   RO         2358    i.Chassis_Posture_Update  chassis_posture.o
    0x08001d88   0x08001d88   0x000001e4   Code   RO         1518    i.Chassis_Power_Limit  chassis.o
    0x08001f6c   0x08001f6c   0x00000024   Code   RO         1519    i.Chassis_Rc_Input_Update  chassis.o
    0x08001f90   0x08001f90   0x000000ac   Code   RO         1520    i.Chassis_Roll_Control  chassis.o
    0x0800203c   0x0800203c   0x00000140   Code   RO         1521    i.Chassis_S_Turn_sdl_update  chassis.o
    0x0800217c   0x0800217c   0x00000048   Code   RO         1522    i.Chassis_Set_Torque  chassis.o
    0x080021c4   0x080021c4   0x00000180   Code   RO         1523    i.Chassis_Speed_Limit  chassis.o
    0x08002344   0x08002344   0x00000268   Code   RO         1524    i.Chassis_State_Var_Update  chassis.o
    0x080025ac   0x080025ac   0x000000b8   Code   RO         1525    i.Chassis_Status_React  chassis.o
    0x08002664   0x08002664   0x00000088   Code   RO         1526    i.Chassis_Stop_Damping  chassis.o
    0x080026ec   0x080026ec   0x0000014c   Code   RO         1527    i.Chassis_Takeoff_Detect  chassis.o
    0x08002838   0x08002838   0x000000c8   Code   RO         1528    i.Chassis_Target_Update  chassis.o
    0x08002900   0x08002900   0x000001b4   Code   RO         1529    i.Chassis_Torque_Cal  chassis.o
    0x08002ab4   0x08002ab4   0x000001a0   Code   RO         1530    i.Chassis_Wheel_Turn_Cal  chassis.o
    0x08002c54   0x08002c54   0x0000001a   Code   RO         1531    i.Chassis_Work      chassis.o
    0x08002c6e   0x08002c6e   0x00000002   PAD
    0x08002c70   0x08002c70   0x00000288   Code   RO         1532    i.Chassis_Yaw_Target_Process_All  chassis.o
    0x08002ef8   0x08002ef8   0x00000268   Code   RO         1533    i.Chassis_sd1_Target_Update  chassis.o
    0x08003160   0x08003160   0x00000028   Code   RO         1534    i.Clean_Process     chassis.o
    0x08003188   0x08003188   0x0000003c   Code   RO         1927    i.Cmd_Class_Init    command.o
    0x080031c4   0x080031c4   0x00000016   Code   RO         1928    i.Cmd_Class_Update  command.o
    0x080031da   0x080031da   0x00000010   Code   RO         1929    i.Cmd_Clean         command.o
    0x080031ea   0x080031ea   0x00000036   Code   RO         1930    i.Cmd_HeartBeat     command.o
    0x08003220   0x08003220   0x00000024   Code   RO         1997    i.Cmd_Heartbeat     command_instance.o
    0x08003244   0x08003244   0x00000024   Code   RO         1998    i.Cmd_Init          command_instance.o
    0x08003268   0x08003268   0x00000006   Code   RO         1931    i.Cmd_Switch_Finish  command.o
    0x0800326e   0x0800326e   0x00000006   Code   RO         1932    i.Cmd_Switch_Run    command.o
    0x08003274   0x08003274   0x00000050   Code   RO         1933    i.Cmd_Value_Update  command.o
    0x080032c4   0x080032c4   0x00000148   Code   RO         1999    i.Command_Update    command_instance.o
    0x0800340c   0x0800340c   0x00000070   Code   RO         3149    i.DEVICE_Init       device.o
    0x0800347c   0x0800347c   0x0000000c   Code   RO          874    i.DMA1_Stream0_IRQHandler  stm32h7xx_it.o
    0x08003488   0x08003488   0x0000000c   Code   RO          875    i.DMA1_Stream1_IRQHandler  stm32h7xx_it.o
    0x08003494   0x08003494   0x0000000c   Code   RO          876    i.DMA1_Stream2_IRQHandler  stm32h7xx_it.o
    0x080034a0   0x080034a0   0x0000000c   Code   RO          877    i.DMA1_Stream3_IRQHandler  stm32h7xx_it.o
    0x080034ac   0x080034ac   0x0000000c   Code   RO          878    i.DMA1_Stream4_IRQHandler  stm32h7xx_it.o
    0x080034b8   0x080034b8   0x0000000c   Code   RO          879    i.DMA1_Stream5_IRQHandler  stm32h7xx_it.o
    0x080034c4   0x080034c4   0x0000000c   Code   RO          880    i.DMA1_Stream6_IRQHandler  stm32h7xx_it.o
    0x080034d0   0x080034d0   0x0000000c   Code   RO          881    i.DMA1_Stream7_IRQHandler  stm32h7xx_it.o
    0x080034dc   0x080034dc   0x0000000c   Code   RO          882    i.DMA2_Stream0_IRQHandler  stm32h7xx_it.o
    0x080034e8   0x080034e8   0x0000000c   Code   RO          883    i.DMA2_Stream1_IRQHandler  stm32h7xx_it.o
    0x080034f4   0x080034f4   0x0000000c   Code   RO          884    i.DMA2_Stream2_IRQHandler  stm32h7xx_it.o
    0x08003500   0x08003500   0x0000000c   Code   RO          885    i.DMA2_Stream3_IRQHandler  stm32h7xx_it.o
    0x0800350c   0x0800350c   0x0000000c   Code   RO          886    i.DMA2_Stream4_IRQHandler  stm32h7xx_it.o
    0x08003518   0x08003518   0x000000c0   Code   RO         6809    i.DMA_CalcBaseAndBitshift  stm32h7xx_hal_dma.o
    0x080035d8   0x080035d8   0x000000a0   Code   RO         6810    i.DMA_CalcDMAMUXChannelBaseAndMask  stm32h7xx_hal_dma.o
    0x08003678   0x08003678   0x0000007c   Code   RO         6811    i.DMA_CalcDMAMUXRequestGenBaseAndMask  stm32h7xx_hal_dma.o
    0x080036f4   0x080036f4   0x00000078   Code   RO         6812    i.DMA_CheckFifoParam  stm32h7xx_hal_dma.o
    0x0800376c   0x0800376c   0x0000023c   Code   RO         6813    i.DMA_SetConfig     stm32h7xx_hal_dma.o
    0x080039a8   0x080039a8   0x0000002a   Code   RO         4363    i.DM_Motor_Hearbeat  dm_motor.o
    0x080039d2   0x080039d2   0x00000002   PAD
    0x080039d4   0x080039d4   0x00000050   Code   RO         4364    i.DM_Single_Motor_Init  dm_motor.o
    0x08003a24   0x08003a24   0x00000040   Code   RO         4365    i.DM_Single_Motor_Set_Angle  dm_motor.o
    0x08003a64   0x08003a64   0x0000002c   Code   RO         4366    i.DM_Single_Motor_Set_Speed  dm_motor.o
    0x08003a90   0x08003a90   0x0000004c   Code   RO         4367    i.DM_Single_Motor_Set_Torque  dm_motor.o
    0x08003adc   0x08003adc   0x00000020   Code   RO         4368    i.DM_Single_Motor_Sleep  dm_motor.o
    0x08003afc   0x08003afc   0x00000026   Code   RO         3965    i.DRIVER_Init       driver.o
    0x08003b22   0x08003b22   0x0000000e   Code   RO         4176    i.DRV_UART_IRQHandler  drv_uart.o
    0x08003b30   0x08003b30   0x00000014   Code   RO         3700    i.D_Board_Heart_Beat  board_protocol.o
    0x08003b44   0x08003b44   0x000000b8   Code   RO         3701    i.D_Board_Rx1       board_protocol.o
    0x08003bfc   0x08003bfc   0x00000040   Code   RO         3702    i.D_Board_Rx2       board_protocol.o
    0x08003c3c   0x08003c3c   0x000000d0   Code   RO         3703    i.D_Board_Rx3       board_protocol.o
    0x08003d0c   0x08003d0c   0x000000f8   Code   RO         3705    i.D_Board_Tx1       board_protocol.o
    0x08003e04   0x08003e04   0x000000c4   Code   RO         3706    i.D_Board_Tx2       board_protocol.o
    0x08003ec8   0x08003ec8   0x00000088   Code   RO         3707    i.D_Board_Tx3       board_protocol.o
    0x08003f50   0x08003f50   0x00000048   Code   RO         3708    i.D_Board_Tx4       board_protocol.o
    0x08003f98   0x08003f98   0x00000048   Code   RO         3709    i.D_Board_Tx5       board_protocol.o
    0x08003fe0   0x08003fe0   0x00000002   Code   RO          887    i.DebugMon_Handler  stm32h7xx_it.o
    0x08003fe2   0x08003fe2   0x00000002   PAD
    0x08003fe4   0x08003fe4   0x0000000c   Code   RO         3408    i.Dial_Motor_Init   launch_motor.o
    0x08003ff0   0x08003ff0   0x00000016   Code   RO          888    i.EXTI15_10_IRQHandler  stm32h7xx_it.o
    0x08004006   0x08004006   0x00000056   Code   RO         4496    i.Encoder_Sum_Cal   rm_motor.o
    0x0800405c   0x0800405c   0x0000008c   Code   RO         4497    i.Encoder_to_Motor_Angle  rm_motor.o
    0x080040e8   0x080040e8   0x00000004   Code   RO            4    i.Error_Handler     main.o
    0x080040ec   0x080040ec   0x0000001c   Code   RO        11770    i.ExitRun0Mode      system_stm32h7xx.o
    0x08004108   0x08004108   0x0000000c   Code   RO          889    i.FDCAN1_IT0_IRQHandler  stm32h7xx_it.o
    0x08004114   0x08004114   0x0000000c   Code   RO          890    i.FDCAN2_IT0_IRQHandler  stm32h7xx_it.o
    0x08004120   0x08004120   0x0000000c   Code   RO          891    i.FDCAN3_IT0_IRQHandler  stm32h7xx_it.o
    0x0800412c   0x0800412c   0x000001b0   Code   RO         8450    i.FDCAN_CalcultateRamBlockAddresses  stm32h7xx_hal_fdcan.o
    0x080042dc   0x080042dc   0x00000074   Code   RO         8451    i.FDCAN_CopyMessageToRAM  stm32h7xx_hal_fdcan.o
    0x08004350   0x08004350   0x000000dc   Code   RO         2271    i.Fbl_and_Tp_Mea_Cal  link_calc.o
    0x0800442c   0x0800442c   0x00000030   Code   RO         2630    i.Get_CRC16_Check_Sum  crc.o
    0x0800445c   0x0800445c   0x0000001c   Code   RO         2632    i.Get_CRC8_Check_Sum  crc.o
    0x08004478   0x08004478   0x00000008   Code   RO         2199    i.Get_LQR_Tp        straight_leg_calc.o
    0x08004480   0x08004480   0x00000008   Code   RO         2200    i.Get_LQR_Tw        straight_leg_calc.o
    0x08004488   0x08004488   0x00000120   Code   RO         1778    i.Gimbal_Board_Update  gimbal.o
    0x080045a8   0x080045a8   0x00000250   Code   RO         1779    i.Gimbal_Gyro_Update  gimbal.o
    0x080047f8   0x080047f8   0x00000218   Code   RO         1780    i.Gimbal_Mec_Update  gimbal.o
    0x08004a10   0x08004a10   0x00000154   Code   RO         1781    i.Gimbal_Pid_Cal    gimbal.o
    0x08004b64   0x08004b64   0x000000dc   Code   RO         1782    i.Gimbal_Reset_Init  gimbal.o
    0x08004c40   0x08004c40   0x0000004c   Code   RO         1783    i.Gimbal_Send       gimbal.o
    0x08004c8c   0x08004c8c   0x0000002c   Code   RO         1784    i.Gimbal_Work       gimbal.o
    0x08004cb8   0x08004cb8   0x0000003c   Code   RO         4498    i.Group_Motor_Ctrl  rm_motor.o
    0x08004cf4   0x08004cf4   0x0000002e   Code   RO         4370    i.Group_Motor_Heartbeat  dm_motor.o
    0x08004d22   0x08004d22   0x0000001a   Code   RO         4499    i.Group_Motor_Heartbeat  rm_motor.o
    0x08004d3c   0x08004d3c   0x00000068   Code   RO         4371    i.Group_Motor_Init  dm_motor.o
    0x08004da4   0x08004da4   0x0000002c   Code   RO         4372    i.Group_Motor_Set_Torque  dm_motor.o
    0x08004dd0   0x08004dd0   0x00000044   Code   RO         4500    i.Group_Motor_Set_Torque  rm_motor.o
    0x08004e14   0x08004e14   0x0000002e   Code   RO         4373    i.Group_Motor_Sleep  dm_motor.o
    0x08004e42   0x08004e42   0x00000002   PAD
    0x08004e44   0x08004e44   0x00000020   Code   RO         4501    i.Group_Motor_Sleep  rm_motor.o
    0x08004e64   0x08004e64   0x0000037c   Code   RO         6814    i.HAL_DMA_Abort     stm32h7xx_hal_dma.o
    0x080051e0   0x080051e0   0x000002b0   Code   RO         6815    i.HAL_DMA_Abort_IT  stm32h7xx_hal_dma.o
    0x08005490   0x08005490   0x000007a8   Code   RO         6819    i.HAL_DMA_IRQHandler  stm32h7xx_hal_dma.o
    0x08005c38   0x08005c38   0x000003f0   Code   RO         6820    i.HAL_DMA_Init      stm32h7xx_hal_dma.o
    0x08006028   0x08006028   0x000002ec   Code   RO         6824    i.HAL_DMA_Start_IT  stm32h7xx_hal_dma.o
    0x08006314   0x08006314   0x00000084   Code   RO         8453    i.HAL_FDCAN_ActivateNotification  stm32h7xx_hal_fdcan.o
    0x08006398   0x08006398   0x0000006c   Code   RO         8455    i.HAL_FDCAN_AddMessageToTxFifoQ  stm32h7xx_hal_fdcan.o
    0x08006404   0x08006404   0x00000002   Code   RO         8456    i.HAL_FDCAN_ClockCalibrationCallback  stm32h7xx_hal_fdcan.o
    0x08006406   0x08006406   0x00000088   Code   RO         8460    i.HAL_FDCAN_ConfigFilter  stm32h7xx_hal_fdcan.o
    0x0800648e   0x0800648e   0x00000030   Code   RO         8461    i.HAL_FDCAN_ConfigGlobalFilter  stm32h7xx_hal_fdcan.o
    0x080064be   0x080064be   0x00000002   Code   RO         8482    i.HAL_FDCAN_ErrorCallback  stm32h7xx_hal_fdcan.o
    0x080064c0   0x080064c0   0x00000002   Code   RO         8483    i.HAL_FDCAN_ErrorStatusCallback  stm32h7xx_hal_fdcan.o
    0x080064c2   0x080064c2   0x00000002   PAD
    0x080064c4   0x080064c4   0x000001a8   Code   RO         8494    i.HAL_FDCAN_GetRxMessage  stm32h7xx_hal_fdcan.o
    0x0800666c   0x0800666c   0x00000002   Code   RO         8500    i.HAL_FDCAN_HighPriorityMessageCallback  stm32h7xx_hal_fdcan.o
    0x0800666e   0x0800666e   0x00000002   PAD
    0x08006670   0x08006670   0x000002ec   Code   RO         8501    i.HAL_FDCAN_IRQHandler  stm32h7xx_hal_fdcan.o
    0x0800695c   0x0800695c   0x00000268   Code   RO         8502    i.HAL_FDCAN_Init    stm32h7xx_hal_fdcan.o
    0x08006bc4   0x08006bc4   0x00000148   Code   RO          609    i.HAL_FDCAN_MspInit  fdcan.o
    0x08006d0c   0x08006d0c   0x00000002   Code   RO         8511    i.HAL_FDCAN_RxBufferNewMessageCallback  stm32h7xx_hal_fdcan.o
    0x08006d0e   0x08006d0e   0x00000002   PAD
    0x08006d10   0x08006d10   0x00000054   Code   RO         4025    i.HAL_FDCAN_RxFifo0Callback  drv_can.o
    0x08006d64   0x08006d64   0x00000034   Code   RO         4026    i.HAL_FDCAN_RxFifo1Callback  drv_can.o
    0x08006d98   0x08006d98   0x00000030   Code   RO         8514    i.HAL_FDCAN_Start   stm32h7xx_hal_fdcan.o
    0x08006dc8   0x08006dc8   0x00000002   Code   RO         8536    i.HAL_FDCAN_TT_GlobalTimeCallback  stm32h7xx_hal_fdcan.o
    0x08006dca   0x08006dca   0x00000002   Code   RO         8537    i.HAL_FDCAN_TT_ScheduleSyncCallback  stm32h7xx_hal_fdcan.o
    0x08006dcc   0x08006dcc   0x00000002   Code   RO         8542    i.HAL_FDCAN_TT_StopWatchCallback  stm32h7xx_hal_fdcan.o
    0x08006dce   0x08006dce   0x00000002   Code   RO         8543    i.HAL_FDCAN_TT_TimeMarkCallback  stm32h7xx_hal_fdcan.o
    0x08006dd0   0x08006dd0   0x00000002   Code   RO         8544    i.HAL_FDCAN_TimeoutOccurredCallback  stm32h7xx_hal_fdcan.o
    0x08006dd2   0x08006dd2   0x00000002   Code   RO         8545    i.HAL_FDCAN_TimestampWraparoundCallback  stm32h7xx_hal_fdcan.o
    0x08006dd4   0x08006dd4   0x00000002   Code   RO         8546    i.HAL_FDCAN_TxBufferAbortCallback  stm32h7xx_hal_fdcan.o
    0x08006dd6   0x08006dd6   0x00000002   Code   RO         8547    i.HAL_FDCAN_TxBufferCompleteCallback  stm32h7xx_hal_fdcan.o
    0x08006dd8   0x08006dd8   0x00000002   Code   RO         8548    i.HAL_FDCAN_TxEventFifoCallback  stm32h7xx_hal_fdcan.o
    0x08006dda   0x08006dda   0x00000002   Code   RO         8549    i.HAL_FDCAN_TxFifoEmptyCallback  stm32h7xx_hal_fdcan.o
    0x08006ddc   0x08006ddc   0x00000002   Code   RO         6660    i.HAL_GPIO_EXTI_Callback  stm32h7xx_hal_gpio.o
    0x08006dde   0x08006dde   0x00000018   Code   RO         6661    i.HAL_GPIO_EXTI_IRQHandler  stm32h7xx_hal_gpio.o
    0x08006df6   0x08006df6   0x00000002   PAD
    0x08006df8   0x08006df8   0x00000214   Code   RO         6662    i.HAL_GPIO_Init     stm32h7xx_hal_gpio.o
    0x0800700c   0x0800700c   0x0000000e   Code   RO         6666    i.HAL_GPIO_WritePin  stm32h7xx_hal_gpio.o
    0x0800701a   0x0800701a   0x00000002   PAD
    0x0800701c   0x0800701c   0x0000000c   Code   RO         7527    i.HAL_GetTick       stm32h7xx_hal.o
    0x08007028   0x08007028   0x0000006a   Code   RO         9068    i.HAL_IWDG_Init     stm32h7xx_hal_iwdg.o
    0x08007092   0x08007092   0x0000000c   Code   RO         9069    i.HAL_IWDG_Refresh  stm32h7xx_hal_iwdg.o
    0x0800709e   0x0800709e   0x00000002   PAD
    0x080070a0   0x080070a0   0x00000010   Code   RO         7533    i.HAL_IncTick       stm32h7xx_hal.o
    0x080070b0   0x080070b0   0x0000005c   Code   RO         7534    i.HAL_Init          stm32h7xx_hal.o
    0x0800710c   0x0800710c   0x00000090   Code   RO         1109    i.HAL_InitTick      stm32h7xx_hal_timebase_tim.o
    0x0800719c   0x0800719c   0x00000024   Code   RO         1085    i.HAL_MspInit       stm32h7xx_hal_msp.o
    0x080071c0   0x080071c0   0x0000001a   Code   RO         5944    i.HAL_NVIC_EnableIRQ  stm32h7xx_hal_cortex.o
    0x080071da   0x080071da   0x00000002   PAD
    0x080071dc   0x080071dc   0x00000040   Code   RO         5950    i.HAL_NVIC_SetPriority  stm32h7xx_hal_cortex.o
    0x0800721c   0x0800721c   0x00000024   Code   RO         5951    i.HAL_NVIC_SetPriorityGrouping  stm32h7xx_hal_cortex.o
    0x08007240   0x08007240   0x00000058   Code   RO         7263    i.HAL_PWREx_ConfigSupply  stm32h7xx_hal_pwr_ex.o
    0x08007298   0x08007298   0x00000024   Code   RO         6205    i.HAL_RCCEx_GetD3PCLK1Freq  stm32h7xx_hal_rcc_ex.o
    0x080072bc   0x080072bc   0x000001c0   Code   RO         6207    i.HAL_RCCEx_GetPLL2ClockFreq  stm32h7xx_hal_rcc_ex.o
    0x0800747c   0x0800747c   0x000001c0   Code   RO         6208    i.HAL_RCCEx_GetPLL3ClockFreq  stm32h7xx_hal_rcc_ex.o
    0x0800763c   0x0800763c   0x00000990   Code   RO         6214    i.HAL_RCCEx_PeriphCLKConfig  stm32h7xx_hal_rcc_ex.o
    0x08007fcc   0x08007fcc   0x0000027c   Code   RO         6090    i.HAL_RCC_ClockConfig  stm32h7xx_hal_rcc.o
    0x08008248   0x08008248   0x00000060   Code   RO         6094    i.HAL_RCC_GetClockConfig  stm32h7xx_hal_rcc.o
    0x080082a8   0x080082a8   0x00000044   Code   RO         6095    i.HAL_RCC_GetHCLKFreq  stm32h7xx_hal_rcc.o
    0x080082ec   0x080082ec   0x00000024   Code   RO         6097    i.HAL_RCC_GetPCLK1Freq  stm32h7xx_hal_rcc.o
    0x08008310   0x08008310   0x00000024   Code   RO         6098    i.HAL_RCC_GetPCLK2Freq  stm32h7xx_hal_rcc.o
    0x08008334   0x08008334   0x000001b4   Code   RO         6099    i.HAL_RCC_GetSysClockFreq  stm32h7xx_hal_rcc.o
    0x080084e8   0x080084e8   0x000005d8   Code   RO         6102    i.HAL_RCC_OscConfig  stm32h7xx_hal_rcc.o
    0x08008ac0   0x08008ac0   0x00000094   Code   RO         9856    i.HAL_RS485Ex_Init  stm32h7xx_hal_uart_ex.o
    0x08008b54   0x08008b54   0x00000002   Code   RO         9105    i.HAL_SPI_ErrorCallback  stm32h7xx_hal_spi.o
    0x08008b56   0x08008b56   0x00000002   PAD
    0x08008b58   0x08008b58   0x00000230   Code   RO         9108    i.HAL_SPI_IRQHandler  stm32h7xx_hal_spi.o
    0x08008d88   0x08008d88   0x00000174   Code   RO         9109    i.HAL_SPI_Init      stm32h7xx_hal_spi.o
    0x08008efc   0x08008efc   0x000001a0   Code   RO          694    i.HAL_SPI_MspInit   spi.o
    0x0800909c   0x0800909c   0x00000002   Code   RO         9115    i.HAL_SPI_RxCpltCallback  stm32h7xx_hal_spi.o
    0x0800909e   0x0800909e   0x00000002   Code   RO         9117    i.HAL_SPI_SuspendCallback  stm32h7xx_hal_spi.o
    0x080090a0   0x080090a0   0x000003b8   Code   RO         9119    i.HAL_SPI_TransmitReceive  stm32h7xx_hal_spi.o
    0x08009458   0x08009458   0x00000002   Code   RO         9124    i.HAL_SPI_TxCpltCallback  stm32h7xx_hal_spi.o
    0x0800945a   0x0800945a   0x00000002   Code   RO         9126    i.HAL_SPI_TxRxCpltCallback  stm32h7xx_hal_spi.o
    0x0800945c   0x0800945c   0x00000010   Code   RO         7541    i.HAL_SYSCFG_AnalogSwitchConfig  stm32h7xx_hal.o
    0x0800946c   0x0800946c   0x00000002   Code   RO         5633    i.HAL_TIMEx_Break2Callback  stm32h7xx_hal_tim_ex.o
    0x0800946e   0x0800946e   0x00000002   Code   RO         5634    i.HAL_TIMEx_BreakCallback  stm32h7xx_hal_tim_ex.o
    0x08009470   0x08009470   0x00000002   Code   RO         5635    i.HAL_TIMEx_CommutCallback  stm32h7xx_hal_tim_ex.o
    0x08009472   0x08009472   0x00000002   PAD
    0x08009474   0x08009474   0x000000b4   Code   RO         5656    i.HAL_TIMEx_MasterConfigSynchronization  stm32h7xx_hal_tim_ex.o
    0x08009528   0x08009528   0x0000004e   Code   RO         4908    i.HAL_TIM_Base_Init  stm32h7xx_hal_tim.o
    0x08009576   0x08009576   0x00000002   Code   RO         4910    i.HAL_TIM_Base_MspInit  stm32h7xx_hal_tim.o
    0x08009578   0x08009578   0x000000a8   Code   RO         4913    i.HAL_TIM_Base_Start_IT  stm32h7xx_hal_tim.o
    0x08009620   0x08009620   0x00000002   Code   RO         4942    i.HAL_TIM_IC_CaptureCallback  stm32h7xx_hal_tim.o
    0x08009622   0x08009622   0x00000152   Code   RO         4956    i.HAL_TIM_IRQHandler  stm32h7xx_hal_tim.o
    0x08009774   0x08009774   0x00000054   Code   RO          741    i.HAL_TIM_MspPostInit  tim.o
    0x080097c8   0x080097c8   0x00000002   Code   RO         4959    i.HAL_TIM_OC_DelayElapsedCallback  stm32h7xx_hal_tim.o
    0x080097ca   0x080097ca   0x00000136   Code   RO         4980    i.HAL_TIM_PWM_ConfigChannel  stm32h7xx_hal_tim.o
    0x08009900   0x08009900   0x0000004e   Code   RO         4983    i.HAL_TIM_PWM_Init  stm32h7xx_hal_tim.o
    0x0800994e   0x0800994e   0x00000002   PAD
    0x08009950   0x08009950   0x00000028   Code   RO          743    i.HAL_TIM_PWM_MspInit  tim.o
    0x08009978   0x08009978   0x00000002   Code   RO         4986    i.HAL_TIM_PWM_PulseFinishedCallback  stm32h7xx_hal_tim.o
    0x0800997a   0x0800997a   0x0000000e   Code   RO            5    i.HAL_TIM_PeriodElapsedCallback  main.o
    0x08009988   0x08009988   0x00000002   Code   RO         4999    i.HAL_TIM_TriggerCallback  stm32h7xx_hal_tim.o
    0x0800998a   0x0800998a   0x0000003e   Code   RO         9857    i.HAL_UARTEx_DisableFifoMode  stm32h7xx_hal_uart_ex.o
    0x080099c8   0x080099c8   0x00000338   Code   RO         4177    i.HAL_UARTEx_RxEventCallback  drv_uart.o
    0x08009d00   0x08009d00   0x00000002   Code   RO         9865    i.HAL_UARTEx_RxFifoFullCallback  stm32h7xx_hal_uart_ex.o
    0x08009d02   0x08009d02   0x0000004c   Code   RO         9866    i.HAL_UARTEx_SetRxFifoThreshold  stm32h7xx_hal_uart_ex.o
    0x08009d4e   0x08009d4e   0x0000004c   Code   RO         9867    i.HAL_UARTEx_SetTxFifoThreshold  stm32h7xx_hal_uart_ex.o
    0x08009d9a   0x08009d9a   0x00000002   Code   RO         9869    i.HAL_UARTEx_TxFifoEmptyCallback  stm32h7xx_hal_uart_ex.o
    0x08009d9c   0x08009d9c   0x00000002   Code   RO         9870    i.HAL_UARTEx_WakeupCallback  stm32h7xx_hal_uart_ex.o
    0x08009d9e   0x08009d9e   0x00000002   Code   RO         9457    i.HAL_UART_ErrorCallback  stm32h7xx_hal_uart.o
    0x08009da0   0x08009da0   0x000003ac   Code   RO         9460    i.HAL_UART_IRQHandler  stm32h7xx_hal_uart.o
    0x0800a14c   0x0800a14c   0x00000070   Code   RO         9461    i.HAL_UART_Init     stm32h7xx_hal_uart.o
    0x0800a1bc   0x0800a1bc   0x000006d0   Code   RO          790    i.HAL_UART_MspInit  usart.o
    0x0800a88c   0x0800a88c   0x00000048   Code   RO         9465    i.HAL_UART_Receive_DMA  stm32h7xx_hal_uart.o
    0x0800a8d4   0x0800a8d4   0x00000002   Code   RO         9468    i.HAL_UART_RxCpltCallback  stm32h7xx_hal_uart.o
    0x0800a8d6   0x0800a8d6   0x00000002   Code   RO         9469    i.HAL_UART_RxHalfCpltCallback  stm32h7xx_hal_uart.o
    0x0800a8d8   0x0800a8d8   0x00000002   Code   RO         9473    i.HAL_UART_TxCpltCallback  stm32h7xx_hal_uart.o
    0x0800a8da   0x0800a8da   0x00000002   Code   RO          892    i.HardFault_Handler  stm32h7xx_it.o
    0x0800a8dc   0x0800a8dc   0x00000130   Code   RO         2734    i.IMU_QuaternionEKF_F_Linearization_P_Fading  bmi_ekf.o
    0x0800aa0c   0x0800aa0c   0x000000d0   Code   RO         2735    i.IMU_QuaternionEKF_Init  bmi_ekf.o
    0x0800aadc   0x0800aadc   0x00000034   Code   RO         2736    i.IMU_QuaternionEKF_Observe  bmi_ekf.o
    0x0800ab10   0x0800ab10   0x000000bc   Code   RO         2737    i.IMU_QuaternionEKF_SetH  bmi_ekf.o
    0x0800abcc   0x0800abcc   0x000003b8   Code   RO         2738    i.IMU_QuaternionEKF_Update  bmi_ekf.o
    0x0800af84   0x0800af84   0x00000398   Code   RO         2739    i.IMU_QuaternionEKF_xhatUpdate  bmi_ekf.o
    0x0800b31c   0x0800b31c   0x00000168   Code   RO         3199    i.InitQuaternion    imu_sensor.o
    0x0800b484   0x0800b484   0x00000108   Code   RO         2272    i.Joint_Torque_Cal  link_calc.o
    0x0800b58c   0x0800b58c   0x00000018   Code   RO         3351    i.Judge_Heart_Beat  judge.o
    0x0800b5a4   0x0800b5a4   0x0000000e   Code   RO         3352    i.Judge_Init        judge.o
    0x0800b5b2   0x0800b5b2   0x00000002   PAD
    0x0800b5b4   0x0800b5b4   0x000002c4   Code   RO         3353    i.Judge_Update      judge.o
    0x0800b878   0x0800b878   0x00000434   Code   RO         1536    i.Jump_Target_Process  chassis.o
    0x0800bcac   0x0800bcac   0x00000094   Code   RO         2201    i.K_Matrix_Fitting_Update  straight_leg_calc.o
    0x0800bd40   0x0800bd40   0x0000032e   Code   RO         2428    i.Kalman_Filter_Init  kalman_filter.o
    0x0800c06e   0x0800c06e   0x0000002e   Code   RO         2429    i.Kalman_Filter_Measure  kalman_filter.o
    0x0800c09c   0x0800c09c   0x00000062   Code   RO         2430    i.Kalman_Filter_P_Update  kalman_filter.o
    0x0800c0fe   0x0800c0fe   0x0000006c   Code   RO         2431    i.Kalman_Filter_PminusUpdate  kalman_filter.o
    0x0800c16a   0x0800c16a   0x000000be   Code   RO         2432    i.Kalman_Filter_SetK  kalman_filter.o
    0x0800c228   0x0800c228   0x000000dc   Code   RO         2433    i.Kalman_Filter_Update  kalman_filter.o
    0x0800c304   0x0800c304   0x00000074   Code   RO         2434    i.Kalman_Filter_xhatMinusUpdate  kalman_filter.o
    0x0800c378   0x0800c378   0x00000080   Code   RO         2435    i.Kalman_Filter_xhatUpdate  kalman_filter.o
    0x0800c3f8   0x0800c3f8   0x00000270   Code   RO         1414    i.Key_Move_Mode_Update  balance.o
    0x0800c668   0x0800c668   0x000001ec   Code   RO         1538    i.Knee_Strike_Target_Process  chassis.o
    0x0800c854   0x0800c854   0x0000011c   Code   RO         1866    i.Launch_Pid_Cal    launch.o
    0x0800c970   0x0800c970   0x00000038   Code   RO         1867    i.Launch_Rx_Meg_Update  launch.o
    0x0800c9a8   0x0800c9a8   0x00000068   Code   RO         1869    i.Launch_Tx_Meg_Update  launch.o
    0x0800ca10   0x0800ca10   0x0000001a   Code   RO         1870    i.Launch_Work       launch.o
    0x0800ca2a   0x0800ca2a   0x00000002   PAD
    0x0800ca2c   0x0800ca2c   0x000000c0   Code   RO         2273    i.Link_C_Cal        link_calc.o
    0x0800caec   0x0800caec   0x000001dc   Code   RO         2274    i.Link_Centroid_Coordinate_Cal  link_calc.o
    0x0800ccc8   0x0800ccc8   0x000000dc   Code   RO         2275    i.Link_Coordinate_Cal  link_calc.o
    0x0800cda4   0x0800cda4   0x00000060   Code   RO         2276    i.Link_Debug        link_calc.o
    0x0800ce04   0x0800ce04   0x0000002c   Code   RO         2277    i.Link_Init         link_calc.o
    0x0800ce30   0x0800ce30   0x000000ec   Code   RO         2278    i.Link_Leg_Length_Cal  link_calc.o
    0x0800cf1c   0x0800cf1c   0x00000070   Code   RO         2279    i.Link_Measure_data_update  link_calc.o
    0x0800cf8c   0x0800cf8c   0x000001b4   Code   RO         2280    i.Link_Phi2_3_Cal   link_calc.o
    0x0800d140   0x0800d140   0x00000010   Code   RO         2281    i.Link_Target_data_update  link_calc.o
    0x0800d150   0x0800d150   0x00000032   Code   RO         2282    i.Link_Update       link_calc.o
    0x0800d182   0x0800d182   0x00000002   PAD
    0x0800d184   0x0800d184   0x000000c0   Code   RO         2283    i.Link_phi0_Cal     link_calc.o
    0x0800d244   0x0800d244   0x0000000a   Code   RO         2546    i.Lowpass           rp_math.o
    0x0800d24e   0x0800d24e   0x00000002   PAD
    0x0800d250   0x0800d250   0x000000fc   Code   RO          584    i.MX_DMA_Init       dma.o
    0x0800d34c   0x0800d34c   0x00000068   Code   RO          610    i.MX_FDCAN1_Init    fdcan.o
    0x0800d3b4   0x0800d3b4   0x00000068   Code   RO          611    i.MX_FDCAN2_Init    fdcan.o
    0x0800d41c   0x0800d41c   0x0000006c   Code   RO          612    i.MX_FDCAN3_Init    fdcan.o
    0x0800d488   0x0800d488   0x00000078   Code   RO          509    i.MX_FREERTOS_Init  freertos.o
    0x0800d500   0x0800d500   0x000001a8   Code   RO          481    i.MX_GPIO_Init      gpio.o
    0x0800d6a8   0x0800d6a8   0x00000030   Code   RO          663    i.MX_IWDG1_Init     iwdg.o
    0x0800d6d8   0x0800d6d8   0x00000060   Code   RO          695    i.MX_SPI2_Init      spi.o
    0x0800d738   0x0800d738   0x00000060   Code   RO          696    i.MX_SPI6_Init      spi.o
    0x0800d798   0x0800d798   0x00000078   Code   RO          744    i.MX_TIM12_Init     tim.o
    0x0800d810   0x0800d810   0x00000070   Code   RO          791    i.MX_UART5_Init     usart.o
    0x0800d880   0x0800d880   0x00000068   Code   RO          792    i.MX_UART7_Init     usart.o
    0x0800d8e8   0x0800d8e8   0x00000068   Code   RO          793    i.MX_UART8_Init     usart.o
    0x0800d950   0x0800d950   0x00000068   Code   RO          794    i.MX_UART9_Init     usart.o
    0x0800d9b8   0x0800d9b8   0x00000068   Code   RO          795    i.MX_USART10_UART_Init  usart.o
    0x0800da20   0x0800da20   0x00000068   Code   RO          796    i.MX_USART1_UART_Init  usart.o
    0x0800da88   0x0800da88   0x00000078   Code   RO          797    i.MX_USART2_UART_Init  usart.o
    0x0800db00   0x0800db00   0x00000068   Code   RO          798    i.MX_USART6_UART_Init  usart.o
    0x0800db68   0x0800db68   0x00000002   Code   RO          893    i.MemManage_Handler  stm32h7xx_it.o
    0x0800db6a   0x0800db6a   0x0000002e   Code   RO         4502    i.Motor_Ctrl        rm_motor.o
    0x0800db98   0x0800db98   0x0000005a   Code   RO         4374    i.Motor_ERR_Check   dm_motor.o
    0x0800dbf2   0x0800dbf2   0x00000002   PAD
    0x0800dbf4   0x0800dbf4   0x0000015c   Code   RO         4375    i.Motor_ReceiveData  dm_motor.o
    0x0800dd50   0x0800dd50   0x00000034   Code   RO         4376    i.Motor_Send_Command  dm_motor.o
    0x0800dd84   0x0800dd84   0x0000000c   Code   RO         4377    i.Motor_Send_Data   dm_motor.o
    0x0800dd90   0x0800dd90   0x000002f4   Code   RO         4378    i.Motor_SetControlPara  dm_motor.o
    0x0800e084   0x0800e084   0x000000e4   Code   RO         4503    i.Motor_Set_Angle   rm_motor.o
    0x0800e168   0x0800e168   0x00000032   Code   RO         4504    i.Motor_Set_Speed   rm_motor.o
    0x0800e19a   0x0800e19a   0x00000038   Code   RO         4505    i.Motor_Set_Torque  rm_motor.o
    0x0800e1d2   0x0800e1d2   0x00000002   PAD
    0x0800e1d4   0x0800e1d4   0x00000234   Code   RO         1539    i.My_Chassis_KEY_Input  chassis.o
    0x0800e408   0x0800e408   0x000000b0   Code   RO         1540    i.My_Phi1_Transform  chassis.o
    0x0800e4b8   0x0800e4b8   0x00000084   Code   RO         1541    i.My_Phi4_Transform  chassis.o
    0x0800e53c   0x0800e53c   0x00000164   Code   RO         1542    i.My_Spring_Former_Input_Cal  chassis.o
    0x0800e6a0   0x0800e6a0   0x00000004   Code   RO         4506    i.My_Torque_to_Raw_Current  rm_motor.o
    0x0800e6a4   0x0800e6a4   0x00000002   Code   RO          894    i.NMI_Handler       stm32h7xx_it.o
    0x0800e6a6   0x0800e6a6   0x00000048   Code   RO            6    i.PeriphCommonClock_Config  main.o
    0x0800e6ee   0x0800e6ee   0x00000002   PAD
    0x0800e6f0   0x0800e6f0   0x00000124   Code   RO         6217    i.RCCEx_PLL2_Config  stm32h7xx_hal_rcc_ex.o
    0x0800e814   0x0800e814   0x00000124   Code   RO         6218    i.RCCEx_PLL3_Config  stm32h7xx_hal_rcc_ex.o
    0x0800e938   0x0800e938   0x0000030c   Code   RO         1415    i.RC_Move_Mode_Update  balance.o
    0x0800ec44   0x0800ec44   0x000000d0   Code   RO         3268    i.RC_ResetData      rc_sensor.o
    0x0800ed14   0x0800ed14   0x00000048   Code   RO         4507    i.RM_Group_Motor_Init  rm_motor.o
    0x0800ed5c   0x0800ed5c   0x00000050   Code   RO         4508    i.RM_Motor_Init     rm_motor.o
    0x0800edac   0x0800edac   0x000000a8   Code   RO         4509    i.RPM_to_Rads       rm_motor.o
    0x0800ee54   0x0800ee54   0x0000003c   Code   RO         4510    i.Raw_Current_to_Torque  rm_motor.o
    0x0800ee90   0x0800ee90   0x00000e6a   Code   RO         1543    i.Rescue_Target_Process  chassis.o
    0x0800fcfa   0x0800fcfa   0x00000002   PAD
    0x0800fcfc   0x0800fcfc   0x0000000c   Code   RO          895    i.SPI2_IRQHandler   stm32h7xx_it.o
    0x0800fd08   0x0800fd08   0x0000000c   Code   RO          896    i.SPI6_IRQHandler   stm32h7xx_it.o
    0x0800fd14   0x0800fd14   0x000000ba   Code   RO         9129    i.SPI_CloseTransfer  stm32h7xx_hal_spi.o
    0x0800fdce   0x0800fdce   0x00000018   Code   RO         9130    i.SPI_DMAAbortOnError  stm32h7xx_hal_spi.o
    0x0800fde6   0x0800fde6   0x00000014   Code   RO         9140    i.SPI_GetPacketSize  stm32h7xx_hal_spi.o
    0x0800fdfa   0x0800fdfa   0x00000042   Code   RO         9147    i.SPI_WaitOnFlagUntilTimeout  stm32h7xx_hal_spi.o
    0x0800fe3c   0x0800fe3c   0x00000124   Code   RO         3354    i.Shooting_Cmd_Excute_Tick_Calculating  judge.o
    0x0800ff60   0x0800ff60   0x00000014   Code   RO         4511    i.Single_Motor_Sleep  rm_motor.o
    0x0800ff74   0x0800ff74   0x000003b8   Code   RO         3355    i.Speed_Statistic   judge.o
    0x0801032c   0x0801032c   0x00000028   Code   RO         1225    i.StartCommandTask  command_task.o
    0x08010354   0x08010354   0x0000001c   Code   RO         1380    i.StartConnectTask  connect_task.o
    0x08010370   0x08010370   0x00000068   Code   RO         1148    i.StartCtrlTask     control_task.o
    0x080103d8   0x080103d8   0x00000078   Code   RO         1268    i.StartMonitorTask  monitor_task.o
    0x08010450   0x08010450   0x0000003c   Code   RO         1349    i.StartUITask       ui_task.o
    0x0801048c   0x0801048c   0x00000048   Code   RO         1295    i.StartUpdataTask   observe_task.o
    0x080104d4   0x080104d4   0x0000004a   Code   RO         2202    i.Straight_Leg_Err_State_update  straight_leg_calc.o
    0x0801051e   0x0801051e   0x00000008   Code   RO         2203    i.Straight_Leg_External_data_update  straight_leg_calc.o
    0x08010526   0x08010526   0x00000002   PAD
    0x08010528   0x08010528   0x0000003c   Code   RO         2204    i.Straight_Leg_Init  straight_leg_calc.o
    0x08010564   0x08010564   0x00000098   Code   RO         2205    i.Straight_Leg_Mat_Init  straight_leg_calc.o
    0x080105fc   0x080105fc   0x00000026   Code   RO         2206    i.Straight_Leg_Target_State_update  straight_leg_calc.o
    0x08010622   0x08010622   0x00000002   PAD
    0x08010624   0x08010624   0x00000058   Code   RO         2207    i.Straight_Leg_Torque_Cal  straight_leg_calc.o
    0x0801067c   0x0801067c   0x00000092   Code   RO         2208    i.Straight_Leg_Xmat_update  straight_leg_calc.o
    0x0801070e   0x0801070e   0x0000001a   Code   RO        11113    i.SysTick_Handler   cmsis_os2.o
    0x08010728   0x08010728   0x0000009c   Code   RO            7    i.SystemClock_Config  main.o
    0x080107c4   0x080107c4   0x000000d8   Code   RO        11772    i.SystemInit        system_stm32h7xx.o
    0x0801089c   0x0801089c   0x0000000c   Code   RO          897    i.TIM2_IRQHandler   stm32h7xx_it.o
    0x080108a8   0x080108a8   0x000000dc   Code   RO         5001    i.TIM_Base_SetConfig  stm32h7xx_hal_tim.o
    0x08010984   0x08010984   0x000000a0   Code   RO         5014    i.TIM_OC1_SetConfig  stm32h7xx_hal_tim.o
    0x08010a24   0x08010a24   0x00000094   Code   RO         5015    i.TIM_OC2_SetConfig  stm32h7xx_hal_tim.o
    0x08010ab8   0x08010ab8   0x00000094   Code   RO         5016    i.TIM_OC3_SetConfig  stm32h7xx_hal_tim.o
    0x08010b4c   0x08010b4c   0x00000074   Code   RO         5017    i.TIM_OC4_SetConfig  stm32h7xx_hal_tim.o
    0x08010bc0   0x08010bc0   0x00000070   Code   RO         5018    i.TIM_OC5_SetConfig  stm32h7xx_hal_tim.o
    0x08010c30   0x08010c30   0x00000070   Code   RO         5019    i.TIM_OC6_SetConfig  stm32h7xx_hal_tim.o
    0x08010ca0   0x08010ca0   0x00000150   Code   RO         4512    i.Torque_to_Raw_Current  rm_motor.o
    0x08010df0   0x08010df0   0x0000000c   Code   RO          898    i.UART5_IRQHandler  stm32h7xx_it.o
    0x08010dfc   0x08010dfc   0x00000018   Code   RO          899    i.UART8_IRQHandler  stm32h7xx_it.o
    0x08010e14   0x08010e14   0x00000018   Code   RO          900    i.UART9_IRQHandler  stm32h7xx_it.o
    0x08010e2c   0x08010e2c   0x00000048   Code   RO         9871    i.UARTEx_SetNbDataToProcess  stm32h7xx_hal_uart_ex.o
    0x08010e74   0x08010e74   0x000000c8   Code   RO         9475    i.UART_AdvFeatureConfig  stm32h7xx_hal_uart.o
    0x08010f3c   0x08010f3c   0x000000aa   Code   RO         9476    i.UART_CheckIdleState  stm32h7xx_hal_uart.o
    0x08010fe6   0x08010fe6   0x00000010   Code   RO         9477    i.UART_DMAAbortOnError  stm32h7xx_hal_uart.o
    0x08010ff6   0x08010ff6   0x00000050   Code   RO         9478    i.UART_DMAError     stm32h7xx_hal_uart.o
    0x08011046   0x08011046   0x00000084   Code   RO         9479    i.UART_DMAReceiveCplt  stm32h7xx_hal_uart.o
    0x080110ca   0x080110ca   0x00000020   Code   RO         9481    i.UART_DMARxHalfCplt  stm32h7xx_hal_uart.o
    0x080110ea   0x080110ea   0x00000002   PAD
    0x080110ec   0x080110ec   0x00000054   Code   RO         9487    i.UART_EndRxTransfer  stm32h7xx_hal_uart.o
    0x08011140   0x08011140   0x00000024   Code   RO         9488    i.UART_EndTransmit_IT  stm32h7xx_hal_uart.o
    0x08011164   0x08011164   0x0000002e   Code   RO         9489    i.UART_EndTxTransfer  stm32h7xx_hal_uart.o
    0x08011192   0x08011192   0x00000002   PAD
    0x08011194   0x08011194   0x0000052e   Code   RO         9494    i.UART_SetConfig    stm32h7xx_hal_uart.o
    0x080116c2   0x080116c2   0x00000002   PAD
    0x080116c4   0x080116c4   0x000000a4   Code   RO         9495    i.UART_Start_Receive_DMA  stm32h7xx_hal_uart.o
    0x08011768   0x08011768   0x00000098   Code   RO         9501    i.UART_WaitOnFlagUntilTimeout  stm32h7xx_hal_uart.o
    0x08011800   0x08011800   0x00000018   Code   RO          901    i.USART10_IRQHandler  stm32h7xx_it.o
    0x08011818   0x08011818   0x00000020   Code   RO         4178    i.USART10_Init      drv_uart.o
    0x08011838   0x08011838   0x00000002   Code   RO         4179    i.USART10_rxDataHandler  drv_uart.o
    0x0801183a   0x0801183a   0x00000002   PAD
    0x0801183c   0x0801183c   0x00000018   Code   RO          902    i.USART1_IRQHandler  stm32h7xx_it.o
    0x08011854   0x08011854   0x00000020   Code   RO         4180    i.USART1_Init       drv_uart.o
    0x08011874   0x08011874   0x00000004   Code   RO         3928    i.USART1_rxDataHandler  judge_protocol.o
    0x08011878   0x08011878   0x00000018   Code   RO         4183    i.USART5_Init       drv_uart.o
    0x08011890   0x08011890   0x00000034   Code   RO         3580    i.USART5_rxDataHandler  rc_protocol.o
    0x080118c4   0x080118c4   0x00000020   Code   RO         4186    i.USART8_Init       drv_uart.o
    0x080118e4   0x080118e4   0x00000002   Code   RO         4187    i.USART8_rxDataHandler  drv_uart.o
    0x080118e6   0x080118e6   0x00000002   PAD
    0x080118e8   0x080118e8   0x00000020   Code   RO         4188    i.USART9_Init       drv_uart.o
    0x08011908   0x08011908   0x00000002   Code   RO         4189    i.USART9_rxDataHandler  drv_uart.o
    0x0801190a   0x0801190a   0x00000002   PAD
    0x0801190c   0x0801190c   0x000001bc   Code   RO         4190    i.USART_DMAEx_MultiBuffer_Init  drv_uart.o
    0x08011ac8   0x08011ac8   0x00000002   Code   RO          903    i.UsageFault_Handler  stm32h7xx_it.o
    0x08011aca   0x08011aca   0x00000002   PAD
    0x08011acc   0x08011acc   0x00000054   Code   RO         1934    i.User_Status_Update  command.o
    0x08011b20   0x08011b20   0x000000b4   Code   RO         2740    i.Vector_Transform  bmi_ekf.o
    0x08011bd4   0x08011bd4   0x00000040   Code   RO         2633    i.Verify_CRC16_Check_Sum  crc.o
    0x08011c14   0x08011c14   0x00000038   Code   RO         2634    i.Verify_CRC8_Check_Sum  crc.o
    0x08011c4c   0x08011c4c   0x00000070   Code   RO         1785    i.Vision_Self_Aim_Update  gimbal.o
    0x08011cbc   0x08011cbc   0x00000064   Code   RO         2119    i.XEstimateKF_Clear  filter.o
    0x08011d20   0x08011d20   0x00000060   Code   RO         2120    i.XEstimateKF_Init  filter.o
    0x08011d80   0x08011d80   0x00000010   Code   RO         2121    i.XEstimateKF_Update  filter.o
    0x08011d90   0x08011d90   0x00000048   Code   RO         3111    i.Yaw_Motor_Init    gimbal_motor.o
    0x08011dd8   0x08011dd8   0x00000030   Code   RO        18734    i.__ARM_fpclassify  m_wv.l(fpclassify.o)
    0x08011e08   0x08011e08   0x00000026   Code   RO        18736    i.__ARM_fpclassifyf  m_wv.l(fpclassifyf.o)
    0x08011e2e   0x08011e2e   0x00000020   Code   RO         5957    i.__NVIC_SetPriority  stm32h7xx_hal_cortex.o
    0x08011e4e   0x08011e4e   0x00000002   PAD
    0x08011e50   0x08011e50   0x00000124   Code   RO        18460    i.__hardfp_acosf    m_wv.l(acosf.o)
    0x08011f74   0x08011f74   0x00000004   PAD
    0x08011f78   0x08011f78   0x000000b0   Code   RO        18472    i.__hardfp_cos      m_wv.l(cos.o)
    0x08012028   0x08012028   0x000008f8   Code   RO        18552    i.__hardfp_pow      m_wv.l(pow.o)
    0x08012920   0x08012920   0x00000658   Code   RO        18566    i.__hardfp_powf     m_wv.l(powf.o)
    0x08012f78   0x08012f78   0x000000b0   Code   RO        18580    i.__hardfp_sin      m_wv.l(sin.o)
    0x08013028   0x08013028   0x00000066   Code   RO        18592    i.__hardfp_sqrt     m_wv.l(sqrt.o)
    0x0801308e   0x0801308e   0x0000003a   Code   RO        18604    i.__hardfp_sqrtf    m_wv.l(sqrtf.o)
    0x080130c8   0x080130c8   0x00000310   Code   RO        18755    i.__ieee754_rem_pio2  m_wv.l(rred.o)
    0x080133d8   0x080133d8   0x000000e0   Code   RO        18711    i.__kernel_cos      m_wv.l(cos_i.o)
    0x080134b8   0x080134b8   0x00000070   Code   RO        18752    i.__kernel_poly     m_wv.l(poly.o)
    0x08013528   0x08013528   0x000000a8   Code   RO        18763    i.__kernel_sin      m_wv.l(sin_i.o)
    0x080135d0   0x080135d0   0x00000020   Code   RO        18714    i.__mathlib_dbl_divzero  m_wv.l(dunder.o)
    0x080135f0   0x080135f0   0x00000006   Code   RO        18716    i.__mathlib_dbl_infnan2  m_wv.l(dunder.o)
    0x080135f6   0x080135f6   0x00000002   PAD
    0x080135f8   0x080135f8   0x00000018   Code   RO        18717    i.__mathlib_dbl_invalid  m_wv.l(dunder.o)
    0x08013610   0x08013610   0x00000018   Code   RO        18718    i.__mathlib_dbl_overflow  m_wv.l(dunder.o)
    0x08013628   0x08013628   0x00000018   Code   RO        18720    i.__mathlib_dbl_underflow  m_wv.l(dunder.o)
    0x08013640   0x08013640   0x00000018   Code   RO        18738    i.__mathlib_flt_divzero  m_wv.l(funder.o)
    0x08013658   0x08013658   0x00000006   Code   RO        18739    i.__mathlib_flt_infnan  m_wv.l(funder.o)
    0x0801365e   0x0801365e   0x00000006   Code   RO        18740    i.__mathlib_flt_infnan2  m_wv.l(funder.o)
    0x08013664   0x08013664   0x00000010   Code   RO        18741    i.__mathlib_flt_invalid  m_wv.l(funder.o)
    0x08013674   0x08013674   0x00000010   Code   RO        18742    i.__mathlib_flt_overflow  m_wv.l(funder.o)
    0x08013684   0x08013684   0x00000010   Code   RO        18744    i.__mathlib_flt_underflow  m_wv.l(funder.o)
    0x08013694   0x08013694   0x0000000e   Code   RO        18822    i.__scatterload_copy  mc_w.l(handlers.o)
    0x080136a2   0x080136a2   0x00000002   Code   RO        18823    i.__scatterload_null  mc_w.l(handlers.o)
    0x080136a4   0x080136a4   0x0000000e   Code   RO        18824    i.__scatterload_zeroinit  mc_w.l(handlers.o)
    0x080136b2   0x080136b2   0x00000002   PAD
    0x080136b4   0x080136b4   0x0000000c   Code   RO        18794    i.__set_errno       mc_w.l(errno.o)
    0x080136c0   0x080136c0   0x00000228   Code   RO        13408    i.arm_atan2_f32     fastmathfunctions.o
    0x080138e8   0x080138e8   0x00000088   Code   RO        13411    i.arm_cos_f32       fastmathfunctions.o
    0x08013970   0x08013970   0x0000002a   Code   RO        14818    i.arm_mat_add_f32   matrixfunctions.o
    0x0801399a   0x0801399a   0x00000008   Code   RO        14829    i.arm_mat_init_f32  matrixfunctions.o
    0x080139a2   0x080139a2   0x00000002   PAD
    0x080139a4   0x080139a4   0x000002a8   Code   RO        14833    i.arm_mat_inverse_f32  matrixfunctions.o
    0x08013c4c   0x08013c4c   0x00000074   Code   RO        14837    i.arm_mat_mult_f32  matrixfunctions.o
    0x08013cc0   0x08013cc0   0x0000002a   Code   RO        14854    i.arm_mat_sub_f32   matrixfunctions.o
    0x08013cea   0x08013cea   0x00000032   Code   RO        14858    i.arm_mat_trans_f32  matrixfunctions.o
    0x08013d1c   0x08013d1c   0x000000aa   Code   RO        15366    i.arm_quaternion_normalize_f32  quaternionmathfunctions.o
    0x08013dc6   0x08013dc6   0x00000002   PAD
    0x08013dc8   0x08013dc8   0x00000084   Code   RO        13418    i.arm_sin_f32       fastmathfunctions.o
    0x08013e4c   0x08013e4c   0x00000024   Code   RO         2395    i.ave_fil_init      ave_filter.o
    0x08013e70   0x08013e70   0x00000092   Code   RO         2396    i.ave_fil_update    ave_filter.o
    0x08013f02   0x08013f02   0x0000003a   Code   RO         1544    i.binarySearchClosestLess  chassis.o
    0x08013f3c   0x08013f3c   0x0000010c   Code   RO         2816    i.bmi088_accel_init  bmi088driver.o
    0x08014048   0x08014048   0x000000dc   Code   RO         2817    i.bmi088_gyro_init  bmi088driver.o
    0x08014124   0x08014124   0x00000024   Code   RO         2978    i.bmi2_micros       bmi088middleware.o
    0x08014148   0x08014148   0x00000068   Code   RO         3647    i.cap_send_2E       cap_protocol.o
    0x080141b0   0x080141b0   0x00000078   Code   RO         3648    i.cap_update        cap_protocol.o
    0x08014228   0x08014228   0x00000018   Code   RO         4106    i.delay_ms          drv_tick.o
    0x08014240   0x08014240   0x00000016   Code   RO         4107    i.delay_us          drv_tick.o
    0x08014256   0x08014256   0x00000018   Code   RO        18730    i.fabs              m_wv.l(fabs.o)
    0x0801426e   0x0801426e   0x0000002a   Code   RO         4379    i.float_to_uint     dm_motor.o
    0x08014298   0x08014298   0x0000002a   Code   RO         2549    i.float_to_uint16   rp_math.o
    0x080142c2   0x080142c2   0x00000034   Code   RO         2552    i.half_cycle        rp_math.o
    0x080142f6   0x080142f6   0x00000022   Code   RO         3200    i.imu_heart_beat    imu_sensor.o
    0x08014318   0x08014318   0x000000d4   Code   RO         3201    i.imu_init          imu_sensor.o
    0x080143ec   0x080143ec   0x00000002   Code   RO         3202    i.imu_set_temperature  imu_sensor.o
    0x080143ee   0x080143ee   0x00000002   PAD
    0x080143f0   0x080143f0   0x00000394   Code   RO         3203    i.imu_update        imu_sensor.o
    0x08014784   0x08014784   0x00000038   Code   RO         3650    i.int16_to_float    cap_protocol.o
    0x080147bc   0x080147bc   0x00000068   Code   RO         3929    i.judge_recive      judge_protocol.o
    0x08014824   0x08014824   0x0000004a   Code   RO         3581    i.keyboard_cnt_max_set  rc_protocol.o
    0x0801486e   0x0801486e   0x00000048   Code   RO         3582    i.keyboard_status_update  rc_protocol.o
    0x080148b6   0x080148b6   0x00000098   Code   RO         3583    i.keyboard_update   rc_protocol.o
    0x0801494e   0x0801494e   0x00000002   PAD
    0x08014950   0x08014950   0x0000009c   Code   RO            8    i.main              main.o
    0x080149ec   0x080149ec   0x00000024   Code   RO         4108    i.micros            drv_tick.o
    0x08014a10   0x08014a10   0x00000016   Code   RO         4758    i.motor_pid_init    motor_def.o
    0x08014a26   0x08014a26   0x0000001c   Code   RO        11115    i.osDelay           cmsis_os2.o
    0x08014a42   0x08014a42   0x00000002   PAD
    0x08014a44   0x08014a44   0x00000028   Code   RO        11129    i.osKernelInitialize  cmsis_os2.o
    0x08014a6c   0x08014a6c   0x00000038   Code   RO        11132    i.osKernelStart     cmsis_os2.o
    0x08014aa4   0x08014aa4   0x00000064   Code   RO        11157    i.osSemaphoreAcquire  cmsis_os2.o
    0x08014b08   0x08014b08   0x00000058   Code   RO        11161    i.osSemaphoreRelease  cmsis_os2.o
    0x08014b60   0x08014b60   0x000000ba   Code   RO        11174    i.osThreadNew       cmsis_os2.o
    0x08014c1a   0x08014c1a   0x00000002   PAD
    0x08014c1c   0x08014c1c   0x00000010   Code   RO         2498    i.pid_clear         pid.o
    0x08014c2c   0x08014c2c   0x00000012   Code   RO         2499    i.pid_err_cal       pid.o
    0x08014c3e   0x08014c3e   0x00000002   PAD
    0x08014c40   0x08014c40   0x00000060   Code   RO        10550    i.prvAddCurrentTaskToDelayedList  tasks.o
    0x08014ca0   0x08014ca0   0x00000088   Code   RO        10551    i.prvAddNewTaskToReadyList  tasks.o
    0x08014d28   0x08014d28   0x00000058   Code   RO        10926    i.prvCheckForValidListAndQueue  timers.o
    0x08014d80   0x08014d80   0x0000003c   Code   RO        10552    i.prvCheckTasksWaitingTermination  tasks.o
    0x08014dbc   0x08014dbc   0x00000028   Code   RO        10149    i.prvCopyDataFromQueue  queue.o
    0x08014de4   0x08014de4   0x0000006e   Code   RO        10150    i.prvCopyDataToQueue  queue.o
    0x08014e52   0x08014e52   0x00000040   Code   RO        10553    i.prvDeleteTCB      tasks.o
    0x08014e92   0x08014e92   0x00000014   Code   RO        10151    i.prvGetDisinheritPriorityAfterTimeout  queue.o
    0x08014ea6   0x08014ea6   0x00000002   PAD
    0x08014ea8   0x08014ea8   0x00000024   Code   RO        10927    i.prvGetNextExpireTime  timers.o
    0x08014ecc   0x08014ecc   0x0000004c   Code   RO        11635    i.prvHeapInit       heap_4.o
    0x08014f18   0x08014f18   0x00000028   Code   RO        10554    i.prvIdleTask       tasks.o
    0x08014f40   0x08014f40   0x00000022   Code   RO        10153    i.prvInitialiseNewQueue  queue.o
    0x08014f62   0x08014f62   0x000000a8   Code   RO        10555    i.prvInitialiseNewTask  tasks.o
    0x0801500a   0x0801500a   0x00000002   PAD
    0x0801500c   0x0801500c   0x00000058   Code   RO        10556    i.prvInitialiseTaskLists  tasks.o
    0x08015064   0x08015064   0x00000054   Code   RO        11636    i.prvInsertBlockIntoFreeList  heap_4.o
    0x080150b8   0x080150b8   0x00000040   Code   RO        10929    i.prvInsertTimerInActiveList  timers.o
    0x080150f8   0x080150f8   0x0000001a   Code   RO        10154    i.prvIsQueueEmpty   queue.o
    0x08015112   0x08015112   0x0000001e   Code   RO        10155    i.prvIsQueueFull    queue.o
    0x08015130   0x08015130   0x00000068   Code   RO        10930    i.prvProcessExpiredTimer  timers.o
    0x08015198   0x08015198   0x000000fc   Code   RO        10931    i.prvProcessReceivedCommands  timers.o
    0x08015294   0x08015294   0x0000006c   Code   RO        10932    i.prvProcessTimerOrBlockTask  timers.o
    0x08015300   0x08015300   0x00000024   Code   RO        10558    i.prvResetNextTaskUnblockTime  tasks.o
    0x08015324   0x08015324   0x0000002c   Code   RO        10933    i.prvSampleTimeNow  timers.o
    0x08015350   0x08015350   0x00000070   Code   RO        10934    i.prvSwitchTimerLists  timers.o
    0x080153c0   0x080153c0   0x0000002c   Code   RO        11691    i.prvTaskExitError  port.o
    0x080153ec   0x080153ec   0x00000014   Code   RO        10935    i.prvTimerTask      timers.o
    0x08015400   0x08015400   0x0000006a   Code   RO        10156    i.prvUnlockQueue    queue.o
    0x0801546a   0x0801546a   0x00000002   PAD
    0x0801546c   0x0801546c   0x000000dc   Code   RO        11637    i.pvPortMalloc      heap_4.o
    0x08015548   0x08015548   0x00000018   Code   RO        10561    i.pvTaskIncrementMutexHeldCount  tasks.o
    0x08015560   0x08015560   0x00000024   Code   RO        11692    i.pxPortInitialiseStack  port.o
    0x08015584   0x08015584   0x000000b0   Code   RO         3584    i.rc_interrupt_update  rc_protocol.o
    0x08015634   0x08015634   0x00000110   Code   RO         3269    i.rc_sensor_check   rc_sensor.o
    0x08015744   0x08015744   0x0000002c   Code   RO         3270    i.rc_sensor_heart_beat  rc_sensor.o
    0x08015770   0x08015770   0x0000002e   Code   RO         3585    i.rc_sensor_init    rc_protocol.o
    0x0801579e   0x0801579e   0x00000002   PAD
    0x080157a0   0x080157a0   0x0000016c   Code   RO         3586    i.rc_sensor_update  rc_protocol.o
    0x0801590c   0x0801590c   0x00000022   Code   RO         4513    i.rm_motor_heart_beat  rm_motor.o
    0x0801592e   0x0801592e   0x0000004e   Code   RO         4514    i.rm_motor_update   rm_motor.o
    0x0801597c   0x0801597c   0x000000c2   Code   RO         2500    i.single_pid_ctrl   pid.o
    0x08015a3e   0x08015a3e   0x0000006a   Code   RO        18594    i.sqrt              m_wv.l(sqrt.o)
    0x08015aa8   0x08015aa8   0x0000003e   Code   RO        18606    i.sqrtf             m_wv.l(sqrtf.o)
    0x08015ae6   0x08015ae6   0x00000002   PAD
    0x08015ae8   0x08015ae8   0x000001e0   Code   RO         2741    i.transform_init    bmi_ekf.o
    0x08015cc8   0x08015cc8   0x000004d4   Code   RO         4192    i.uart_rx_idle_callback  drv_uart.o
    0x0801619c   0x0801619c   0x00000028   Code   RO         2554    i.uint16_to_float   rp_math.o
    0x080161c4   0x080161c4   0x00000028   Code   RO         4380    i.uint_to_float     dm_motor.o
    0x080161ec   0x080161ec   0x00000026   Code   RO        10109    i.uxListRemove      list.o
    0x08016212   0x08016212   0x00000002   PAD
    0x08016214   0x08016214   0x00000014   Code   RO        11186    i.vApplicationGetIdleTaskMemory  cmsis_os2.o
    0x08016228   0x08016228   0x00000018   Code   RO        11187    i.vApplicationGetTimerTaskMemory  cmsis_os2.o
    0x08016240   0x08016240   0x00000016   Code   RO        10110    i.vListInitialise   list.o
    0x08016256   0x08016256   0x00000006   Code   RO        10111    i.vListInitialiseItem  list.o
    0x0801625c   0x0801625c   0x00000030   Code   RO        10112    i.vListInsert       list.o
    0x0801628c   0x0801628c   0x00000018   Code   RO        10113    i.vListInsertEnd    list.o
    0x080162a4   0x080162a4   0x00000040   Code   RO        11694    i.vPortEnterCritical  port.o
    0x080162e4   0x080162e4   0x0000002c   Code   RO        11695    i.vPortExitCritical  port.o
    0x08016310   0x08016310   0x00000064   Code   RO        11638    i.vPortFree         heap_4.o
    0x08016374   0x08016374   0x00000024   Code   RO        11696    i.vPortSetupTimerInterrupt  port.o
    0x08016398   0x08016398   0x00000054   Code   RO        11697    i.vPortValidateInterruptPriority  port.o
    0x080163ec   0x080163ec   0x00000024   Code   RO        10162    i.vQueueAddToRegistry  queue.o
    0x08016410   0x08016410   0x00000046   Code   RO        10166    i.vQueueWaitForMessageRestricted  queue.o
    0x08016456   0x08016456   0x00000002   PAD
    0x08016458   0x08016458   0x00000050   Code   RO        10571    i.vTaskDelay        tasks.o
    0x080164a8   0x080164a8   0x00000010   Code   RO        10576    i.vTaskInternalSetTimeOutState  tasks.o
    0x080164b8   0x080164b8   0x0000000c   Code   RO        10577    i.vTaskMissedYield  tasks.o
    0x080164c4   0x080164c4   0x00000034   Code   RO        10579    i.vTaskPlaceOnEventList  tasks.o
    0x080164f8   0x080164f8   0x0000003c   Code   RO        10580    i.vTaskPlaceOnEventListRestricted  tasks.o
    0x08016534   0x08016534   0x00000094   Code   RO        10582    i.vTaskPriorityDisinheritAfterTimeout  tasks.o
    0x080165c8   0x080165c8   0x00000090   Code   RO        10588    i.vTaskStartScheduler  tasks.o
    0x08016658   0x08016658   0x00000010   Code   RO        10590    i.vTaskSuspendAll   tasks.o
    0x08016668   0x08016668   0x00000068   Code   RO        10591    i.vTaskSwitchContext  tasks.o
    0x080166d0   0x080166d0   0x000000f4   Code   RO        11698    i.xPortStartScheduler  port.o
    0x080167c4   0x080167c4   0x0000002c   Code   RO        11699    i.xPortSysTickHandler  port.o
    0x080167f0   0x080167f0   0x0000006c   Code   RO        10172    i.xQueueGenericCreateStatic  queue.o
    0x0801685c   0x0801685c   0x0000008c   Code   RO        10173    i.xQueueGenericReset  queue.o
    0x080168e8   0x080168e8   0x00000164   Code   RO        10174    i.xQueueGenericSend  queue.o
    0x08016a4c   0x08016a4c   0x000000c0   Code   RO        10175    i.xQueueGenericSendFromISR  queue.o
    0x08016b0c   0x08016b0c   0x0000009e   Code   RO        10178    i.xQueueGiveFromISR  queue.o
    0x08016baa   0x08016baa   0x00000002   PAD
    0x08016bac   0x08016bac   0x0000013c   Code   RO        10184    i.xQueueReceive     queue.o
    0x08016ce8   0x08016ce8   0x0000009c   Code   RO        10185    i.xQueueReceiveFromISR  queue.o
    0x08016d84   0x08016d84   0x0000017c   Code   RO        10186    i.xQueueSemaphoreTake  queue.o
    0x08016f00   0x08016f00   0x0000007c   Code   RO        10593    i.xTaskCheckForTimeOut  tasks.o
    0x08016f7c   0x08016f7c   0x00000064   Code   RO        10594    i.xTaskCreate       tasks.o
    0x08016fe0   0x08016fe0   0x0000005c   Code   RO        10595    i.xTaskCreateStatic  tasks.o
    0x0801703c   0x0801703c   0x0000001c   Code   RO        10599    i.xTaskGetSchedulerState  tasks.o
    0x08017058   0x08017058   0x0000000c   Code   RO        10600    i.xTaskGetTickCount  tasks.o
    0x08017064   0x08017064   0x000000cc   Code   RO        10602    i.xTaskIncrementTick  tasks.o
    0x08017130   0x08017130   0x0000007c   Code   RO        10605    i.xTaskPriorityDisinherit  tasks.o
    0x080171ac   0x080171ac   0x0000007c   Code   RO        10606    i.xTaskPriorityInherit  tasks.o
    0x08017228   0x08017228   0x00000078   Code   RO        10607    i.xTaskRemoveFromEventList  tasks.o
    0x080172a0   0x080172a0   0x000000c8   Code   RO        10608    i.xTaskResumeAll    tasks.o
    0x08017368   0x08017368   0x00000068   Code   RO        10944    i.xTimerCreateTimerTask  timers.o
    0x080173d0   0x080173d0   0x0000006c   Code   RO        10945    i.xTimerGenericCommand  timers.o
    0x0801743c   0x0801743c   0x00000064   Code   RO         2122    i.xvEstimateKF_Init  filter.o
    0x080174a0   0x080174a0   0x00000010   Code   RO         2123    i.xvEstimateKF_Update  filter.o
    0x080174b0   0x080174b0   0x000000d8   Data   RO          516    .constdata          freertos.o
    0x08017588   0x08017588   0x00000020   Data   RO         2128    .constdata          filter.o
    0x080175a8   0x080175a8   0x00000300   Data   RO         2636    .constdata          crc.o
    0x080178a8   0x080178a8   0x00000090   Data   RO         2743    .constdata          bmi_ekf.o
    0x08017938   0x08017938   0x00000008   Data   RO         6826    .constdata          stm32h7xx_hal_dma.o
    0x08017940   0x08017940   0x0000005c   Data   RO         8550    .constdata          stm32h7xx_hal_fdcan.o
    0x0801799c   0x0801799c   0x00000018   Data   RO         9502    .constdata          stm32h7xx_hal_uart.o
    0x080179b4   0x080179b4   0x00000010   Data   RO         9873    .constdata          stm32h7xx_hal_uart_ex.o
    0x080179c4   0x080179c4   0x00000010   Data   RO        11773    .constdata          system_stm32h7xx.o
    0x080179d4   0x080179d4   0x00000804   Data   RO        12585    .constdata          commontables.o
    0x080181d8   0x080181d8   0x00000070   Data   RO        13429    .constdata          fastmathfunctions.o
    0x08018248   0x08018248   0x00000088   Data   RO        18555    .constdata          m_wv.l(pow.o)
    0x080182d0   0x080182d0   0x00000140   Data   RO        18569    .constdata          m_wv.l(powf.o)
    0x08018410   0x08018410   0x00000030   Data   RO        18712    .constdata          m_wv.l(cos_i.o)
    0x08018440   0x08018440   0x00000008   Data   RO        18754    .constdata          m_wv.l(qnan.o)
    0x08018448   0x08018448   0x000000c8   Data   RO        18757    .constdata          m_wv.l(rred.o)
    0x08018510   0x08018510   0x00000028   Data   RO        18764    .constdata          m_wv.l(sin_i.o)
    0x08018538   0x08018538   0x00000044   Data   RO          517    .conststring        freertos.o
    0x0801857c   0x0801857c   0x00000040   Data   RO        18820    Region$$Table       anon$$obj.o


    Execution Region RW_IRAM1 (Exec base: 0x20000000, Load base: 0x080185bc, Size: 0x00005650, Max: 0x00020000, ABSOLUTE, COMPRESSED[0x0000038c])

    Exec Addr    Load Addr    Size         Type   Attr      Idx    E Section Name        Object

    0x20000000   COMPRESSED   0x00000004   Data   RW          519    .data               freertos.o
    0x20000004   COMPRESSED   0x00000008   Data   RW         1351    .data               ui_task.o
    0x2000000c   COMPRESSED   0x00000004   Data   RW         1417    .data               balance.o
    0x20000010   COMPRESSED   0x00000020   Data   RW         1418    .data               balance.o
    0x20000030   COMPRESSED   0x00000020   Data   RW         1419    .data               balance.o
    0x20000050   COMPRESSED   0x00000008   Data   RW         1472    .data               robot.o
    0x20000058   COMPRESSED   0x00000024   Data   RW         1871    .data               launch.o
    0x2000007c   COMPRESSED   0x0000016c   Data   RW         2000    .data               command_instance.o
    0x200001e8   COMPRESSED   0x00000210   Data   RW         2046    .data               straight_instance.o
    0x200003f8   COMPRESSED   0x00000048   Data   RW         2085    .data               link_instance.o
    0x20000440   COMPRESSED   0x00000080   Data   RW         2129    .data               filter.o
    0x200004c0   COMPRESSED   0x000000c0   Data   RW         2176    .data               pid_instance.o
    0x20000580   COMPRESSED   0x000000c0   Data   RW         2178    .data               pid_instance.o
    0x20000640   COMPRESSED   0x000000c0   Data   RW         2180    .data               pid_instance.o
    0x20000700   COMPRESSED   0x000000c0   Data   RW         2182    .data               pid_instance.o
    0x200007c0   COMPRESSED   0x00000008   Data   RW         2360    .data               chassis_posture.o
    0x200007c8   COMPRESSED   0x00000004   Data   RW         2362    .data               chassis_posture.o
    0x200007cc   COMPRESSED   0x00000030   Data   RW         2744    .data               bmi_ekf.o
    0x200007fc   COMPRESSED   0x00000004   Data   RW         2979    .data               bmi088middleware.o
    0x20000800   COMPRESSED   0x00000034   Data   RW         3070    .data               chassis_motor.o
    0x20000834   COMPRESSED   0x00000010   Data   RW         3071    .data               chassis_motor.o
    0x20000844   COMPRESSED   0x00000034   Data   RW         3073    .data               chassis_motor.o
    0x20000878   COMPRESSED   0x00000010   Data   RW         3076    .data               chassis_motor.o
    0x20000888   COMPRESSED   0x00000034   Data   RW         3077    .data               chassis_motor.o
    0x200008bc   COMPRESSED   0x00000010   Data   RW         3080    .data               chassis_motor.o
    0x200008cc   COMPRESSED   0x00000034   Data   RW         3081    .data               chassis_motor.o
    0x20000900   COMPRESSED   0x00000060   Data   RW         3207    .data               imu_sensor.o
    0x20000960   COMPRESSED   0x0000001c   Data   RW         3273    .data               rc_sensor.o
    0x2000097c   COMPRESSED   0x00000018   Data   RW         3317    .data               cap.o
    0x20000994   COMPRESSED   0x00000014   Data   RW         3359    .data               judge.o
    0x200009a8   COMPRESSED   0x00000010   Data   RW         3412    .data               launch_motor.o
    0x200009b8   COMPRESSED   0x00000060   Data   RW         3414    .data               launch_motor.o
    0x20000a18   COMPRESSED   0x00000014   Data   RW         3416    .data               launch_motor.o
    0x20000a2c   COMPRESSED   0x00000072   Data   RW         3712    .data               board_protocol.o
    0x20000a9e   COMPRESSED   0x00000006   Data   RW         3931    .data               judge_protocol.o
    0x20000aa4   COMPRESSED   0x00000004   Data   RW         4109    .data               drv_tick.o
    0x20000aa8   COMPRESSED   0x00000020   Data   RW        11644    .data               heap_4.o
    0x20000ac8   COMPRESSED   0x0000000c   Data   RW        11700    .data               port.o
    0x20000ad4   COMPRESSED   0x00000008   Data   RW        11774    .data               system_stm32h7xx.o
    0x20000adc   COMPRESSED   0x00000004   Data   RW        18795    .data               mc_w.l(errno.o)
    0x20000ae0        -       0x000001e0   Zero   RW          613    .bss                fdcan.o
    0x20000cc0        -       0x00000010   Zero   RW          664    .bss                iwdg.o
    0x20000cd0        -       0x0000004c   Zero   RW          745    .bss                tim.o
    0x20000d1c        -       0x000000c0   Zero   RW         2043    .bss                straight_instance.o
    0x20000ddc        -       0x000000d8   Zero   RW         2044    .bss                straight_instance.o
    0x20000eb4        -       0x00000038   Zero   RW         2045    .bss                straight_instance.o
    0x20000eec        -       0x00000090   Zero   RW         2079    .bss                link_instance.o
    0x20000f7c        -       0x000000a8   Zero   RW         2080    .bss                link_instance.o
    0x20001024        -       0x00000060   Zero   RW         2081    .bss                link_instance.o
    0x20001084        -       0x00000048   Zero   RW         2082    .bss                link_instance.o
    0x200010cc        -       0x00000030   Zero   RW         2084    .bss                link_instance.o
    0x200010fc        -       0x00000134   Zero   RW         2124    .bss                filter.o
    0x20001230        -       0x00000010   Zero   RW         2127    .bss                filter.o
    0x20001240        -       0x00000270   Zero   RW         2742    .bss                bmi_ekf.o
    0x200014b0        -       0x00000014   Zero   RW         3051    .bss                chassis_motor.o
    0x200014c4        -       0x0000002c   Zero   RW         3053    .bss                chassis_motor.o
    0x200014f0        -       0x0000000c   Zero   RW         3055    .bss                chassis_motor.o
    0x200014fc        -       0x0000001c   Zero   RW         3060    .bss                chassis_motor.o
    0x20001518        -       0x0000000c   Zero   RW         3062    .bss                chassis_motor.o
    0x20001524        -       0x0000001c   Zero   RW         3063    .bss                chassis_motor.o
    0x20001540        -       0x0000001c   Zero   RW         3066    .bss                chassis_motor.o
    0x2000155c        -       0x0000000c   Zero   RW         3068    .bss                chassis_motor.o
    0x20001568        -       0x0000001c   Zero   RW         3112    .bss                gimbal_motor.o
    0x20001584        -       0x000001a4   Zero   RW         3206    .bss                imu_sensor.o
    0x20001728        -       0x00000108   Zero   RW         3356    .bss                judge.o
    0x20001830        -       0x0000000c   Zero   RW         3410    .bss                launch_motor.o
    0x2000183c        -       0x0000002c   Zero   RW         3411    .bss                launch_motor.o
    0x20001868        -       0x00000010   Zero   RW         3651    .bss                cap_protocol.o
    0x20001878        -       0x0000007f   Zero   RW         3711    .bss                board_protocol.o
    0x200018f7   COMPRESSED   0x00000001   PAD
    0x200018f8        -       0x00000040   Zero   RW        10188    .bss                queue.o
    0x20001938        -       0x00000118   Zero   RW        10952    .bss                timers.o
    0x20001a50        -       0x00003c00   Zero   RW        11643    .bss                heap_4.o


    Execution Region RW_IRAM2 (Exec base: 0x24000000, Load base: 0x08018948, Size: 0x00005658, Max: 0x00020000, ABSOLUTE, COMPRESSED[0x000002e8])

    Exec Addr    Load Addr    Size         Type   Attr      Idx    E Section Name        Object

    0x24000000   COMPRESSED   0x00000664   Data   RW         4193    .AXI_SRAM           drv_uart.o
    0x24000664   COMPRESSED   0x00000004   Data   RW          518    .data               freertos.o
    0x24000668   COMPRESSED   0x00000018   Data   RW          520    .data               freertos.o
    0x24000680   COMPRESSED   0x00000004   Data   RW          614    .data               fdcan.o
    0x24000684   COMPRESSED   0x0000000c   Data   RW         1420    .data               balance.o
    0x24000690   COMPRESSED   0x0000014c   Data   RW         1547    .data               chassis.o
    0x240007dc   COMPRESSED   0x0000007c   Data   RW         1786    .data               gimbal.o
    0x24000858   COMPRESSED   0x00000004   Data   RW         1935    .data               command.o
    0x2400085c   COMPRESSED   0x00000060   Data   RW         2047    .data               straight_instance.o
    0x240008bc   COMPRESSED   0x00000008   Data   RW         2048    .data               straight_instance.o
    0x240008c4   COMPRESSED   0x00000038   Data   RW         2086    .data               link_instance.o
    0x240008fc   COMPRESSED   0x000000c0   Data   RW         2175    .data               pid_instance.o
    0x240009bc   COMPRESSED   0x000000c0   Data   RW         2177    .data               pid_instance.o
    0x24000a7c   COMPRESSED   0x000000c0   Data   RW         2179    .data               pid_instance.o
    0x24000b3c   COMPRESSED   0x000000c0   Data   RW         2181    .data               pid_instance.o
    0x24000bfc   COMPRESSED   0x000000c0   Data   RW         2183    .data               pid_instance.o
    0x24000cbc   COMPRESSED   0x00000048   Data   RW         2184    .data               pid_instance.o
    0x24000d04   COMPRESSED   0x00000004   Data   RW         2637    .data               crc.o
    0x24000d08   COMPRESSED   0x000000e8   Data   RW         2745    .data               bmi_ekf.o
    0x24000df0   COMPRESSED   0x0000002c   Data   RW         2818    .data               bmi088driver.o
    0x24000e1c   COMPRESSED   0x00000010   Data   RW         3069    .data               chassis_motor.o
    0x24000e2c   COMPRESSED   0x00000034   Data   RW         3072    .data               chassis_motor.o
    0x24000e60   COMPRESSED   0x00000010   Data   RW         3074    .data               chassis_motor.o
    0x24000e70   COMPRESSED   0x00000034   Data   RW         3075    .data               chassis_motor.o
    0x24000ea4   COMPRESSED   0x00000010   Data   RW         3078    .data               chassis_motor.o
    0x24000eb4   COMPRESSED   0x00000034   Data   RW         3079    .data               chassis_motor.o
    0x24000ee8   COMPRESSED   0x00000024   Data   RW         3082    .data               chassis_motor.o
    0x24000f0c   COMPRESSED   0x00000010   Data   RW         3116    .data               gimbal_motor.o
    0x24000f1c   COMPRESSED   0x000001b4   Data   RW         3117    .data               gimbal_motor.o
    0x240010d0   COMPRESSED   0x00000004   Data   RW         3150    .data               device.o
    0x240010d4   COMPRESSED   0x00000080   Data   RW         3208    .data               imu_sensor.o
    0x24001154   COMPRESSED   0x000000cc   Data   RW         3272    .data               rc_sensor.o
    0x24001220   COMPRESSED   0x00000006   Data   RW         3318    .data               cap.o
    0x24001226   COMPRESSED   0x00000006   Data   RW         3358    .data               judge.o
    0x2400122c   COMPRESSED   0x00000060   Data   RW         3413    .data               launch_motor.o
    0x2400128c   COMPRESSED   0x00000060   Data   RW         3415    .data               launch_motor.o
    0x240012ec   COMPRESSED   0x00000034   Data   RW         3417    .data               launch_motor.o
    0x24001320   COMPRESSED   0x00000010   Data   RW         3588    .data               rc_protocol.o
    0x24001330   COMPRESSED   0x00000017   Data   RW         3652    .data               cap_protocol.o
    0x24001347   COMPRESSED   0x00000001   PAD
    0x24001348   COMPRESSED   0x00000008   Data   RW         3930    .data               judge_protocol.o
    0x24001350   COMPRESSED   0x00000009   Data   RW         4381    .data               dm_motor.o
    0x24001359   COMPRESSED   0x00000003   PAD
    0x2400135c   COMPRESSED   0x0000000c   Data   RW         7558    .data               stm32h7xx_hal.o
    0x24001368   COMPRESSED   0x0000003c   Data   RW        10611    .data               tasks.o
    0x240013a4   COMPRESSED   0x00000014   Data   RW        10953    .data               timers.o
    0x240013b8   COMPRESSED   0x00000004   Data   RW        11189    .data               cmsis_os2.o
    0x240013bc        -       0x00000200   Zero   RW          697    .bss                spi.o
    0x240015bc        -       0x000009c8   Zero   RW          799    .bss                usart.o
    0x24001f84        -       0x0000004c   Zero   RW         1112    .bss                stm32h7xx_hal_timebase_tim.o
    0x24001fd0        -       0x00000098   Zero   RW         1545    .bss                chassis.o
    0x24002068        -       0x0000010c   Zero   RW         1546    .bss                chassis.o
    0x24002174        -       0x00000020   Zero   RW         2078    .bss                link_instance.o
    0x24002194        -       0x00000048   Zero   RW         2083    .bss                link_instance.o
    0x240021dc        -       0x00000134   Zero   RW         2126    .bss                filter.o
    0x24002310        -       0x00000030   Zero   RW         2359    .bss                chassis_posture.o
    0x24002340        -       0x0000000c   Zero   RW         3052    .bss                chassis_motor.o
    0x2400234c        -       0x00000014   Zero   RW         3054    .bss                chassis_motor.o
    0x24002360        -       0x0000002c   Zero   RW         3056    .bss                chassis_motor.o
    0x2400238c        -       0x0000001c   Zero   RW         3057    .bss                chassis_motor.o
    0x240023a8        -       0x0000001c   Zero   RW         3058    .bss                chassis_motor.o
    0x240023c4        -       0x0000000c   Zero   RW         3059    .bss                chassis_motor.o
    0x240023d0        -       0x0000001c   Zero   RW         3061    .bss                chassis_motor.o
    0x240023ec        -       0x0000001c   Zero   RW         3064    .bss                chassis_motor.o
    0x24002408        -       0x0000000c   Zero   RW         3065    .bss                chassis_motor.o
    0x24002414        -       0x0000001c   Zero   RW         3067    .bss                chassis_motor.o
    0x24002430        -       0x0000001c   Zero   RW         3113    .bss                gimbal_motor.o
    0x2400244c        -       0x0000000c   Zero   RW         3114    .bss                gimbal_motor.o
    0x24002458        -       0x000003c0   Zero   RW         3115    .bss                gimbal_motor.o
    0x24002818        -       0x00000060   Zero   RW         3204    .bss                imu_sensor.o
    0x24002878        -       0x00000191   Zero   RW         3357    .bss                judge.o
    0x24002a09   COMPRESSED   0x00000003   PAD
    0x24002a0c        -       0x00000014   Zero   RW         3409    .bss                launch_motor.o
    0x24002a20        -       0x00000028   Zero   RW         3587    .bss                rc_protocol.o
    0x24002a48        -       0x00000090   Zero   RW         4027    .bss                drv_can.o
    0x24002ad8        -       0x000004c4   Zero   RW        10610    .bss                tasks.o
    0x24002f9c        -       0x000006b8   Zero   RW        11188    .bss                cmsis_os2.o
    0x24003654   COMPRESSED   0x00000004   PAD
    0x24003658        -       0x00002000   Zero   RW         9977    STACK               startup_stm32h723xx.o


==============================================================================

Image component sizes


      Code (inc. data)   RO Data    RW Data    ZI Data      Debug   Object Name

       182          6          0          0          0       2472   ave_filter.o
      1784         56          0         80          0       7539   balance.o
       936         16          0         44          0       7730   bmi088driver.o
       182         34          0          4          0       6030   bmi088middleware.o
      3560        172        144        280        624      11925   bmi_ekf.o
      1200        142          0        114        127       9038   board_protocol.o
       180         34          0          0          0       2527   can_protocol.o
        58          8          0         30          0       1828   cap.o
       280         34          0         23         16       4470   cap_protocol.o
     15322        964          0        332        420      41924   chassis.o
         0          0          0        496        424       1617   chassis_motor.o
       204         20          0         12         48       2324   chassis_posture.o
       568         36          0          4       1720      69345   cmsis_os2.o
       328         32          0          4          0       6593   command.o
       400         26          0        364          0       3058   command_instance.o
        40         10          0          0          0       5810   command_task.o
         0          0       2052          0          0      13461   commontables.o
        28          0          0          0          0        571   connect_task.o
       104         24          0          0          0      11170   control_task.o
       196         16        768          4          0       4054   crc.o
       112         38          0          4          0       1653   device.o
      2098        218          0          9          0      18845   dm_motor.o
       252          4          0          0          0       1074   dma.o
        38          0          0          0          0       1480   driver.o
       378         34          0          0        144       4847   drv_can.o
        82          6          0          4          0       2045   drv_tick.o
      2676        118          0       1636          0      10285   drv_uart.o
         0          0          0          0          0      18092   event_groups.o
       820         52        112          0          0      11275   fastmathfunctions.o
       644         56          0          4        480       3581   fdcan.o
       328         32         32        128        632       4599   filter.o
       120         32        284         32          0       2083   freertos.o
      2208        276          0        124          0      11106   gimbal.o
        72          4          0        452       1028       1208   gimbal_motor.o
       424         24          0          0          0       1339   gpio.o
       480         26          0         32      15360       5243   heap_4.o
      1524         96          0        224        516      49165   imu_sensor.o
        48         10          0          0         16        773   iwdg.o
      1990        136          0         26        665      11687   judge.o
       108          6          0         14          0       2786   judge_protocol.o
      1720          0          0          0          0       8734   kalman_filter.o
       470         22          0         36          0       6502   launch.o
        12          6          0        376         76       1249   launch_motor.o
      2554        142          0          0          0      14396   link_calc.o
         0          0          0        128        632       2607   link_instance.o
       138          0          0          0          0       3822   list.o
       402         14          0          0          0    1310570   main.o
       938         12          0          0          0      10312   matrixfunctions.o
       120         32          0          0          0        615   monitor_task.o
        22          0          0          0          0       1129   motor_def.o
        72         16          0          0          0        614   observe_task.o
       228          6          0          0          0       3048   pid.o
         0          0          0       1800          0       2036   pid_instance.o
       786         84          0         12          0      11993   port.o
       170          0          0          0          0       1431   quaternionmathfunctions.o
      2278         24          0          0         64      23673   queue.o
       936         24          0         16         40       5690   rc_protocol.o
       524         10          0        232          0       8247   rc_sensor.o
      1950        200          0          0          0      18405   rm_motor.o
        84         16          0          8          0       1523   robot.o
       144          0          0          0          0       7346   rp_math.o
       608         52          0          0        512       2992   spi.o
        44         12        716          0       8192        832   startup_stm32h723xx.o
       136         32          0         12          0      23210   stm32h7xx_hal.o
       158         14          0          0          0      38942   stm32h7xx_hal_cortex.o
      6464        140          8          0          0      14826   stm32h7xx_hal_dma.o
      2838         50         92          0          0      23888   stm32h7xx_hal_fdcan.o
       572         44          0          0          0       3776   stm32h7xx_hal_gpio.o
       118          0          0          0          0       2143   stm32h7xx_hal_iwdg.o
        36          4          0          0          0        990   stm32h7xx_hal_msp.o
        88          6          0          0          0        857   stm32h7xx_hal_pwr_ex.o
      2804        128          0          0          0       8933   stm32h7xx_hal_rcc.o
      3964        120          0          0          0       8525   stm32h7xx_hal_rcc_ex.o
      2190         30          0          0          0      11229   stm32h7xx_hal_spi.o
      1998        228          0          0          0      13897   stm32h7xx_hal_tim.o
       186         36          0          0          0       3488   stm32h7xx_hal_tim_ex.o
       144         18          0          0         76       1775   stm32h7xx_hal_timebase_tim.o
      3570        154         24          0          0      36923   stm32h7xx_hal_uart.o
       440         12         16          0          0       6793   stm32h7xx_hal_uart_ex.o
       370        144          0          0          0      15582   stm32h7xx_it.o
         0          0          0        632        464       1901   straight_instance.o
       730         28          0          0          0       9436   straight_leg_calc.o
       244         38         16          8          0       2017   system_stm32h7xx.o
      2472        208          0         60       1220      31539   tasks.o
       244         34          0          0         76       2557   tim.o
      1040         88          0         20        280      33683   timers.o
        60          8          0          8          0       1370   ui_task.o
      2600        186          0          0       2504       8801   usart.o

    ----------------------------------------------------------------------
     87728       5220       4328       7832      36364    2131499   Object Totals
         0          0         64          0          0          0   (incl. Generated)
       108          0          0          4          8          0   (incl. Padding)

    ----------------------------------------------------------------------

      Code (inc. data)   RO Data    RW Data    ZI Data      Debug   Library Member Name

       292         58          0          0          0        176   acosf.o
       176         18          0          0          0        156   cos.o
       224         42         48          0          0        184   cos_i.o
       110         60          0          0          0        580   dunder.o
        24          0          0          0          0        124   fabs.o
        48          0          0          0          0        124   fpclassify.o
        38          0          0          0          0        116   fpclassifyf.o
        84         28          0          0          0        696   funder.o
       112          0          0          0          0        116   poly.o
      2296        304        136          0          0        320   pow.o
      1624        130        320          0          0        400   powf.o
         0          0          8          0          0          0   qnan.o
       784        138        200          0          0        172   rred.o
       176         18          0          0          0        160   sin.o
       168         24         40          0          0        196   sin_i.o
       208          0          0          0          0        280   sqrt.o
       120          0          0          0          0        272   sqrtf.o
        86          0          0          0          0          0   __dczerorl2.o
         0          0          0          0          0          0   entry.o
         0          0          0          0          0          0   entry10a.o
         0          0          0          0          0          0   entry11a.o
         8          4          0          0          0          0   entry2.o
         4          0          0          0          0          0   entry5.o
         0          0          0          0          0          0   entry7b.o
         0          0          0          0          0          0   entry8b.o
         8          4          0          0          0          0   entry9a.o
        12          6          0          4          0         68   errno.o
        30          0          0          0          0          0   handlers.o
        36          8          0          0          0         68   init.o
         0          0          0          0          0          0   iusefp.o
        30          0          0          0          0         68   llshl.o
        32          0          0          0          0         68   llushr.o
        36          0          0          0          0         68   memcpya.o
        36          0          0          0          0        108   memseta.o
        98          0          0          0          0         92   uldiv.o
        46          0          0          0          0         80   dscalb.o
         4          0          0          0          0         68   fpstat.o

    ----------------------------------------------------------------------
      6964        846        752          4          0       4760   Library Totals
        14          4          0          0          0          0   (incl. Padding)

    ----------------------------------------------------------------------

      Code (inc. data)   RO Data    RW Data    ZI Data      Debug   Library Name

      6484        820        752          0          0       4072   m_wv.l
       416         22          0          4          0        540   mc_w.l
        50          0          0          0          0        148   mf_w.l

    ----------------------------------------------------------------------
      6964        846        752          4          0       4760   Library Totals

    ----------------------------------------------------------------------

==============================================================================


      Code (inc. data)   RO Data    RW Data    ZI Data      Debug   

     94692       6066       5080       7836      36364    2081983   Grand Totals
     94692       6066       5080       1652      36364    2081983   ELF Image Totals (compressed)
     94692       6066       5080       1652          0          0   ROM Totals

==============================================================================

    Total RO  Size (Code + RO Data)                99772 (  97.43kB)
    Total RW  Size (RW Data + ZI Data)             44200 (  43.16kB)
    Total ROM Size (Code + RO Data + RW Data)     101424 (  99.05kB)

==============================================================================

