Component: ARM Compiler 5.06 update 5 (build 528) Tool: armlink [4d35e2]

==============================================================================

Section Cross References

    main.o(i.HAL_TIM_PeriodElapsedCallback) refers to stm32h7xx_hal.o(i.HAL_IncTick) for HAL_IncTick
    main.o(i.PeriphCommonClock_Config) refers to memseta.o(.text) for __aeabi_memclr4
    main.o(i.PeriphCommonClock_Config) refers to stm32h7xx_hal_rcc_ex.o(i.HAL_RCCEx_PeriphCLKConfig) for HAL_RCCEx_PeriphCLKConfig
    main.o(i.PeriphCommonClock_Config) refers to main.o(i.Error_Handler) for Error_Handler
    main.o(i.SystemClock_Config) refers to memseta.o(.text) for __aeabi_memclr4
    main.o(i.SystemClock_Config) refers to stm32h7xx_hal_pwr_ex.o(i.HAL_PWREx_ConfigSupply) for HAL_PWREx_ConfigSupply
    main.o(i.SystemClock_Config) refers to stm32h7xx_hal_rcc.o(i.HAL_RCC_OscConfig) for HAL_RCC_OscConfig
    main.o(i.SystemClock_Config) refers to main.o(i.Error_Handler) for Error_Handler
    main.o(i.SystemClock_Config) refers to stm32h7xx_hal_rcc.o(i.HAL_RCC_ClockConfig) for HAL_RCC_ClockConfig
    main.o(i.main) refers to stm32h7xx_hal.o(i.HAL_Init) for HAL_Init
    main.o(i.main) refers to main.o(i.SystemClock_Config) for SystemClock_Config
    main.o(i.main) refers to main.o(i.PeriphCommonClock_Config) for PeriphCommonClock_Config
    main.o(i.main) refers to gpio.o(i.MX_GPIO_Init) for MX_GPIO_Init
    main.o(i.main) refers to dma.o(i.MX_DMA_Init) for MX_DMA_Init
    main.o(i.main) refers to spi.o(i.MX_SPI2_Init) for MX_SPI2_Init
    main.o(i.main) refers to fdcan.o(i.MX_FDCAN1_Init) for MX_FDCAN1_Init
    main.o(i.main) refers to spi.o(i.MX_SPI6_Init) for MX_SPI6_Init
    main.o(i.main) refers to tim.o(i.MX_TIM12_Init) for MX_TIM12_Init
    main.o(i.main) refers to usart.o(i.MX_USART2_UART_Init) for MX_USART2_UART_Init
    main.o(i.main) refers to fdcan.o(i.MX_FDCAN2_Init) for MX_FDCAN2_Init
    main.o(i.main) refers to fdcan.o(i.MX_FDCAN3_Init) for MX_FDCAN3_Init
    main.o(i.main) refers to usart.o(i.MX_USART10_UART_Init) for MX_USART10_UART_Init
    main.o(i.main) refers to usart.o(i.MX_UART5_Init) for MX_UART5_Init
    main.o(i.main) refers to iwdg.o(i.MX_IWDG1_Init) for MX_IWDG1_Init
    main.o(i.main) refers to usart.o(i.MX_USART1_UART_Init) for MX_USART1_UART_Init
    main.o(i.main) refers to usart.o(i.MX_USART6_UART_Init) for MX_USART6_UART_Init
    main.o(i.main) refers to usart.o(i.MX_UART8_Init) for MX_UART8_Init
    main.o(i.main) refers to usart.o(i.MX_UART9_Init) for MX_UART9_Init
    main.o(i.main) refers to usart.o(i.MX_UART7_Init) for MX_UART7_Init
    main.o(i.main) refers to device.o(i.DEVICE_Init) for DEVICE_Init
    main.o(i.main) refers to driver.o(i.DRIVER_Init) for DRIVER_Init
    main.o(i.main) refers to cmsis_os2.o(i.osKernelInitialize) for osKernelInitialize
    main.o(i.main) refers to freertos.o(i.MX_FREERTOS_Init) for MX_FREERTOS_Init
    main.o(i.main) refers to cmsis_os2.o(i.osKernelStart) for osKernelStart
    gpio.o(i.MX_GPIO_Init) refers to memseta.o(.text) for __aeabi_memclr4
    gpio.o(i.MX_GPIO_Init) refers to stm32h7xx_hal_gpio.o(i.HAL_GPIO_WritePin) for HAL_GPIO_WritePin
    gpio.o(i.MX_GPIO_Init) refers to stm32h7xx_hal_gpio.o(i.HAL_GPIO_Init) for HAL_GPIO_Init
    gpio.o(i.MX_GPIO_Init) refers to stm32h7xx_hal.o(i.HAL_SYSCFG_AnalogSwitchConfig) for HAL_SYSCFG_AnalogSwitchConfig
    gpio.o(i.MX_GPIO_Init) refers to stm32h7xx_hal_cortex.o(i.HAL_NVIC_SetPriority) for HAL_NVIC_SetPriority
    gpio.o(i.MX_GPIO_Init) refers to stm32h7xx_hal_cortex.o(i.HAL_NVIC_EnableIRQ) for HAL_NVIC_EnableIRQ
    freertos.o(i.MX_FREERTOS_Init) refers to cmsis_os2.o(i.osThreadNew) for osThreadNew
    freertos.o(i.MX_FREERTOS_Init) refers to freertos.o(.constdata) for .constdata
    freertos.o(i.MX_FREERTOS_Init) refers to monitor_task.o(i.StartMonitorTask) for StartMonitorTask
    freertos.o(i.MX_FREERTOS_Init) refers to freertos.o(.data) for .data
    freertos.o(i.MX_FREERTOS_Init) refers to control_task.o(i.StartCtrlTask) for StartCtrlTask
    freertos.o(i.MX_FREERTOS_Init) refers to command_task.o(i.StartCommandTask) for StartCommandTask
    freertos.o(i.MX_FREERTOS_Init) refers to observe_task.o(i.StartUpdataTask) for StartUpdataTask
    freertos.o(i.MX_FREERTOS_Init) refers to ui_task.o(i.StartUITask) for StartUITask
    freertos.o(i.MX_FREERTOS_Init) refers to connect_task.o(i.StartConnectTask) for StartConnectTask
    freertos.o(i.StartCommandTask) refers to cmsis_os2.o(i.osDelay) for osDelay
    freertos.o(i.StartConnectTask) refers to cmsis_os2.o(i.osDelay) for osDelay
    freertos.o(i.StartCtrlTask) refers to cmsis_os2.o(i.osDelay) for osDelay
    freertos.o(i.StartMonitorTask) refers to cmsis_os2.o(i.osDelay) for osDelay
    freertos.o(i.StartUITask) refers to cmsis_os2.o(i.osDelay) for osDelay
    freertos.o(i.StartUpdataTask) refers to cmsis_os2.o(i.osDelay) for osDelay
    freertos.o(.constdata) refers to freertos.o(.conststring) for .conststring
[...]
    0x080002d4   0x080002d4   0x00000000   Code   RO        18381    .ARM.Collect$$$$0000000A  mc_w.l(entry8b.o)
    0x080002d4   0x080002d4   0x00000008   Code   RO        18382    .ARM.Collect$$$$0000000B  mc_w.l(entry9a.o)
    0x080002dc   0x080002dc   0x00000000   Code   RO        18384    .ARM.Collect$$$$0000000D  mc_w.l(entry10a.o)
    0x080002dc   0x080002dc   0x00000000   Code   RO        18386    .ARM.Collect$$$$0000000F  mc_w.l(entry11a.o)
    0x080002dc   0x080002dc   0x00000004   Code   RO        18375    .ARM.Collect$$$$00002712  mc_w.l(entry2.o)
    0x080002e0   0x080002e0   0x000000be   Code   RO        11325    .emb_text           port.o
    0x0800039e   0x0800039e   0x00000002   PAD
    0x080003a0   0x080003a0   0x0000002c   Code   RO         9615    .text               startup_stm32h723xx.o
    0x080003cc   0x080003cc   0x00000062   Code   RO        18266    .text               mc_w.l(uldiv.o)
    0x0800042e   0x0800042e   0x0000001e   Code   RO        18270    .text               mc_w.l(llshl.o)
    0x0800044c   0x0800044c   0x00000024   Code   RO        18274    .text               mc_w.l(memcpya.o)
    0x08000470   0x08000470   0x00000024   Code   RO        18278    .text               mc_w.l(memseta.o)
    0x08000494   0x08000494   0x00000020   Code   RO        18393    .text               mc_w.l(llushr.o)
    0x080004b4   0x080004b4   0x00000000   Code   RO        18402    .text               mc_w.l(iusefp.o)
    0x080004b4   0x080004b4   0x0000002e   Code   RO        18409    .text               mf_w.l(dscalb.o)
    0x080004e2   0x080004e2   0x00000004   Code   RO        18415    .text               mf_w.l(fpstat.o)
    0x080004e6   0x080004e6   0x00000002   PAD
    0x080004e8   0x080004e8   0x00000024   Code   RO        18417    .text               mc_w.l(init.o)
    0x0800050c   0x0800050c   0x00000056   Code   RO        18431    .text               mc_w.l(__dczerorl2.o)
    0x08000562   0x08000562   0x00000002   PAD
    0x08000564   0x08000564   0x000000b4   Code   RO         4118    i.Angle_Sum_Cal     dm_motor.o
    0x08000618   0x08000618   0x0000010c   Code   RO         4247    i.Angle_Sum_Cal     rm_motor.o
    0x08000724   0x08000724   0x00000010   Code   RO         2942    i.BMI088_ACCEL_NS_H  bmi088middleware.o
    0x08000734   0x08000734   0x00000010   Code   RO         2943    i.BMI088_ACCEL_NS_L  bmi088middleware.o
    0x08000744   0x08000744   0x00000002   Code   RO         2944    i.BMI088_GPIO_init  bmi088middleware.o
    0x08000746   0x08000746   0x00000002   PAD
    0x08000748   0x08000748   0x00000010   Code   RO         2945    i.BMI088_GYRO_NS_H  bmi088middleware.o
    0x08000758   0x08000758   0x00000010   Code   RO         2946    i.BMI088_GYRO_NS_L  bmi088middleware.o
    0x08000768   0x08000768   0x00000002   Code   RO         2947    i.BMI088_com_init   bmi088middleware.o
    0x0800076a   0x0800076a   0x00000018   Code   RO         2948    i.BMI088_delay_ms   bmi088middleware.o
    0x08000782   0x08000782   0x00000016   Code   RO         2949    i.BMI088_delay_us   bmi088middleware.o
    0x08000798   0x08000798   0x00000018   Code   RO         2784    i.BMI088_init       bmi088driver.o
    0x080007b0   0x080007b0   0x0000015c   Code   RO         2785    i.BMI088_read       bmi088driver.o
    0x0800090c   0x0800090c   0x00000024   Code   RO         2786    i.BMI088_read_muli_reg  bmi088driver.o
    0x08000930   0x08000930   0x00000016   Code   RO         2787    i.BMI088_read_single_reg  bmi088driver.o
    0x08000946   0x08000946   0x00000002   PAD
    0x08000948   0x08000948   0x00000020   Code   RO         2950    i.BMI088_read_write_byte  bmi088middleware.o
    0x08000968   0x08000968   0x00000012   Code   RO         2788    i.BMI088_write_single_reg  bmi088driver.o
    0x0800097a   0x0800097a   0x00000002   PAD
    0x0800097c   0x0800097c   0x00000114   Code   RO         2706    i.BMI_Get_Acceleration  bmi_ekf.o
    0x08000a90   0x08000a90   0x00000014   Code   RO         1408    i.Balance_Init      balance.o
    0x08000aa4   0x08000aa4   0x00000038   Code   RO         1409    i.Balance_Init_Judge  balance.o
    0x08000adc   0x08000adc   0x00000108   Code   RO         1410    i.Balance_Status_Update  balance.o
    0x08000be4   0x08000be4   0x00000002   Code   RO          873    i.BusFault_Handler  stm32h7xx_it.o
    0x08000be6   0x08000be6   0x00000002   PAD
    0x08000be8   0x08000be8   0x00000044   Code   RO         3772    i.CAN1_Filter_Init  drv_can.o
    0x08000c2c   0x08000c2c   0x00000040   Code   RO         3415    i.CAN1_rxDataHandler  can_protocol.o
    0x08000c6c   0x08000c6c   0x00000044   Code   RO         3774    i.CAN2_Filter_Init  drv_can.o
    0x08000cb0   0x08000cb0   0x00000040   Code   RO         3416    i.CAN2_rxDataHandler  can_protocol.o
    0x08000cf0   0x08000cf0   0x00000044   Code   RO         3776    i.CAN3_Filter_Init  drv_can.o
    0x08000d34   0x08000d34   0x00000034   Code   RO         3417    i.CAN3_rxDataHandler  can_protocol.o
    0x08000d68   0x08000d68   0x0000000a   Code   RO         4248    i.CAN_01_GetMotorAngle  rm_motor.o
    0x08000d72   0x08000d72   0x0000000c   Code   RO         4249    i.CAN_23_GetMotorSpeed  rm_motor.o
    0x08000d7e   0x08000d7e   0x0000000c   Code   RO         4250    i.CAN_45_GetMotorCurrent  rm_motor.o
    0x08000d8a   0x08000d8a   0x00000004   Code   RO         4251    i.CAN_6_GetMotorTemperature  rm_motor.o
    0x08000d8e   0x08000d8e   0x00000026   Code   RO         3778    i.CAN_SendData      drv_can.o
    0x08000db4   0x08000db4   0x00000022   Code   RO         3284    i.Cap_HeartBeat     cap.o
    0x08000dd6   0x08000dd6   0x00000002   PAD
    0x08000dd8   0x08000dd8   0x00000018   Code   RO         3285    i.Cap_Init          cap.o
    0x08000df0   0x08000df0   0x000001cc   Code   RO         1489    i.Chassis_Ctrl      chassis.o
    0x08000fbc   0x08000fbc   0x00000048   Code   RO         1490    i.Chassis_Damping_Sleep  chassis.o
    0x08001004   0x08001004   0x0000016e   Code   RO         1491    i.Chassis_Data_Update  chassis.o
    0x08001172   0x08001172   0x00000002   PAD
    0x08001174   0x08001174   0x00000038   Code   RO         1492    i.Chassis_HeartBeat  chassis.o
    0x080011ac   0x080011ac   0x000001fc   Code   RO         1493    i.Chassis_Init      chassis.o
    0x080013a8   0x080013a8   0x000000bc   Code   RO         1494    i.Chassis_Leg_Fbl_Cal  chassis.o
    0x08001464   0x08001464   0x00000154   Code   RO         1495    i.Chassis_Leg_Length_Strength_Cal  chassis.o
    0x080015b8   0x080015b8   0x000000bc   Code   RO         1496    i.Chassis_Leg_Length_Target_Process  chassis.o
    0x08001674   0x08001674   0x000000a8   Code   RO         1497    i.Chassis_Leg_Sync_Cal  chassis.o
    0x0800171c   0x0800171c   0x00000140   Code   RO         1498    i.Chassis_Leg_vir_phi0_Cal  chassis.o
    0x0800185c   0x0800185c   0x000000a0   Code   RO         1499    i.Chassis_Link_Feedforward_Cal  chassis.o
    0x080018fc   0x080018fc   0x0000005a   Code   RO         1500    i.Chassis_Motor_Group_Offline_Check  chassis.o
    0x08001956   0x08001956   0x00000002   PAD
    0x08001958   0x08001958   0x00000178   Code   RO         1501    i.Chassis_Offline_Process  chassis.o
    0x08001ad0   0x08001ad0   0x000000cc   Code   RO         2331    i.Chassis_Posture_Update  chassis_posture.o
    0x08001b9c   0x08001b9c   0x00000024   Code   RO         1502    i.Chassis_Rc_Input_Update  chassis.o
    0x08001bc0   0x08001bc0   0x000000ac   Code   RO         1503    i.Chassis_Roll_Control  chassis.o
    0x08001c6c   0x08001c6c   0x00000134   Code   RO         1504    i.Chassis_S_Turn_sdl_update  chassis.o
    0x08001da0   0x08001da0   0x000000ae   Code   RO         1505    i.Chassis_Set_Torque  chassis.o
    0x08001e4e   0x08001e4e   0x00000002   PAD
    0x08001e50   0x08001e50   0x00000180   Code   RO         1506    i.Chassis_Speed_Limit  chassis.o
    0x08001fd0   0x08001fd0   0x00000268   Code   RO         1507    i.Chassis_State_Var_Update  chassis.o
    0x08002238   0x08002238   0x0000008c   Code   RO         1508    i.Chassis_Status_React  chassis.o
    0x080022c4   0x080022c4   0x00000088   Code   RO         1509    i.Chassis_Stop_Damping  chassis.o
    0x0800234c   0x0800234c   0x0000014c   Code   RO         1510    i.Chassis_Takeoff_Detect  chassis.o
    0x08002498   0x08002498   0x000000c8   Code   RO         1511    i.Chassis_Target_Update  chassis.o
    0x08002560   0x08002560   0x000001e0   Code   RO         1512    i.Chassis_Torque_Cal  chassis.o
    0x08002740   0x08002740   0x00000190   Code   RO         1513    i.Chassis_Wheel_Turn_Cal  chassis.o
    0x080028d0   0x080028d0   0x0000001a   Code   RO         1514    i.Chassis_Work      chassis.o
    0x080028ea   0x080028ea   0x00000002   PAD
    0x080028ec   0x080028ec   0x00000228   Code   RO         1515    i.Chassis_Yaw_Target_Process_All  chassis.o
    0x08002b14   0x08002b14   0x00000100   Code   RO         1516    i.Chassis_sd1_Target_Update  chassis.o
    0x08002c14   0x08002c14   0x00000028   Code   RO         1517    i.Clean_Process     chassis.o
    0x08002c3c   0x08002c3c   0x0000003c   Code   RO         1900    i.Cmd_Class_Init    command.o
    0x08002c78   0x08002c78   0x00000016   Code   RO         1901    i.Cmd_Class_Update  command.o
    0x08002c8e   0x08002c8e   0x00000010   Code   RO         1902    i.Cmd_Clean         command.o
    0x08002c9e   0x08002c9e   0x00000036   Code   RO         1903    i.Cmd_HeartBeat     command.o
    0x08002cd4   0x08002cd4   0x00000024   Code   RO         1970    i.Cmd_Heartbeat     command_instance.o
    0x08002cf8   0x08002cf8   0x00000024   Code   RO         1971    i.Cmd_Init          command_instance.o
    0x08002d1c   0x08002d1c   0x00000006   Code   RO         1904    i.Cmd_Switch_Finish  command.o
    0x08002d22   0x08002d22   0x00000006   Code   RO         1905    i.Cmd_Switch_Run    command.o
    0x08002d28   0x08002d28   0x00000050   Code   RO         1906    i.Cmd_Value_Update  command.o
    0x08002d78   0x08002d78   0x00000220   Code   RO         1972    i.Command_Update    command_instance.o
    0x08002f98   0x08002f98   0x00000070   Code   RO         3118    i.DEVICE_Init       device.o
    0x08003008   0x08003008   0x0000000c   Code   RO          874    i.DMA1_Stream0_IRQHandler  stm32h7xx_it.o
    0x08003014   0x08003014   0x0000000c   Code   RO          875    i.DMA1_Stream1_IRQHandler  stm32h7xx_it.o
    0x08003020   0x08003020   0x0000000c   Code   RO          876    i.DMA1_Stream2_IRQHandler  stm32h7xx_it.o
    0x0800302c   0x0800302c   0x0000000c   Code   RO          877    i.DMA1_Stream3_IRQHandler  stm32h7xx_it.o
    0x08003038   0x08003038   0x0000000c   Code   RO          878    i.DMA1_Stream4_IRQHandler  stm32h7xx_it.o
    0x08003044   0x08003044   0x0000000c   Code   RO          879    i.DMA1_Stream5_IRQHandler  stm32h7xx_it.o
    0x08003050   0x08003050   0x0000000c   Code   RO          880    i.DMA1_Stream6_IRQHandler  stm32h7xx_it.o
    0x0800305c   0x0800305c   0x0000000c   Code   RO          881    i.DMA1_Stream7_IRQHandler  stm32h7xx_it.o
    0x08003068   0x08003068   0x0000000c   Code   RO          882    i.DMA2_Stream0_IRQHandler  stm32h7xx_it.o
    0x08003074   0x08003074   0x0000000c   Code   RO          883    i.DMA2_Stream1_IRQHandler  stm32h7xx_it.o
    0x08003080   0x08003080   0x0000000c   Code   RO          884    i.DMA2_Stream2_IRQHandler  stm32h7xx_it.o
    0x0800308c   0x0800308c   0x0000000c   Code   RO          885    i.DMA2_Stream3_IRQHandler  stm32h7xx_it.o
    0x08003098   0x08003098   0x0000000c   Code   RO          886    i.DMA2_Stream4_IRQHandler  stm32h7xx_it.o
    0x080030a4   0x080030a4   0x000000c0   Code   RO         6444    i.DMA_CalcBaseAndBitshift  stm32h7xx_hal_dma.o
    0x08003164   0x08003164   0x000000a0   Code   RO         6445    i.DMA_CalcDMAMUXChannelBaseAndMask  stm32h7xx_hal_dma.o
    0x08003204   0x08003204   0x0000007c   Code   RO         6446    i.DMA_CalcDMAMUXRequestGenBaseAndMask  stm32h7xx_hal_dma.o
    0x08003280   0x08003280   0x00000078   Code   RO         6447    i.DMA_CheckFifoParam  stm32h7xx_hal_dma.o
    0x080032f8   0x080032f8   0x0000023c   Code   RO         6448    i.DMA_SetConfig     stm32h7xx_hal_dma.o
    0x08003534   0x08003534   0x0000002a   Code   RO         4119    i.DM_Motor_Hearbeat  dm_motor.o
    0x0800355e   0x0800355e   0x00000002   PAD
    0x08003560   0x08003560   0x00000050   Code   RO         4120    i.DM_Single_Motor_Init  dm_motor.o
    0x080035b0   0x080035b0   0x00000040   Code   RO         4121    i.DM_Single_Motor_Set_Angle  dm_motor.o
    0x080035f0   0x080035f0   0x0000002c   Code   RO         4122    i.DM_Single_Motor_Set_Speed  dm_motor.o
    0x0800361c   0x0800361c   0x0000004c   Code   RO         4123    i.DM_Single_Motor_Set_Torque  dm_motor.o
    0x08003668   0x08003668   0x00000020   Code   RO         4124    i.DM_Single_Motor_Sleep  dm_motor.o
    0x08003688   0x08003688   0x00000026   Code   RO         3721    i.DRIVER_Init       driver.o
    0x080036ae   0x080036ae   0x0000000e   Code   RO         3932    i.DRV_UART_IRQHandler  drv_uart.o
    0x080036bc   0x080036bc   0x00000014   Code   RO         3586    i.D_Board_Heart_Beat  board_protocol.o
    0x080036d0   0x080036d0   0x000000b8   Code   RO         3587    i.D_Board_Rx1       board_protocol.o
    0x08003788   0x08003788   0x00000040   Code   RO         3588    i.D_Board_Rx2       board_protocol.o
    0x080037c8   0x080037c8   0x000000d0   Code   RO         3589    i.D_Board_Rx3       board_protocol.o
    0x08003898   0x08003898   0x000000f8   Code   RO         3591    i.D_Board_Tx1       board_protocol.o
    0x08003990   0x08003990   0x000000c4   Code   RO         3592    i.D_Board_Tx2       board_protocol.o
    0x08003a54   0x08003a54   0x00000088   Code   RO         3593    i.D_Board_Tx3       board_protocol.o
    0x08003adc   0x08003adc   0x00000048   Code   RO         3594    i.D_Board_Tx4       board_protocol.o
    0x08003b24   0x08003b24   0x00000048   Code   RO         3595    i.D_Board_Tx5       board_protocol.o
    0x08003b6c   0x08003b6c   0x00000002   Code   RO          887    i.DebugMon_Handler  stm32h7xx_it.o
    0x08003b6e   0x08003b6e   0x00000002   PAD
    0x08003b70   0x08003b70   0x0000000c   Code   RO         3377    i.Dial_Motor_Init   launch_motor.o
    0x08003b7c   0x08003b7c   0x00000016   Code   RO          888    i.EXTI15_10_IRQHandler  stm32h7xx_it.o
    0x08003b92   0x08003b92   0x00000056   Code   RO         4252    i.Encoder_Sum_Cal   rm_motor.o
    0x08003be8   0x08003be8   0x0000008c   Code   RO         4253    i.Encoder_to_Motor_Angle  rm_motor.o
    0x08003c74   0x08003c74   0x00000004   Code   RO            4    i.Error_Handler     main.o
    0x08003c78   0x08003c78   0x0000001c   Code   RO        11405    i.ExitRun0Mode      system_stm32h7xx.o
    0x08003c94   0x08003c94   0x0000000c   Code   RO          889    i.FDCAN1_IT0_IRQHandler  stm32h7xx_it.o
    0x08003ca0   0x08003ca0   0x0000000c   Code   RO          890    i.FDCAN2_IT0_IRQHandler  stm32h7xx_it.o
    0x08003cac   0x08003cac   0x0000000c   Code   RO          891    i.FDCAN3_IT0_IRQHandler  stm32h7xx_it.o
    0x08003cb8   0x08003cb8   0x000001b0   Code   RO         8085    i.FDCAN_CalcultateRamBlockAddresses  stm32h7xx_hal_fdcan.o
    0x08003e68   0x08003e68   0x00000074   Code   RO         8086    i.FDCAN_CopyMessageToRAM  stm32h7xx_hal_fdcan.o
    0x08003edc   0x08003edc   0x000000dc   Code   RO         2244    i.Fbl_and_Tp_Mea_Cal  link_calc.o
    0x08003fb8   0x08003fb8   0x00000030   Code   RO         2603    i.Get_CRC16_Check_Sum  crc.o
    0x08003fe8   0x08003fe8   0x0000001c   Code   RO         2605    i.Get_CRC8_Check_Sum  crc.o
    0x08004004   0x08004004   0x00000008   Code   RO         2172    i.Get_LQR_Tp        straight_leg_calc.o
    0x0800400c   0x0800400c   0x00000008   Code   RO         2173    i.Get_LQR_Tw        straight_leg_calc.o
    0x08004014   0x08004014   0x00000114   Code   RO         1752    i.Gimbal_Board_Update  gimbal.o
    0x08004128   0x08004128   0x00000164   Code   RO         1753    i.Gimbal_Gyro_Update  gimbal.o
    0x0800428c   0x0800428c   0x000000f8   Code   RO         1754    i.Gimbal_Mec_Update  gimbal.o
    0x08004384   0x08004384   0x00000154   Code   RO         1755    i.Gimbal_Pid_Cal    gimbal.o
    0x080044d8   0x080044d8   0x0000009c   Code   RO         1756    i.Gimbal_Reset_Init  gimbal.o
    0x08004574   0x08004574   0x0000004c   Code   RO         1757    i.Gimbal_Send       gimbal.o
    0x080045c0   0x080045c0   0x0000002c   Code   RO         1758    i.Gimbal_Work       gimbal.o
    0x080045ec   0x080045ec   0x0000003c   Code   RO         4254    i.Group_Motor_Ctrl  rm_motor.o
    0x08004628   0x08004628   0x0000002e   Code   RO         4126    i.Group_Motor_Heartbeat  dm_motor.o
    0x08004656   0x08004656   0x0000001a   Code   RO         4255    i.Group_Motor_Heartbeat  rm_motor.o
    0x08004670   0x08004670   0x00000068   Code   RO         4127    i.Group_Motor_Init  dm_motor.o
    0x080046d8   0x080046d8   0x0000002c   Code   RO         4128    i.Group_Motor_Set_Torque  dm_motor.o
    0x08004704   0x08004704   0x00000044   Code   RO         4256    i.Group_Motor_Set_Torque  rm_motor.o
    0x08004748   0x08004748   0x0000002e   Code   RO         4129    i.Group_Motor_Sleep  dm_motor.o
    0x08004776   0x08004776   0x00000002   PAD
    0x08004778   0x08004778   0x00000020   Code   RO         4257    i.Group_Motor_Sleep  rm_motor.o
    0x08004798   0x08004798   0x0000037c   Code   RO         6449    i.HAL_DMA_Abort     stm32h7xx_hal_dma.o
    0x08004b14   0x08004b14   0x000002b0   Code   RO         6450    i.HAL_DMA_Abort_IT  stm32h7xx_hal_dma.o
    0x08004dc4   0x08004dc4   0x000007a8   Code   RO         6454    i.HAL_DMA_IRQHandler  stm32h7xx_hal_dma.o
    0x0800556c   0x0800556c   0x000003f0   Code   RO         6455    i.HAL_DMA_Init      stm32h7xx_hal_dma.o
    0x0800595c   0x0800595c   0x000002ec   Code   RO         6459    i.HAL_DMA_Start_IT  stm32h7xx_hal_dma.o
    0x08005c48   0x08005c48   0x00000084   Code   RO         8088    i.HAL_FDCAN_ActivateNotification  stm32h7xx_hal_fdcan.o
    0x08005ccc   0x08005ccc   0x0000006c   Code   RO         8090    i.HAL_FDCAN_AddMessageToTxFifoQ  stm32h7xx_hal_fdcan.o
    0x08005d38   0x08005d38   0x00000002   Code   RO         8091    i.HAL_FDCAN_ClockCalibrationCallback  stm32h7xx_hal_fdcan.o
    0x08005d3a   0x08005d3a   0x00000088   Code   RO         8095    i.HAL_FDCAN_ConfigFilter  stm32h7xx_hal_fdcan.o
    0x08005dc2   0x08005dc2   0x00000030   Code   RO         8096    i.HAL_FDCAN_ConfigGlobalFilter  stm32h7xx_hal_fdcan.o
    0x08005df2   0x08005df2   0x00000002   Code   RO         8117    i.HAL_FDCAN_ErrorCallback  stm32h7xx_hal_fdcan.o
    0x08005df4   0x08005df4   0x00000002   Code   RO         8118    i.HAL_FDCAN_ErrorStatusCallback  stm32h7xx_hal_fdcan.o
    0x08005df6   0x08005df6   0x00000002   PAD
    0x08005df8   0x08005df8   0x000001a8   Code   RO         8129    i.HAL_FDCAN_GetRxMessage  stm32h7xx_hal_fdcan.o
    0x08005fa0   0x08005fa0   0x00000002   Code   RO         8135    i.HAL_FDCAN_HighPriorityMessageCallback  stm32h7xx_hal_fdcan.o
    0x08005fa2   0x08005fa2   0x00000002   PAD
    0x08005fa4   0x08005fa4   0x000002ec   Code   RO         8136    i.HAL_FDCAN_IRQHandler  stm32h7xx_hal_fdcan.o
    0x08006290   0x08006290   0x00000268   Code   RO         8137    i.HAL_FDCAN_Init    stm32h7xx_hal_fdcan.o
    0x080064f8   0x080064f8   0x00000148   Code   RO          609    i.HAL_FDCAN_MspInit  fdcan.o
    0x08006640   0x08006640   0x00000002   Code   RO         8146    i.HAL_FDCAN_RxBufferNewMessageCallback  stm32h7xx_hal_fdcan.o
    0x08006642   0x08006642   0x00000002   PAD
    0x08006644   0x08006644   0x00000054   Code   RO         3781    i.HAL_FDCAN_RxFifo0Callback  drv_can.o
    0x08006698   0x08006698   0x00000034   Code   RO         3782    i.HAL_FDCAN_RxFifo1Callback  drv_can.o
    0x080066cc   0x080066cc   0x00000030   Code   RO         8149    i.HAL_FDCAN_Start   stm32h7xx_hal_fdcan.o
    0x080066fc   0x080066fc   0x00000002   Code   RO         8171    i.HAL_FDCAN_TT_GlobalTimeCallback  stm32h7xx_hal_fdcan.o
    0x080066fe   0x080066fe   0x00000002   Code   RO         8172    i.HAL_FDCAN_TT_ScheduleSyncCallback  stm32h7xx_hal_fdcan.o
    0x08006700   0x08006700   0x00000002   Code   RO         8177    i.HAL_FDCAN_TT_StopWatchCallback  stm32h7xx_hal_fdcan.o
    0x08006702   0x08006702   0x00000002   Code   RO         8178    i.HAL_FDCAN_TT_TimeMarkCallback  stm32h7xx_hal_fdcan.o
    0x08006704   0x08006704   0x00000002   Code   RO         8179    i.HAL_FDCAN_TimeoutOccurredCallback  stm32h7xx_hal_fdcan.o
    0x08006706   0x08006706   0x00000002   Code   RO         8180    i.HAL_FDCAN_TimestampWraparoundCallback  stm32h7xx_hal_fdcan.o
    0x08006708   0x08006708   0x00000002   Code   RO         8181    i.HAL_FDCAN_TxBufferAbortCallback  stm32h7xx_hal_fdcan.o
    0x0800670a   0x0800670a   0x00000002   Code   RO         8182    i.HAL_FDCAN_TxBufferCompleteCallback  stm32h7xx_hal_fdcan.o
    0x0800670c   0x0800670c   0x00000002   Code   RO         8183    i.HAL_FDCAN_TxEventFifoCallback  stm32h7xx_hal_fdcan.o
    0x0800670e   0x0800670e   0x00000002   Code   RO         8184    i.HAL_FDCAN_TxFifoEmptyCallback  stm32h7xx_hal_fdcan.o
    0x08006710   0x08006710   0x00000002   Code   RO         6295    i.HAL_GPIO_EXTI_Callback  stm32h7xx_hal_gpio.o
    0x08006712   0x08006712   0x00000018   Code   RO         6296    i.HAL_GPIO_EXTI_IRQHandler  stm32h7xx_hal_gpio.o
    0x0800672a   0x0800672a   0x00000002   PAD
    0x0800672c   0x0800672c   0x00000214   Code   RO         6297    i.HAL_GPIO_Init     stm32h7xx_hal_gpio.o
    0x08006940   0x08006940   0x0000000e   Code   RO         6301    i.HAL_GPIO_WritePin  stm32h7xx_hal_gpio.o
    0x0800694e   0x0800694e   0x00000002   PAD
    0x08006950   0x08006950   0x0000000c   Code   RO         7162    i.HAL_GetTick       stm32h7xx_hal.o
    0x0800695c   0x0800695c   0x0000006a   Code   RO         8703    i.HAL_IWDG_Init     stm32h7xx_hal_iwdg.o
    0x080069c6   0x080069c6   0x0000000c   Code   RO         8704    i.HAL_IWDG_Refresh  stm32h7xx_hal_iwdg.o
    0x080069d2   0x080069d2   0x00000002   PAD
    0x080069d4   0x080069d4   0x00000010   Code   RO         7168    i.HAL_IncTick       stm32h7xx_hal.o
    0x080069e4   0x080069e4   0x0000005c   Code   RO         7169    i.HAL_Init          stm32h7xx_hal.o
    0x08006a40   0x08006a40   0x00000090   Code   RO         1109    i.HAL_InitTick      stm32h7xx_hal_timebase_tim.o
    0x08006ad0   0x08006ad0   0x00000024   Code   RO         1085    i.HAL_MspInit       stm32h7xx_hal_msp.o
    0x08006af4   0x08006af4   0x0000001a   Code   RO         5579    i.HAL_NVIC_EnableIRQ  stm32h7xx_hal_cortex.o
    0x08006b0e   0x08006b0e   0x00000002   PAD
    0x08006b10   0x08006b10   0x00000040   Code   RO         5585    i.HAL_NVIC_SetPriority  stm32h7xx_hal_cortex.o
    0x08006b50   0x08006b50   0x00000024   Code   RO         5586    i.HAL_NVIC_SetPriorityGrouping  stm32h7xx_hal_cortex.o
    0x08006b74   0x08006b74   0x00000058   Code   RO         6898    i.HAL_PWREx_ConfigSupply  stm32h7xx_hal_pwr_ex.o
    0x08006bcc   0x08006bcc   0x00000024   Code   RO         5840    i.HAL_RCCEx_GetD3PCLK1Freq  stm32h7xx_hal_rcc_ex.o
    0x08006bf0   0x08006bf0   0x000001c0   Code   RO         5842    i.HAL_RCCEx_GetPLL2ClockFreq  stm32h7xx_hal_rcc_ex.o
    0x08006db0   0x08006db0   0x000001c0   Code   RO         5843    i.HAL_RCCEx_GetPLL3ClockFreq  stm32h7xx_hal_rcc_ex.o
    0x08006f70   0x08006f70   0x00000990   Code   RO         5849    i.HAL_RCCEx_PeriphCLKConfig  stm32h7xx_hal_rcc_ex.o
    0x08007900   0x08007900   0x0000027c   Code   RO         5725    i.HAL_RCC_ClockConfig  stm32h7xx_hal_rcc.o
    0x08007b7c   0x08007b7c   0x00000060   Code   RO         5729    i.HAL_RCC_GetClockConfig  stm32h7xx_hal_rcc.o
    0x08007bdc   0x08007bdc   0x00000044   Code   RO         5730    i.HAL_RCC_GetHCLKFreq  stm32h7xx_hal_rcc.o
    0x08007c20   0x08007c20   0x00000024   Code   RO         5732    i.HAL_RCC_GetPCLK1Freq  stm32h7xx_hal_rcc.o
    0x08007c44   0x08007c44   0x00000024   Code   RO         5733    i.HAL_RCC_GetPCLK2Freq  stm32h7xx_hal_rcc.o
    0x08007c68   0x08007c68   0x000001b4   Code   RO         5734    i.HAL_RCC_GetSysClockFreq  stm32h7xx_hal_rcc.o
    0x08007e1c   0x08007e1c   0x000005d8   Code   RO         5737    i.HAL_RCC_OscConfig  stm32h7xx_hal_rcc.o
    0x080083f4   0x080083f4   0x00000094   Code   RO         9491    i.HAL_RS485Ex_Init  stm32h7xx_hal_uart_ex.o
    0x08008488   0x08008488   0x00000002   Code   RO         8740    i.HAL_SPI_ErrorCallback  stm32h7xx_hal_spi.o
    0x0800848a   0x0800848a   0x00000002   PAD
    0x0800848c   0x0800848c   0x00000230   Code   RO         8743    i.HAL_SPI_IRQHandler  stm32h7xx_hal_spi.o
    0x080086bc   0x080086bc   0x00000174   Code   RO         8744    i.HAL_SPI_Init      stm32h7xx_hal_spi.o
    0x08008830   0x08008830   0x000001a0   Code   RO          694    i.HAL_SPI_MspInit   spi.o
    0x080089d0   0x080089d0   0x00000002   Code   RO         8750    i.HAL_SPI_RxCpltCallback  stm32h7xx_hal_spi.o
    0x080089d2   0x080089d2   0x00000002   Code   RO         8752    i.HAL_SPI_SuspendCallback  stm32h7xx_hal_spi.o
    0x080089d4   0x080089d4   0x000003b8   Code   RO         8754    i.HAL_SPI_TransmitReceive  stm32h7xx_hal_spi.o
    0x08008d8c   0x08008d8c   0x00000002   Code   RO         8759    i.HAL_SPI_TxCpltCallback  stm32h7xx_hal_spi.o
    0x08008d8e   0x08008d8e   0x00000002   Code   RO         8761    i.HAL_SPI_TxRxCpltCallback  stm32h7xx_hal_spi.o
    0x08008d90   0x08008d90   0x00000010   Code   RO         7176    i.HAL_SYSCFG_AnalogSwitchConfig  stm32h7xx_hal.o
    0x08008da0   0x08008da0   0x00000002   Code   RO         5268    i.HAL_TIMEx_Break2Callback  stm32h7xx_hal_tim_ex.o
    0x08008da2   0x08008da2   0x00000002   Code   RO         5269    i.HAL_TIMEx_BreakCallback  stm32h7xx_hal_tim_ex.o
    0x08008da4   0x08008da4   0x00000002   Code   RO         5270    i.HAL_TIMEx_CommutCallback  stm32h7xx_hal_tim_ex.o
    0x08008da6   0x08008da6   0x00000002   PAD
    0x08008da8   0x08008da8   0x000000b4   Code   RO         5291    i.HAL_TIMEx_MasterConfigSynchronization  stm32h7xx_hal_tim_ex.o
    0x08008e5c   0x08008e5c   0x0000004e   Code   RO         4543    i.HAL_TIM_Base_Init  stm32h7xx_hal_tim.o
    0x08008eaa   0x08008eaa   0x00000002   Code   RO         4545    i.HAL_TIM_Base_MspInit  stm32h7xx_hal_tim.o
    0x08008eac   0x08008eac   0x000000a8   Code   RO         4548    i.HAL_TIM_Base_Start_IT  stm32h7xx_hal_tim.o
    0x08008f54   0x08008f54   0x00000002   Code   RO         4577    i.HAL_TIM_IC_CaptureCallback  stm32h7xx_hal_tim.o
    0x08008f56   0x08008f56   0x00000152   Code   RO         4591    i.HAL_TIM_IRQHandler  stm32h7xx_hal_tim.o
    0x080090a8   0x080090a8   0x00000054   Code   RO          741    i.HAL_TIM_MspPostInit  tim.o
    0x080090fc   0x080090fc   0x00000002   Code   RO         4594    i.HAL_TIM_OC_DelayElapsedCallback  stm32h7xx_hal_tim.o
    0x080090fe   0x080090fe   0x00000136   Code   RO         4615    i.HAL_TIM_PWM_ConfigChannel  stm32h7xx_hal_tim.o
    0x08009234   0x08009234   0x0000004e   Code   RO         4618    i.HAL_TIM_PWM_Init  stm32h7xx_hal_tim.o
    0x08009282   0x08009282   0x00000002   PAD
    0x08009284   0x08009284   0x00000028   Code   RO          743    i.HAL_TIM_PWM_MspInit  tim.o
    0x080092ac   0x080092ac   0x00000002   Code   RO         4621    i.HAL_TIM_PWM_PulseFinishedCallback  stm32h7xx_hal_tim.o
    0x080092ae   0x080092ae   0x0000000e   Code   RO            5    i.HAL_TIM_PeriodElapsedCallback  main.o
    0x080092bc   0x080092bc   0x00000002   Code   RO         4634    i.HAL_TIM_TriggerCallback  stm32h7xx_hal_tim.o
    0x080092be   0x080092be   0x0000003e   Code   RO         9492    i.HAL_UARTEx_DisableFifoMode  stm32h7xx_hal_uart_ex.o
    0x080092fc   0x080092fc   0x00000338   Code   RO         3933    i.HAL_UARTEx_RxEventCallback  drv_uart.o
    0x08009634   0x08009634   0x00000002   Code   RO         9500    i.HAL_UARTEx_RxFifoFullCallback  stm32h7xx_hal_uart_ex.o
    0x08009636   0x08009636   0x0000004c   Code   RO         9501    i.HAL_UARTEx_SetRxFifoThreshold  stm32h7xx_hal_uart_ex.o
    0x08009682   0x08009682   0x0000004c   Code   RO         9502    i.HAL_UARTEx_SetTxFifoThreshold  stm32h7xx_hal_uart_ex.o
    0x080096ce   0x080096ce   0x00000002   Code   RO         9504    i.HAL_UARTEx_TxFifoEmptyCallback  stm32h7xx_hal_uart_ex.o
    0x080096d0   0x080096d0   0x00000002   Code   RO         9505    i.HAL_UARTEx_WakeupCallback  stm32h7xx_hal_uart_ex.o
    0x080096d2   0x080096d2   0x00000002   Code   RO         9092    i.HAL_UART_ErrorCallback  stm32h7xx_hal_uart.o
    0x080096d4   0x080096d4   0x000003ac   Code   RO         9095    i.HAL_UART_IRQHandler  stm32h7xx_hal_uart.o
    0x08009a80   0x08009a80   0x00000070   Code   RO         9096    i.HAL_UART_Init     stm32h7xx_hal_uart.o
    0x08009af0   0x08009af0   0x000006d0   Code   RO          790    i.HAL_UART_MspInit  usart.o
    0x0800a1c0   0x0800a1c0   0x00000048   Code   RO         9100    i.HAL_UART_Receive_DMA  stm32h7xx_hal_uart.o
    0x0800a208   0x0800a208   0x00000002   Code   RO         9103    i.HAL_UART_RxCpltCallback  stm32h7xx_hal_uart.o
    0x0800a20a   0x0800a20a   0x00000002   Code   RO         9104    i.HAL_UART_RxHalfCpltCallback  stm32h7xx_hal_uart.o
    0x0800a20c   0x0800a20c   0x00000002   Code   RO         9108    i.HAL_UART_TxCpltCallback  stm32h7xx_hal_uart.o
    0x0800a20e   0x0800a20e   0x00000002   Code   RO          892    i.HardFault_Handler  stm32h7xx_it.o
    0x0800a210   0x0800a210   0x00000130   Code   RO         2707    i.IMU_QuaternionEKF_F_Linearization_P_Fading  bmi_ekf.o
    0x0800a340   0x0800a340   0x000000d0   Code   RO         2708    i.IMU_QuaternionEKF_Init  bmi_ekf.o
    0x0800a410   0x0800a410   0x00000034   Code   RO         2709    i.IMU_QuaternionEKF_Observe  bmi_ekf.o
    0x0800a444   0x0800a444   0x000000bc   Code   RO         2710    i.IMU_QuaternionEKF_SetH  bmi_ekf.o
    0x0800a500   0x0800a500   0x000003b8   Code   RO         2711    i.IMU_QuaternionEKF_Update  bmi_ekf.o
    0x0800a8b8   0x0800a8b8   0x00000398   Code   RO         2712    i.IMU_QuaternionEKF_xhatUpdate  bmi_ekf.o
    0x0800ac50   0x0800ac50   0x00000168   Code   RO         3168    i.InitQuaternion    imu_sensor.o
    0x0800adb8   0x0800adb8   0x00000108   Code   RO         2245    i.Joint_Torque_Cal  link_calc.o
    0x0800aec0   0x0800aec0   0x00000018   Code   RO         3320    i.Judge_Heart_Beat  judge.o
    0x0800aed8   0x0800aed8   0x0000000e   Code   RO         3321    i.Judge_Init        judge.o
    0x0800aee6   0x0800aee6   0x00000002   PAD
    0x0800aee8   0x0800aee8   0x000002c4   Code   RO         3322    i.Judge_Update      judge.o
    0x0800b1ac   0x0800b1ac   0x000003dc   Code   RO         1518    i.Jump_Target_Process  chassis.o
    0x0800b588   0x0800b588   0x00000094   Code   RO         2174    i.K_Matrix_Fitting_Update  straight_leg_calc.o
    0x0800b61c   0x0800b61c   0x0000032e   Code   RO         2401    i.Kalman_Filter_Init  kalman_filter.o
    0x0800b94a   0x0800b94a   0x0000002e   Code   RO         2402    i.Kalman_Filter_Measure  kalman_filter.o
    0x0800b978   0x0800b978   0x00000062   Code   RO         2403    i.Kalman_Filter_P_Update  kalman_filter.o
    0x0800b9da   0x0800b9da   0x0000006c   Code   RO         2404    i.Kalman_Filter_PminusUpdate  kalman_filter.o
    0x0800ba46   0x0800ba46   0x000000be   Code   RO         2405    i.Kalman_Filter_SetK  kalman_filter.o
    0x0800bb04   0x0800bb04   0x000000dc   Code   RO         2406    i.Kalman_Filter_Update  kalman_filter.o
    0x0800bbe0   0x0800bbe0   0x00000074   Code   RO         2407    i.Kalman_Filter_xhatMinusUpdate  kalman_filter.o
    0x0800bc54   0x0800bc54   0x00000080   Code   RO         2408    i.Kalman_Filter_xhatUpdate  kalman_filter.o
    0x0800bcd4   0x0800bcd4   0x00000224   Code   RO         1411    i.Key_Move_Mode_Update  balance.o
    0x0800bef8   0x0800bef8   0x000001d4   Code   RO         1520    i.Knee_Strike_Target_Process  chassis.o
    0x0800c0cc   0x0800c0cc   0x0000011c   Code   RO         1839    i.Launch_Pid_Cal    launch.o
    0x0800c1e8   0x0800c1e8   0x00000038   Code   RO         1840    i.Launch_Rx_Meg_Update  launch.o
    0x0800c220   0x0800c220   0x00000068   Code   RO         1842    i.Launch_Tx_Meg_Update  launch.o
    0x0800c288   0x0800c288   0x0000001a   Code   RO         1843    i.Launch_Work       launch.o
    0x0800c2a2   0x0800c2a2   0x00000002   PAD
    0x0800c2a4   0x0800c2a4   0x000000c0   Code   RO         2246    i.Link_C_Cal        link_calc.o
    0x0800c364   0x0800c364   0x000001dc   Code   RO         2247    i.Link_Centroid_Coordinate_Cal  link_calc.o
    0x0800c540   0x0800c540   0x000000dc   Code   RO         2248    i.Link_Coordinate_Cal  link_calc.o
    0x0800c61c   0x0800c61c   0x00000060   Code   RO         2249    i.Link_Debug        link_calc.o
    0x0800c67c   0x0800c67c   0x0000002c   Code   RO         2250    i.Link_Init         link_calc.o
    0x0800c6a8   0x0800c6a8   0x000000ec   Code   RO         2251    i.Link_Leg_Length_Cal  link_calc.o
    0x0800c794   0x0800c794   0x00000070   Code   RO         2252    i.Link_Measure_data_update  link_calc.o
    0x0800c804   0x0800c804   0x000001b4   Code   RO         2253    i.Link_Phi2_3_Cal   link_calc.o
    0x0800c9b8   0x0800c9b8   0x00000010   Code   RO         2254    i.Link_Target_data_update  link_calc.o
    0x0800c9c8   0x0800c9c8   0x00000032   Code   RO         2255    i.Link_Update       link_calc.o
    0x0800c9fa   0x0800c9fa   0x00000002   PAD
    0x0800c9fc   0x0800c9fc   0x000000c0   Code   RO         2256    i.Link_phi0_Cal     link_calc.o
    0x0800cabc   0x0800cabc   0x0000000a   Code   RO         2519    i.Lowpass           rp_math.o
    0x0800cac6   0x0800cac6   0x00000002   PAD
    0x0800cac8   0x0800cac8   0x000000fc   Code   RO          584    i.MX_DMA_Init       dma.o
    0x0800cbc4   0x0800cbc4   0x00000068   Code   RO          610    i.MX_FDCAN1_Init    fdcan.o
    0x0800cc2c   0x0800cc2c   0x00000068   Code   RO          611    i.MX_FDCAN2_Init    fdcan.o
    0x0800cc94   0x0800cc94   0x0000006c   Code   RO          612    i.MX_FDCAN3_Init    fdcan.o
    0x0800cd00   0x0800cd00   0x00000078   Code   RO          509    i.MX_FREERTOS_Init  freertos.o
    0x0800cd78   0x0800cd78   0x000001a8   Code   RO          481    i.MX_GPIO_Init      gpio.o
    0x0800cf20   0x0800cf20   0x00000030   Code   RO          663    i.MX_IWDG1_Init     iwdg.o
    0x0800cf50   0x0800cf50   0x00000060   Code   RO          695    i.MX_SPI2_Init      spi.o
    0x0800cfb0   0x0800cfb0   0x00000060   Code   RO          696    i.MX_SPI6_Init      spi.o
    0x0800d010   0x0800d010   0x00000078   Code   RO          744    i.MX_TIM12_Init     tim.o
    0x0800d088   0x0800d088   0x00000070   Code   RO          791    i.MX_UART5_Init     usart.o
    0x0800d0f8   0x0800d0f8   0x00000068   Code   RO          792    i.MX_UART7_Init     usart.o
    0x0800d160   0x0800d160   0x00000068   Code   RO          793    i.MX_UART8_Init     usart.o
    0x0800d1c8   0x0800d1c8   0x00000068   Code   RO          794    i.MX_UART9_Init     usart.o
    0x0800d230   0x0800d230   0x00000068   Code   RO          795    i.MX_USART10_UART_Init  usart.o
    0x0800d298   0x0800d298   0x00000068   Code   RO          796    i.MX_USART1_UART_Init  usart.o
    0x0800d300   0x0800d300   0x00000078   Code   RO          797    i.MX_USART2_UART_Init  usart.o
    0x0800d378   0x0800d378   0x00000068   Code   RO          798    i.MX_USART6_UART_Init  usart.o
    0x0800d3e0   0x0800d3e0   0x00000002   Code   RO          893    i.MemManage_Handler  stm32h7xx_it.o
    0x0800d3e2   0x0800d3e2   0x0000002e   Code   RO         4258    i.Motor_Ctrl        rm_motor.o
    0x0800d410   0x0800d410   0x0000005a   Code   RO         4130    i.Motor_ERR_Check   dm_motor.o
    0x0800d46a   0x0800d46a   0x00000002   PAD
    0x0800d46c   0x0800d46c   0x0000015c   Code   RO         4131    i.Motor_ReceiveData  dm_motor.o
    0x0800d5c8   0x0800d5c8   0x00000034   Code   RO         4132    i.Motor_Send_Command  dm_motor.o
    0x0800d5fc   0x0800d5fc   0x0000000c   Code   RO         4133    i.Motor_Send_Data   dm_motor.o
    0x0800d608   0x0800d608   0x000002f4   Code   RO         4134    i.Motor_SetControlPara  dm_motor.o
    0x0800d8fc   0x0800d8fc   0x000000e4   Code   RO         4259    i.Motor_Set_Angle   rm_motor.o
    0x0800d9e0   0x0800d9e0   0x00000032   Code   RO         4260    i.Motor_Set_Speed   rm_motor.o
    0x0800da12   0x0800da12   0x00000038   Code   RO         4261    i.Motor_Set_Torque  rm_motor.o
    0x0800da4a   0x0800da4a   0x00000002   PAD
    0x0800da4c   0x0800da4c   0x00000234   Code   RO         1521    i.My_Chassis_KEY_Input  chassis.o
    0x0800dc80   0x0800dc80   0x0000008c   Code   RO         1522    i.My_Chassis_Power_Limit  chassis.o
    0x0800dd0c   0x0800dd0c   0x000000b0   Code   RO         1523    i.My_Phi1_Transform  chassis.o
    0x0800ddbc   0x0800ddbc   0x00000084   Code   RO         1524    i.My_Phi4_Transform  chassis.o
    0x0800de40   0x0800de40   0x00000164   Code   RO         1525    i.My_Spring_Former_Input_Cal  chassis.o
    0x0800dfa4   0x0800dfa4   0x00000002   Code   RO          894    i.NMI_Handler       stm32h7xx_it.o
    0x0800dfa6   0x0800dfa6   0x00000048   Code   RO            6    i.PeriphCommonClock_Config  main.o
    0x0800dfee   0x0800dfee   0x00000002   PAD
    0x0800dff0   0x0800dff0   0x00000124   Code   RO         5852    i.RCCEx_PLL2_Config  stm32h7xx_hal_rcc_ex.o
    0x0800e114   0x0800e114   0x00000124   Code   RO         5853    i.RCCEx_PLL3_Config  stm32h7xx_hal_rcc_ex.o
    0x0800e238   0x0800e238   0x000002e0   Code   RO         1412    i.RC_Move_Mode_Update  balance.o
    0x0800e518   0x0800e518   0x000000d0   Code   RO         3237    i.RC_ResetData      rc_sensor.o
    0x0800e5e8   0x0800e5e8   0x00000048   Code   RO         4262    i.RM_Group_Motor_Init  rm_motor.o
    0x0800e630   0x0800e630   0x00000050   Code   RO         4263    i.RM_Motor_Init     rm_motor.o
    0x0800e680   0x0800e680   0x000000a8   Code   RO         4264    i.RPM_to_Rads       rm_motor.o
    0x0800e728   0x0800e728   0x0000003c   Code   RO         4265    i.Raw_Current_to_Torque  rm_motor.o
    0x0800e764   0x0800e764   0x00000bc4   Code   RO         1526    i.Rescue_Target_Process  chassis.o
    0x0800f328   0x0800f328   0x0000000c   Code   RO          895    i.SPI2_IRQHandler   stm32h7xx_it.o
    0x0800f334   0x0800f334   0x0000000c   Code   RO          896    i.SPI6_IRQHandler   stm32h7xx_it.o
    0x0800f340   0x0800f340   0x000000ba   Code   RO         8764    i.SPI_CloseTransfer  stm32h7xx_hal_spi.o
    0x0800f3fa   0x0800f3fa   0x00000018   Code   RO         8765    i.SPI_DMAAbortOnError  stm32h7xx_hal_spi.o
    0x0800f412   0x0800f412   0x00000014   Code   RO         8775    i.SPI_GetPacketSize  stm32h7xx_hal_spi.o
    0x0800f426   0x0800f426   0x00000042   Code   RO         8782    i.SPI_WaitOnFlagUntilTimeout  stm32h7xx_hal_spi.o
    0x0800f468   0x0800f468   0x00000124   Code   RO         3323    i.Shooting_Cmd_Excute_Tick_Calculating  judge.o
    0x0800f58c   0x0800f58c   0x00000014   Code   RO         4266    i.Single_Motor_Sleep  rm_motor.o
    0x0800f5a0   0x0800f5a0   0x000003b8   Code   RO         3324    i.Speed_Statistic   judge.o
    0x0800f958   0x0800f958   0x00000028   Code   RO         1222    i.StartCommandTask  command_task.o
    0x0800f980   0x0800f980   0x0000001c   Code   RO         1377    i.StartConnectTask  connect_task.o
    0x0800f99c   0x0800f99c   0x0000006c   Code   RO         1148    i.StartCtrlTask     control_task.o
    0x0800fa08   0x0800fa08   0x00000078   Code   RO         1265    i.StartMonitorTask  monitor_task.o
    0x0800fa80   0x0800fa80   0x0000003c   Code   RO         1346    i.StartUITask       ui_task.o
    0x0800fabc   0x0800fabc   0x00000048   Code   RO         1292    i.StartUpdataTask   observe_task.o
    0x0800fb04   0x0800fb04   0x0000004a   Code   RO         2175    i.Straight_Leg_Err_State_update  straight_leg_calc.o
    0x0800fb4e   0x0800fb4e   0x00000008   Code   RO         2176    i.Straight_Leg_External_data_update  straight_leg_calc.o
    0x0800fb56   0x0800fb56   0x00000002   PAD
    0x0800fb58   0x0800fb58   0x0000003c   Code   RO         2177    i.Straight_Leg_Init  straight_leg_calc.o
    0x0800fb94   0x0800fb94   0x00000098   Code   RO         2178    i.Straight_Leg_Mat_Init  straight_leg_calc.o
    0x0800fc2c   0x0800fc2c   0x00000026   Code   RO         2179    i.Straight_Leg_Target_State_update  straight_leg_calc.o
    0x0800fc52   0x0800fc52   0x00000002   PAD
    0x0800fc54   0x0800fc54   0x00000058   Code   RO         2180    i.Straight_Leg_Torque_Cal  straight_leg_calc.o
    0x0800fcac   0x0800fcac   0x00000092   Code   RO         2181    i.Straight_Leg_Xmat_update  straight_leg_calc.o
    0x0800fd3e   0x0800fd3e   0x0000001a   Code   RO        10748    i.SysTick_Handler   cmsis_os2.o
    0x0800fd58   0x0800fd58   0x0000009c   Code   RO            7    i.SystemClock_Config  main.o
    0x0800fdf4   0x0800fdf4   0x000000d8   Code   RO        11407    i.SystemInit        system_stm32h7xx.o
    0x0800fecc   0x0800fecc   0x0000000c   Code   RO          897    i.TIM2_IRQHandler   stm32h7xx_it.o
    0x0800fed8   0x0800fed8   0x000000dc   Code   RO         4636    i.TIM_Base_SetConfig  stm32h7xx_hal_tim.o
    0x0800ffb4   0x0800ffb4   0x000000a0   Code   RO         4649    i.TIM_OC1_SetConfig  stm32h7xx_hal_tim.o
    0x08010054   0x08010054   0x00000094   Code   RO         4650    i.TIM_OC2_SetConfig  stm32h7xx_hal_tim.o
    0x080100e8   0x080100e8   0x00000094   Code   RO         4651    i.TIM_OC3_SetConfig  stm32h7xx_hal_tim.o
    0x0801017c   0x0801017c   0x00000074   Code   RO         4652    i.TIM_OC4_SetConfig  stm32h7xx_hal_tim.o
    0x080101f0   0x080101f0   0x00000070   Code   RO         4653    i.TIM_OC5_SetConfig  stm32h7xx_hal_tim.o
    0x08010260   0x08010260   0x00000070   Code   RO         4654    i.TIM_OC6_SetConfig  stm32h7xx_hal_tim.o
    0x080102d0   0x080102d0   0x00000150   Code   RO         4267    i.Torque_to_Raw_Current  rm_motor.o
    0x08010420   0x08010420   0x0000000c   Code   RO          898    i.UART5_IRQHandler  stm32h7xx_it.o
    0x0801042c   0x0801042c   0x00000018   Code   RO          899    i.UART8_IRQHandler  stm32h7xx_it.o
    0x08010444   0x08010444   0x00000018   Code   RO          900    i.UART9_IRQHandler  stm32h7xx_it.o
    0x0801045c   0x0801045c   0x00000048   Code   RO         9506    i.UARTEx_SetNbDataToProcess  stm32h7xx_hal_uart_ex.o
    0x080104a4   0x080104a4   0x000000c8   Code   RO         9110    i.UART_AdvFeatureConfig  stm32h7xx_hal_uart.o
    0x0801056c   0x0801056c   0x000000aa   Code   RO         9111    i.UART_CheckIdleState  stm32h7xx_hal_uart.o
    0x08010616   0x08010616   0x00000010   Code   RO         9112    i.UART_DMAAbortOnError  stm32h7xx_hal_uart.o
    0x08010626   0x08010626   0x00000050   Code   RO         9113    i.UART_DMAError     stm32h7xx_hal_uart.o
    0x08010676   0x08010676   0x00000084   Code   RO         9114    i.UART_DMAReceiveCplt  stm32h7xx_hal_uart.o
    0x080106fa   0x080106fa   0x00000020   Code   RO         9116    i.UART_DMARxHalfCplt  stm32h7xx_hal_uart.o
    0x0801071a   0x0801071a   0x00000002   PAD
    0x0801071c   0x0801071c   0x00000054   Code   RO         9122    i.UART_EndRxTransfer  stm32h7xx_hal_uart.o
    0x08010770   0x08010770   0x00000024   Code   RO         9123    i.UART_EndTransmit_IT  stm32h7xx_hal_uart.o
    0x08010794   0x08010794   0x0000002e   Code   RO         9124    i.UART_EndTxTransfer  stm32h7xx_hal_uart.o
    0x080107c2   0x080107c2   0x00000002   PAD
    0x080107c4   0x080107c4   0x0000052e   Code   RO         9129    i.UART_SetConfig    stm32h7xx_hal_uart.o
    0x08010cf2   0x08010cf2   0x00000002   PAD
    0x08010cf4   0x08010cf4   0x000000a4   Code   RO         9130    i.UART_Start_Receive_DMA  stm32h7xx_hal_uart.o
    0x08010d98   0x08010d98   0x00000098   Code   RO         9136    i.UART_WaitOnFlagUntilTimeout  stm32h7xx_hal_uart.o
    0x08010e30   0x08010e30   0x00000018   Code   RO          901    i.USART10_IRQHandler  stm32h7xx_it.o
    0x08010e48   0x08010e48   0x00000020   Code   RO         3934    i.USART10_Init      drv_uart.o
    0x08010e68   0x08010e68   0x00000002   Code   RO         3935    i.USART10_rxDataHandler  drv_uart.o
    0x08010e6a   0x08010e6a   0x00000002   PAD
    0x08010e6c   0x08010e6c   0x00000018   Code   RO          902    i.USART1_IRQHandler  stm32h7xx_it.o
    0x08010e84   0x08010e84   0x00000020   Code   RO         3936    i.USART1_Init       drv_uart.o
    0x08010ea4   0x08010ea4   0x00000004   Code   RO         3684    i.USART1_rxDataHandler  judge_protocol.o
    0x08010ea8   0x08010ea8   0x00000018   Code   RO         3939    i.USART5_Init       drv_uart.o
    0x08010ec0   0x08010ec0   0x00000034   Code   RO         3462    i.USART5_rxDataHandler  rc_protocol.o
    0x08010ef4   0x08010ef4   0x00000020   Code   RO         3942    i.USART8_Init       drv_uart.o
    0x08010f14   0x08010f14   0x00000002   Code   RO         3943    i.USART8_rxDataHandler  drv_uart.o
    0x08010f16   0x08010f16   0x00000002   PAD
    0x08010f18   0x08010f18   0x00000020   Code   RO         3944    i.USART9_Init       drv_uart.o
    0x08010f38   0x08010f38   0x00000002   Code   RO         3945    i.USART9_rxDataHandler  drv_uart.o
    0x08010f3a   0x08010f3a   0x00000002   PAD
    0x08010f3c   0x08010f3c   0x000001bc   Code   RO         3946    i.USART_DMAEx_MultiBuffer_Init  drv_uart.o
    0x080110f8   0x080110f8   0x00000002   Code   RO          903    i.UsageFault_Handler  stm32h7xx_it.o
    0x080110fa   0x080110fa   0x00000002   PAD
    0x080110fc   0x080110fc   0x00000054   Code   RO         1907    i.User_Status_Update  command.o
    0x08011150   0x08011150   0x000000b4   Code   RO         2713    i.Vector_Transform  bmi_ekf.o
    0x08011204   0x08011204   0x00000040   Code   RO         2606    i.Verify_CRC16_Check_Sum  crc.o
    0x08011244   0x08011244   0x00000038   Code   RO         2607    i.Verify_CRC8_Check_Sum  crc.o
    0x0801127c   0x0801127c   0x00000050   Code   RO         1759    i.Vision_Self_Aim_Update  gimbal.o
    0x080112cc   0x080112cc   0x00000064   Code   RO         2092    i.XEstimateKF_Clear  filter.o
    0x08011330   0x08011330   0x00000060   Code   RO         2093    i.XEstimateKF_Init  filter.o
    0x08011390   0x08011390   0x00000010   Code   RO         2094    i.XEstimateKF_Update  filter.o
    0x080113a0   0x080113a0   0x00000048   Code   RO         3080    i.Yaw_Motor_Init    gimbal_motor.o
    0x080113e8   0x080113e8   0x00000030   Code   RO        18339    i.__ARM_fpclassify  m_wv.l(fpclassify.o)
    0x08011418   0x08011418   0x00000026   Code   RO        18341    i.__ARM_fpclassifyf  m_wv.l(fpclassifyf.o)
    0x0801143e   0x0801143e   0x00000020   Code   RO         5592    i.__NVIC_SetPriority  stm32h7xx_hal_cortex.o
    0x0801145e   0x0801145e   0x00000002   PAD
    0x08011460   0x08011460   0x00000124   Code   RO        18095    i.__hardfp_acosf    m_wv.l(acosf.o)
    0x08011584   0x08011584   0x00000004   PAD
    0x08011588   0x08011588   0x000000b0   Code   RO        18107    i.__hardfp_cos      m_wv.l(cos.o)
    0x08011638   0x08011638   0x000008f8   Code   RO        18187    i.__hardfp_pow      m_wv.l(pow.o)
    0x08011f30   0x08011f30   0x00000658   Code   RO        18201    i.__hardfp_powf     m_wv.l(powf.o)
    0x08012588   0x08012588   0x000000b0   Code   RO        18215    i.__hardfp_sin      m_wv.l(sin.o)
    0x08012638   0x08012638   0x00000066   Code   RO        18227    i.__hardfp_sqrt     m_wv.l(sqrt.o)
    0x0801269e   0x0801269e   0x0000003a   Code   RO        18239    i.__hardfp_sqrtf    m_wv.l(sqrtf.o)
    0x080126d8   0x080126d8   0x00000310   Code   RO        18360    i.__ieee754_rem_pio2  m_wv.l(rred.o)
    0x080129e8   0x080129e8   0x000000e0   Code   RO        18316    i.__kernel_cos      m_wv.l(cos_i.o)
    0x08012ac8   0x08012ac8   0x00000070   Code   RO        18357    i.__kernel_poly     m_wv.l(poly.o)
    0x08012b38   0x08012b38   0x000000a8   Code   RO        18368    i.__kernel_sin      m_wv.l(sin_i.o)
    0x08012be0   0x08012be0   0x00000020   Code   RO        18319    i.__mathlib_dbl_divzero  m_wv.l(dunder.o)
    0x08012c00   0x08012c00   0x00000006   Code   RO        18321    i.__mathlib_dbl_infnan2  m_wv.l(dunder.o)
    0x08012c06   0x08012c06   0x00000002   PAD
    0x08012c08   0x08012c08   0x00000018   Code   RO        18322    i.__mathlib_dbl_invalid  m_wv.l(dunder.o)
    0x08012c20   0x08012c20   0x00000018   Code   RO        18323    i.__mathlib_dbl_overflow  m_wv.l(dunder.o)
    0x08012c38   0x08012c38   0x00000018   Code   RO        18325    i.__mathlib_dbl_underflow  m_wv.l(dunder.o)
    0x08012c50   0x08012c50   0x00000018   Code   RO        18343    i.__mathlib_flt_divzero  m_wv.l(funder.o)
    0x08012c68   0x08012c68   0x00000006   Code   RO        18344    i.__mathlib_flt_infnan  m_wv.l(funder.o)
    0x08012c6e   0x08012c6e   0x00000006   Code   RO        18345    i.__mathlib_flt_infnan2  m_wv.l(funder.o)
    0x08012c74   0x08012c74   0x00000010   Code   RO        18346    i.__mathlib_flt_invalid  m_wv.l(funder.o)
    0x08012c84   0x08012c84   0x00000010   Code   RO        18347    i.__mathlib_flt_overflow  m_wv.l(funder.o)
    0x08012c94   0x08012c94   0x00000010   Code   RO        18349    i.__mathlib_flt_underflow  m_wv.l(funder.o)
    0x08012ca4   0x08012ca4   0x0000000e   Code   RO        18425    i.__scatterload_copy  mc_w.l(handlers.o)
    0x08012cb2   0x08012cb2   0x00000002   Code   RO        18426    i.__scatterload_null  mc_w.l(handlers.o)
    0x08012cb4   0x08012cb4   0x0000000e   Code   RO        18427    i.__scatterload_zeroinit  mc_w.l(handlers.o)
    0x08012cc2   0x08012cc2   0x00000002   PAD
    0x08012cc4   0x08012cc4   0x0000000c   Code   RO        18397    i.__set_errno       mc_w.l(errno.o)
    0x08012cd0   0x08012cd0   0x00000228   Code   RO        13043    i.arm_atan2_f32     fastmathfunctions.o
    0x08012ef8   0x08012ef8   0x00000088   Code   RO        13046    i.arm_cos_f32       fastmathfunctions.o
    0x08012f80   0x08012f80   0x0000002a   Code   RO        14453    i.arm_mat_add_f32   matrixfunctions.o
    0x08012faa   0x08012faa   0x00000008   Code   RO        14464    i.arm_mat_init_f32  matrixfunctions.o
    0x08012fb2   0x08012fb2   0x00000002   PAD
    0x08012fb4   0x08012fb4   0x000002a8   Code   RO        14468    i.arm_mat_inverse_f32  matrixfunctions.o
    0x0801325c   0x0801325c   0x00000074   Code   RO        14472    i.arm_mat_mult_f32  matrixfunctions.o
    0x080132d0   0x080132d0   0x0000002a   Code   RO        14489    i.arm_mat_sub_f32   matrixfunctions.o
    0x080132fa   0x080132fa   0x00000032   Code   RO        14493    i.arm_mat_trans_f32  matrixfunctions.o
    0x0801332c   0x0801332c   0x000000aa   Code   RO        15001    i.arm_quaternion_normalize_f32  quaternionmathfunctions.o
    0x080133d6   0x080133d6   0x00000002   PAD
    0x080133d8   0x080133d8   0x00000084   Code   RO        13053    i.arm_sin_f32       fastmathfunctions.o
    0x0801345c   0x0801345c   0x00000024   Code   RO         2368    i.ave_fil_init      ave_filter.o
    0x08013480   0x08013480   0x00000092   Code   RO         2369    i.ave_fil_update    ave_filter.o
    0x08013512   0x08013512   0x0000003a   Code   RO         1527    i.binarySearchClosestLess  chassis.o
    0x0801354c   0x0801354c   0x0000010c   Code   RO         2789    i.bmi088_accel_init  bmi088driver.o
    0x08013658   0x08013658   0x000000dc   Code   RO         2790    i.bmi088_gyro_init  bmi088driver.o
    0x08013734   0x08013734   0x00000024   Code   RO         2951    i.bmi2_micros       bmi088middleware.o
    0x08013758   0x08013758   0x00000068   Code   RO         3529    i.cap_send_2E       cap_protocol.o
    0x080137c0   0x080137c0   0x00000078   Code   RO         3530    i.cap_update        cap_protocol.o
    0x08013838   0x08013838   0x00000018   Code   RO         3862    i.delay_ms          drv_tick.o
    0x08013850   0x08013850   0x00000016   Code   RO         3863    i.delay_us          drv_tick.o
    0x08013866   0x08013866   0x00000018   Code   RO        18335    i.fabs              m_wv.l(fabs.o)
    0x0801387e   0x0801387e   0x0000002a   Code   RO         4135    i.float_to_uint     dm_motor.o
    0x080138a8   0x080138a8   0x0000002a   Code   RO         2522    i.float_to_uint16   rp_math.o
    0x080138d2   0x080138d2   0x00000034   Code   RO         2525    i.half_cycle        rp_math.o
    0x08013906   0x08013906   0x00000022   Code   RO         3169    i.imu_heart_beat    imu_sensor.o
    0x08013928   0x08013928   0x000000d4   Code   RO         3170    i.imu_init          imu_sensor.o
    0x080139fc   0x080139fc   0x00000002   Code   RO         3171    i.imu_set_temperature  imu_sensor.o
    0x080139fe   0x080139fe   0x00000002   PAD
    0x08013a00   0x08013a00   0x00000394   Code   RO         3172    i.imu_update        imu_sensor.o
    0x08013d94   0x08013d94   0x00000038   Code   RO         3532    i.int16_to_float    cap_protocol.o
    0x08013dcc   0x08013dcc   0x00000068   Code   RO         3685    i.judge_recive      judge_protocol.o
    0x08013e34   0x08013e34   0x0000004a   Code   RO         3463    i.keyboard_cnt_max_set  rc_protocol.o
    0x08013e7e   0x08013e7e   0x00000048   Code   RO         3464    i.keyboard_status_update  rc_protocol.o
    0x08013ec6   0x08013ec6   0x00000098   Code   RO         3465    i.keyboard_update   rc_protocol.o
    0x08013f5e   0x08013f5e   0x00000002   PAD
    0x08013f60   0x08013f60   0x0000009c   Code   RO            8    i.main              main.o
    0x08013ffc   0x08013ffc   0x00000024   Code   RO         3864    i.micros            drv_tick.o
    0x08014020   0x08014020   0x00000016   Code   RO         4508    i.motor_pid_init    motor_def.o
    0x08014036   0x08014036   0x0000001c   Code   RO        10750    i.osDelay           cmsis_os2.o
    0x08014052   0x08014052   0x00000002   PAD
    0x08014054   0x08014054   0x00000028   Code   RO        10764    i.osKernelInitialize  cmsis_os2.o
    0x0801407c   0x0801407c   0x00000038   Code   RO        10767    i.osKernelStart     cmsis_os2.o
    0x080140b4   0x080140b4   0x00000064   Code   RO        10792    i.osSemaphoreAcquire  cmsis_os2.o
    0x08014118   0x08014118   0x00000058   Code   RO        10796    i.osSemaphoreRelease  cmsis_os2.o
    0x08014170   0x08014170   0x000000ba   Code   RO        10809    i.osThreadNew       cmsis_os2.o
    0x0801422a   0x0801422a   0x00000002   PAD
    0x0801422c   0x0801422c   0x00000010   Code   RO         2471    i.pid_clear         pid.o
    0x0801423c   0x0801423c   0x00000012   Code   RO         2472    i.pid_err_cal       pid.o
    0x0801424e   0x0801424e   0x00000002   PAD
    0x08014250   0x08014250   0x00000060   Code   RO        10185    i.prvAddCurrentTaskToDelayedList  tasks.o
    0x080142b0   0x080142b0   0x00000088   Code   RO        10186    i.prvAddNewTaskToReadyList  tasks.o
    0x08014338   0x08014338   0x00000058   Code   RO        10561    i.prvCheckForValidListAndQueue  timers.o
    0x08014390   0x08014390   0x0000003c   Code   RO        10187    i.prvCheckTasksWaitingTermination  tasks.o
    0x080143cc   0x080143cc   0x00000028   Code   RO         9784    i.prvCopyDataFromQueue  queue.o
    0x080143f4   0x080143f4   0x0000006e   Code   RO         9785    i.prvCopyDataToQueue  queue.o
    0x08014462   0x08014462   0x00000040   Code   RO        10188    i.prvDeleteTCB      tasks.o
    0x080144a2   0x080144a2   0x00000014   Code   RO         9786    i.prvGetDisinheritPriorityAfterTimeout  queue.o
    0x080144b6   0x080144b6   0x00000002   PAD
    0x080144b8   0x080144b8   0x00000024   Code   RO        10562    i.prvGetNextExpireTime  timers.o
    0x080144dc   0x080144dc   0x0000004c   Code   RO        11270    i.prvHeapInit       heap_4.o
    0x08014528   0x08014528   0x00000028   Code   RO        10189    i.prvIdleTask       tasks.o
    0x08014550   0x08014550   0x00000022   Code   RO         9788    i.prvInitialiseNewQueue  queue.o
    0x08014572   0x08014572   0x000000a8   Code   RO        10190    i.prvInitialiseNewTask  tasks.o
    0x0801461a   0x0801461a   0x00000002   PAD
    0x0801461c   0x0801461c   0x00000058   Code   RO        10191    i.prvInitialiseTaskLists  tasks.o
    0x08014674   0x08014674   0x00000054   Code   RO        11271    i.prvInsertBlockIntoFreeList  heap_4.o
    0x080146c8   0x080146c8   0x00000040   Code   RO        10564    i.prvInsertTimerInActiveList  timers.o
    0x08014708   0x08014708   0x0000001a   Code   RO         9789    i.prvIsQueueEmpty   queue.o
    0x08014722   0x08014722   0x0000001e   Code   RO         9790    i.prvIsQueueFull    queue.o
    0x08014740   0x08014740   0x00000068   Code   RO        10565    i.prvProcessExpiredTimer  timers.o
    0x080147a8   0x080147a8   0x000000fc   Code   RO        10566    i.prvProcessReceivedCommands  timers.o
    0x080148a4   0x080148a4   0x0000006c   Code   RO        10567    i.prvProcessTimerOrBlockTask  timers.o
    0x08014910   0x08014910   0x00000024   Code   RO        10193    i.prvResetNextTaskUnblockTime  tasks.o
    0x08014934   0x08014934   0x0000002c   Code   RO        10568    i.prvSampleTimeNow  timers.o
    0x08014960   0x08014960   0x00000070   Code   RO        10569    i.prvSwitchTimerLists  timers.o
    0x080149d0   0x080149d0   0x0000002c   Code   RO        11326    i.prvTaskExitError  port.o
    0x080149fc   0x080149fc   0x00000014   Code   RO        10570    i.prvTimerTask      timers.o
    0x08014a10   0x08014a10   0x0000006a   Code   RO         9791    i.prvUnlockQueue    queue.o
    0x08014a7a   0x08014a7a   0x00000002   PAD
    0x08014a7c   0x08014a7c   0x000000dc   Code   RO        11272    i.pvPortMalloc      heap_4.o
    0x08014b58   0x08014b58   0x00000018   Code   RO        10196    i.pvTaskIncrementMutexHeldCount  tasks.o
    0x08014b70   0x08014b70   0x00000024   Code   RO        11327    i.pxPortInitialiseStack  port.o
    0x08014b94   0x08014b94   0x000000b0   Code   RO         3466    i.rc_interrupt_update  rc_protocol.o
    0x08014c44   0x08014c44   0x00000110   Code   RO         3238    i.rc_sensor_check   rc_sensor.o
    0x08014d54   0x08014d54   0x0000002c   Code   RO         3239    i.rc_sensor_heart_beat  rc_sensor.o
    0x08014d80   0x08014d80   0x0000002e   Code   RO         3467    i.rc_sensor_init    rc_protocol.o
    0x08014dae   0x08014dae   0x00000002   PAD
    0x08014db0   0x08014db0   0x0000016c   Code   RO         3468    i.rc_sensor_update  rc_protocol.o
    0x08014f1c   0x08014f1c   0x00000022   Code   RO         4268    i.rm_motor_heart_beat  rm_motor.o
    0x08014f3e   0x08014f3e   0x0000004e   Code   RO         4269    i.rm_motor_update   rm_motor.o
    0x08014f8c   0x08014f8c   0x000000c2   Code   RO         2473    i.single_pid_ctrl   pid.o
    0x0801504e   0x0801504e   0x0000006a   Code   RO        18229    i.sqrt              m_wv.l(sqrt.o)
    0x080150b8   0x080150b8   0x0000003e   Code   RO        18241    i.sqrtf             m_wv.l(sqrtf.o)
    0x080150f6   0x080150f6   0x00000002   PAD
    0x080150f8   0x080150f8   0x000001e0   Code   RO         2714    i.transform_init    bmi_ekf.o
    0x080152d8   0x080152d8   0x000004d4   Code   RO         3948    i.uart_rx_idle_callback  drv_uart.o
    0x080157ac   0x080157ac   0x00000028   Code   RO         2527    i.uint16_to_float   rp_math.o
    0x080157d4   0x080157d4   0x00000028   Code   RO         4136    i.uint_to_float     dm_motor.o
    0x080157fc   0x080157fc   0x00000026   Code   RO         9744    i.uxListRemove      list.o
    0x08015822   0x08015822   0x00000002   PAD
    0x08015824   0x08015824   0x00000014   Code   RO        10821    i.vApplicationGetIdleTaskMemory  cmsis_os2.o
    0x08015838   0x08015838   0x00000018   Code   RO        10822    i.vApplicationGetTimerTaskMemory  cmsis_os2.o
    0x08015850   0x08015850   0x00000016   Code   RO         9745    i.vListInitialise   list.o
    0x08015866   0x08015866   0x00000006   Code   RO         9746    i.vListInitialiseItem  list.o
    0x0801586c   0x0801586c   0x00000030   Code   RO         9747    i.vListInsert       list.o
    0x0801589c   0x0801589c   0x00000018   Code   RO         9748    i.vListInsertEnd    list.o
    0x080158b4   0x080158b4   0x00000040   Code   RO        11329    i.vPortEnterCritical  port.o
    0x080158f4   0x080158f4   0x0000002c   Code   RO        11330    i.vPortExitCritical  port.o
    0x08015920   0x08015920   0x00000064   Code   RO        11273    i.vPortFree         heap_4.o
    0x08015984   0x08015984   0x00000024   Code   RO        11331    i.vPortSetupTimerInterrupt  port.o
    0x080159a8   0x080159a8   0x00000054   Code   RO        11332    i.vPortValidateInterruptPriority  port.o
    0x080159fc   0x080159fc   0x00000024   Code   RO         9797    i.vQueueAddToRegistry  queue.o
    0x08015a20   0x08015a20   0x00000046   Code   RO         9801    i.vQueueWaitForMessageRestricted  queue.o
    0x08015a66   0x08015a66   0x00000002   PAD
    0x08015a68   0x08015a68   0x00000050   Code   RO        10206    i.vTaskDelay        tasks.o
    0x08015ab8   0x08015ab8   0x00000010   Code   RO        10211    i.vTaskInternalSetTimeOutState  tasks.o
    0x08015ac8   0x08015ac8   0x0000000c   Code   RO        10212    i.vTaskMissedYield  tasks.o
    0x08015ad4   0x08015ad4   0x00000034   Code   RO        10214    i.vTaskPlaceOnEventList  tasks.o
    0x08015b08   0x08015b08   0x0000003c   Code   RO        10215    i.vTaskPlaceOnEventListRestricted  tasks.o
    0x08015b44   0x08015b44   0x00000094   Code   RO        10217    i.vTaskPriorityDisinheritAfterTimeout  tasks.o
    0x08015bd8   0x08015bd8   0x00000090   Code   RO        10223    i.vTaskStartScheduler  tasks.o
    0x08015c68   0x08015c68   0x00000010   Code   RO        10225    i.vTaskSuspendAll   tasks.o
    0x08015c78   0x08015c78   0x00000068   Code   RO        10226    i.vTaskSwitchContext  tasks.o
    0x08015ce0   0x08015ce0   0x000000f4   Code   RO        11333    i.xPortStartScheduler  port.o
    0x08015dd4   0x08015dd4   0x0000002c   Code   RO        11334    i.xPortSysTickHandler  port.o
    0x08015e00   0x08015e00   0x0000006c   Code   RO         9807    i.xQueueGenericCreateStatic  queue.o
    0x08015e6c   0x08015e6c   0x0000008c   Code   RO         9808    i.xQueueGenericReset  queue.o
    0x08015ef8   0x08015ef8   0x00000164   Code   RO         9809    i.xQueueGenericSend  queue.o
    0x0801605c   0x0801605c   0x000000c0   Code   RO         9810    i.xQueueGenericSendFromISR  queue.o
    0x0801611c   0x0801611c   0x0000009e   Code   RO         9813    i.xQueueGiveFromISR  queue.o
    0x080161ba   0x080161ba   0x00000002   PAD
    0x080161bc   0x080161bc   0x0000013c   Code   RO         9819    i.xQueueReceive     queue.o
    0x080162f8   0x080162f8   0x0000009c   Code   RO         9820    i.xQueueReceiveFromISR  queue.o
    0x08016394   0x08016394   0x0000017c   Code   RO         9821    i.xQueueSemaphoreTake  queue.o
    0x08016510   0x08016510   0x0000007c   Code   RO        10228    i.xTaskCheckForTimeOut  tasks.o
    0x0801658c   0x0801658c   0x00000064   Code   RO        10229    i.xTaskCreate       tasks.o
    0x080165f0   0x080165f0   0x0000005c   Code   RO        10230    i.xTaskCreateStatic  tasks.o
    0x0801664c   0x0801664c   0x0000001c   Code   RO        10234    i.xTaskGetSchedulerState  tasks.o
    0x08016668   0x08016668   0x0000000c   Code   RO        10235    i.xTaskGetTickCount  tasks.o
    0x08016674   0x08016674   0x000000cc   Code   RO        10237    i.xTaskIncrementTick  tasks.o
    0x08016740   0x08016740   0x0000007c   Code   RO        10240    i.xTaskPriorityDisinherit  tasks.o
    0x080167bc   0x080167bc   0x0000007c   Code   RO        10241    i.xTaskPriorityInherit  tasks.o
    0x08016838   0x08016838   0x00000078   Code   RO        10242    i.xTaskRemoveFromEventList  tasks.o
    0x080168b0   0x080168b0   0x000000c8   Code   RO        10243    i.xTaskResumeAll    tasks.o
    0x08016978   0x08016978   0x00000068   Code   RO        10579    i.xTimerCreateTimerTask  timers.o
    0x080169e0   0x080169e0   0x0000006c   Code   RO        10580    i.xTimerGenericCommand  timers.o
    0x08016a4c   0x08016a4c   0x00000064   Code   RO         2095    i.xvEstimateKF_Init  filter.o
    0x08016ab0   0x08016ab0   0x00000010   Code   RO         2096    i.xvEstimateKF_Update  filter.o
    0x08016ac0   0x08016ac0   0x000000d8   Data   RO          516    .constdata          freertos.o
    0x08016b98   0x08016b98   0x00000020   Data   RO         2101    .constdata          filter.o
    0x08016bb8   0x08016bb8   0x00000300   Data   RO         2609    .constdata          crc.o
    0x08016eb8   0x08016eb8   0x00000090   Data   RO         2716    .constdata          bmi_ekf.o
    0x08016f48   0x08016f48   0x00000008   Data   RO         6461    .constdata          stm32h7xx_hal_dma.o
    0x08016f50   0x08016f50   0x0000005c   Data   RO         8185    .constdata          stm32h7xx_hal_fdcan.o
    0x08016fac   0x08016fac   0x00000018   Data   RO         9137    .constdata          stm32h7xx_hal_uart.o
    0x08016fc4   0x08016fc4   0x00000010   Data   RO         9508    .constdata          stm32h7xx_hal_uart_ex.o
    0x08016fd4   0x08016fd4   0x00000010   Data   RO        11408    .constdata          system_stm32h7xx.o
    0x08016fe4   0x08016fe4   0x00000804   Data   RO        12220    .constdata          commontables.o
    0x080177e8   0x080177e8   0x00000070   Data   RO        13064    .constdata          fastmathfunctions.o
    0x08017858   0x08017858   0x00000088   Data   RO        18190    .constdata          m_wv.l(pow.o)
    0x080178e0   0x080178e0   0x00000140   Data   RO        18204    .constdata          m_wv.l(powf.o)
    0x08017a20   0x08017a20   0x00000030   Data   RO        18317    .constdata          m_wv.l(cos_i.o)
    0x08017a50   0x08017a50   0x00000008   Data   RO        18359    .constdata          m_wv.l(qnan.o)
    0x08017a58   0x08017a58   0x000000c8   Data   RO        18362    .constdata          m_wv.l(rred.o)
    0x08017b20   0x08017b20   0x00000028   Data   RO        18369    .constdata          m_wv.l(sin_i.o)
    0x08017b48   0x08017b48   0x00000044   Data   RO          517    .conststring        freertos.o
    0x08017b8c   0x08017b8c   0x00000040   Data   RO        18423    Region$$Table       anon$$obj.o


    Execution Region RW_IRAM1 (Exec base: 0x20000000, Load base: 0x08017bcc, Size: 0x0000561c, Max: 0x00020000, ABSOLUTE, COMPRESSED[0x000003bc])

    Exec Addr    Load Addr    Size         Type   Attr      Idx    E Section Name        Object

    0x20000000   COMPRESSED   0x00000004   Data   RW          518    .data               freertos.o
    0x20000004   COMPRESSED   0x00000004   Data   RW          614    .data               fdcan.o
    0x20000008   COMPRESSED   0x00000008   Data   RW         1348    .data               ui_task.o
    0x20000010   COMPRESSED   0x00000020   Data   RW         1414    .data               balance.o
    0x20000030   COMPRESSED   0x0000000c   Data   RW         1416    .data               balance.o
    0x2000003c   COMPRESSED   0x00000024   Data   RW         1844    .data               launch.o
    0x20000060   COMPRESSED   0x00000004   Data   RW         1908    .data               command.o
    0x20000064   COMPRESSED   0x0000016c   Data   RW         1973    .data               command_instance.o
    0x200001d0   COMPRESSED   0x00000210   Data   RW         2019    .data               straight_instance.o
    0x200003e0   COMPRESSED   0x00000060   Data   RW         2020    .data               straight_instance.o
    0x20000440   COMPRESSED   0x00000048   Data   RW         2058    .data               link_instance.o
    0x20000488   COMPRESSED   0x00000080   Data   RW         2102    .data               filter.o
    0x20000508   COMPRESSED   0x000000c0   Data   RW         2149    .data               pid_instance.o
    0x200005c8   COMPRESSED   0x000000c0   Data   RW         2151    .data               pid_instance.o
    0x20000688   COMPRESSED   0x000000c0   Data   RW         2153    .data               pid_instance.o
    0x20000748   COMPRESSED   0x000000c0   Data   RW         2155    .data               pid_instance.o
    0x20000808   COMPRESSED   0x00000008   Data   RW         2333    .data               chassis_posture.o
    0x20000810   COMPRESSED   0x00000004   Data   RW         2610    .data               crc.o
    0x20000814   COMPRESSED   0x00000030   Data   RW         2717    .data               bmi_ekf.o
    0x20000844   COMPRESSED   0x00000010   Data   RW         3042    .data               chassis_motor.o
    0x20000854   COMPRESSED   0x00000034   Data   RW         3043    .data               chassis_motor.o
    0x20000888   COMPRESSED   0x00000034   Data   RW         3046    .data               chassis_motor.o
    0x200008bc   COMPRESSED   0x00000010   Data   RW         3047    .data               chassis_motor.o
    0x200008cc   COMPRESSED   0x00000034   Data   RW         3050    .data               chassis_motor.o
    0x20000900   COMPRESSED   0x00000010   Data   RW         3051    .data               chassis_motor.o
    0x20000910   COMPRESSED   0x00000034   Data   RW         3054    .data               chassis_motor.o
    0x20000944   COMPRESSED   0x00000010   Data   RW         3085    .data               gimbal_motor.o
    0x20000954   COMPRESSED   0x00000004   Data   RW         3119    .data               device.o
    0x20000958   COMPRESSED   0x0000001c   Data   RW         3242    .data               rc_sensor.o
    0x20000974   COMPRESSED   0x00000018   Data   RW         3286    .data               cap.o
    0x2000098c   COMPRESSED   0x00000006   Data   RW         3327    .data               judge.o
    0x20000992   COMPRESSED   0x00000002   PAD
    0x20000994   COMPRESSED   0x00000014   Data   RW         3328    .data               judge.o
    0x200009a8   COMPRESSED   0x00000060   Data   RW         3382    .data               launch_motor.o
    0x20000a08   COMPRESSED   0x00000060   Data   RW         3384    .data               launch_motor.o
    0x20000a68   COMPRESSED   0x00000014   Data   RW         3385    .data               launch_motor.o
    0x20000a7c   COMPRESSED   0x00000010   Data   RW         3470    .data               rc_protocol.o
    0x20000a8c   COMPRESSED   0x00000004   Data   RW        10824    .data               cmsis_os2.o
    0x20000a90   COMPRESSED   0x0000000c   Data   RW        11335    .data               port.o
    0x20000a9c   COMPRESSED   0x00000008   Data   RW        11409    .data               system_stm32h7xx.o
    0x20000aa4        -       0x000001e0   Zero   RW          613    .bss                fdcan.o
    0x20000c84        -       0x00000010   Zero   RW          664    .bss                iwdg.o
    0x20000c94        -       0x0000004c   Zero   RW          745    .bss                tim.o
    0x20000ce0        -       0x000000f4   Zero   RW         1529    .bss                chassis.o
    0x20000dd4        -       0x000000c0   Zero   RW         2016    .bss                straight_instance.o
    0x20000e94        -       0x000000d8   Zero   RW         2017    .bss                straight_instance.o
    0x20000f6c        -       0x00000038   Zero   RW         2018    .bss                straight_instance.o
    0x20000fa4        -       0x00000020   Zero   RW         2051    .bss                link_instance.o
    0x20000fc4        -       0x00000090   Zero   RW         2052    .bss                link_instance.o
    0x20001054        -       0x000000a8   Zero   RW         2053    .bss                link_instance.o
    0x200010fc        -       0x00000048   Zero   RW         2055    .bss                link_instance.o
    0x20001144        -       0x00000030   Zero   RW         2057    .bss                link_instance.o
    0x20001174        -       0x00000134   Zero   RW         2099    .bss                filter.o
    0x200012a8        -       0x00000270   Zero   RW         2715    .bss                bmi_ekf.o
    0x20001518        -       0x00000014   Zero   RW         3024    .bss                chassis_motor.o
    0x2000152c        -       0x0000002c   Zero   RW         3026    .bss                chassis_motor.o
    0x20001558        -       0x0000000c   Zero   RW         3028    .bss                chassis_motor.o
    0x20001564        -       0x0000001c   Zero   RW         3030    .bss                chassis_motor.o
    0x20001580        -       0x0000001c   Zero   RW         3033    .bss                chassis_motor.o
    0x2000159c        -       0x0000000c   Zero   RW         3035    .bss                chassis_motor.o
    0x200015a8        -       0x0000001c   Zero   RW         3036    .bss                chassis_motor.o
    0x200015c4        -       0x0000001c   Zero   RW         3039    .bss                chassis_motor.o
    0x200015e0        -       0x0000000c   Zero   RW         3041    .bss                chassis_motor.o
    0x200015ec        -       0x0000001c   Zero   RW         3081    .bss                gimbal_motor.o
    0x20001608        -       0x00000060   Zero   RW         3173    .bss                imu_sensor.o
    0x20001668        -       0x000001a4   Zero   RW         3175    .bss                imu_sensor.o
    0x2000180c        -       0x0000000c   Zero   RW         3379    .bss                launch_motor.o
    0x20001818        -       0x0000002c   Zero   RW         3380    .bss                launch_motor.o
    0x20001844        -       0x0000007f   Zero   RW         3597    .bss                board_protocol.o
    0x200018c3   COMPRESSED   0x00000001   PAD
    0x200018c4        -       0x00000040   Zero   RW         9823    .bss                queue.o
    0x20001904        -       0x00000118   Zero   RW        10587    .bss                timers.o
    0x20001a1c        -       0x00003c00   Zero   RW        11278    .bss                heap_4.o


    Execution Region RW_IRAM2 (Exec base: 0x24000000, Load base: 0x08017f88, Size: 0x00005628, Max: 0x00020000, ABSOLUTE, COMPRESSED[0x000002a0])

    Exec Addr    Load Addr    Size         Type   Attr      Idx    E Section Name        Object

    0x24000000   COMPRESSED   0x00000664   Data   RW         3949    .AXI_SRAM           drv_uart.o
    0x24000664   COMPRESSED   0x00000004   Data   RW          519    .data               freertos.o
    0x24000668   COMPRESSED   0x00000018   Data   RW          520    .data               freertos.o
    0x24000680   COMPRESSED   0x00000020   Data   RW         1415    .data               balance.o
    0x240006a0   COMPRESSED   0x00000004   Data   RW         1417    .data               balance.o
    0x240006a4   COMPRESSED   0x0000012c   Data   RW         1530    .data               chassis.o
    0x240007d0   COMPRESSED   0x0000005c   Data   RW         1760    .data               gimbal.o
    0x2400082c   COMPRESSED   0x00000008   Data   RW         2021    .data               straight_instance.o
    0x24000834   COMPRESSED   0x00000038   Data   RW         2059    .data               link_instance.o
    0x2400086c   COMPRESSED   0x000000c0   Data   RW         2148    .data               pid_instance.o
    0x2400092c   COMPRESSED   0x000000c0   Data   RW         2150    .data               pid_instance.o
    0x240009ec   COMPRESSED   0x000000c0   Data   RW         2152    .data               pid_instance.o
    0x24000aac   COMPRESSED   0x000000c0   Data   RW         2154    .data               pid_instance.o
    0x24000b6c   COMPRESSED   0x000000c0   Data   RW         2156    .data               pid_instance.o
    0x24000c2c   COMPRESSED   0x00000048   Data   RW         2157    .data               pid_instance.o
    0x24000c74   COMPRESSED   0x00000004   Data   RW         2335    .data               chassis_posture.o
    0x24000c78   COMPRESSED   0x000000e8   Data   RW         2718    .data               bmi_ekf.o
    0x24000d60   COMPRESSED   0x0000002c   Data   RW         2791    .data               bmi088driver.o
    0x24000d8c   COMPRESSED   0x00000004   Data   RW         2952    .data               bmi088middleware.o
    0x24000d90   COMPRESSED   0x00000010   Data   RW         3044    .data               chassis_motor.o
    0x24000da0   COMPRESSED   0x00000034   Data   RW         3045    .data               chassis_motor.o
    0x24000dd4   COMPRESSED   0x00000034   Data   RW         3048    .data               chassis_motor.o
    0x24000e08   COMPRESSED   0x00000010   Data   RW         3049    .data               chassis_motor.o
    0x24000e18   COMPRESSED   0x00000034   Data   RW         3052    .data               chassis_motor.o
    0x24000e4c   COMPRESSED   0x00000010   Data   RW         3053    .data               chassis_motor.o
    0x24000e5c   COMPRESSED   0x00000024   Data   RW         3055    .data               chassis_motor.o
    0x24000e80   COMPRESSED   0x000001b4   Data   RW         3086    .data               gimbal_motor.o
    0x24001034   COMPRESSED   0x00000060   Data   RW         3176    .data               imu_sensor.o
    0x24001094   COMPRESSED   0x00000080   Data   RW         3177    .data               imu_sensor.o
    0x24001114   COMPRESSED   0x000000cc   Data   RW         3241    .data               rc_sensor.o
    0x240011e0   COMPRESSED   0x00000006   Data   RW         3287    .data               cap.o
    0x240011e6   COMPRESSED   0x00000002   PAD
    0x240011e8   COMPRESSED   0x00000010   Data   RW         3381    .data               launch_motor.o
    0x240011f8   COMPRESSED   0x00000060   Data   RW         3383    .data               launch_motor.o
    0x24001258   COMPRESSED   0x00000034   Data   RW         3386    .data               launch_motor.o
    0x2400128c   COMPRESSED   0x00000017   Data   RW         3534    .data               cap_protocol.o
    0x240012a3   COMPRESSED   0x00000001   PAD
    0x240012a4   COMPRESSED   0x00000072   Data   RW         3598    .data               board_protocol.o
    0x24001316   COMPRESSED   0x00000002   PAD
    0x24001318   COMPRESSED   0x00000008   Data   RW         3686    .data               judge_protocol.o
    0x24001320   COMPRESSED   0x00000006   Data   RW         3687    .data               judge_protocol.o
    0x24001326   COMPRESSED   0x00000002   PAD
    0x24001328   COMPRESSED   0x00000004   Data   RW         3865    .data               drv_tick.o
    0x2400132c   COMPRESSED   0x00000009   Data   RW         4137    .data               dm_motor.o
    0x24001335   COMPRESSED   0x00000003   PAD
    0x24001338   COMPRESSED   0x0000000c   Data   RW         7193    .data               stm32h7xx_hal.o
    0x24001344   COMPRESSED   0x0000003c   Data   RW        10246    .data               tasks.o
    0x24001380   COMPRESSED   0x00000014   Data   RW        10588    .data               timers.o
    0x24001394   COMPRESSED   0x00000020   Data   RW        11279    .data               heap_4.o
    0x240013b4   COMPRESSED   0x00000004   Data   RW        18398    .data               mc_w.l(errno.o)
    0x240013b8        -       0x00000200   Zero   RW          697    .bss                spi.o
    0x240015b8        -       0x000009c8   Zero   RW          799    .bss                usart.o
    0x24001f80        -       0x0000004c   Zero   RW         1112    .bss                stm32h7xx_hal_timebase_tim.o
    0x24001fcc        -       0x00000090   Zero   RW         1528    .bss                chassis.o
    0x2400205c        -       0x00000060   Zero   RW         2054    .bss                link_instance.o
    0x240020bc        -       0x00000048   Zero   RW         2056    .bss                link_instance.o
    0x24002104        -       0x00000134   Zero   RW         2097    .bss                filter.o
    0x24002238        -       0x00000010   Zero   RW         2100    .bss                filter.o
    0x24002248        -       0x00000030   Zero   RW         2332    .bss                chassis_posture.o
    0x24002278        -       0x0000000c   Zero   RW         3025    .bss                chassis_motor.o
    0x24002284        -       0x00000014   Zero   RW         3027    .bss                chassis_motor.o
    0x24002298        -       0x0000002c   Zero   RW         3029    .bss                chassis_motor.o
    0x240022c4        -       0x0000001c   Zero   RW         3031    .bss                chassis_motor.o
    0x240022e0        -       0x0000000c   Zero   RW         3032    .bss                chassis_motor.o
    0x240022ec        -       0x0000001c   Zero   RW         3034    .bss                chassis_motor.o
    0x24002308        -       0x0000001c   Zero   RW         3037    .bss                chassis_motor.o
    0x24002324        -       0x0000000c   Zero   RW         3038    .bss                chassis_motor.o
    0x24002330        -       0x0000001c   Zero   RW         3040    .bss                chassis_motor.o
    0x2400234c        -       0x0000001c   Zero   RW         3082    .bss                gimbal_motor.o
    0x24002368        -       0x0000000c   Zero   RW         3083    .bss                gimbal_motor.o
    0x24002374        -       0x000003c0   Zero   RW         3084    .bss                gimbal_motor.o
    0x24002734        -       0x00000108   Zero   RW         3325    .bss                judge.o
    0x2400283c        -       0x00000191   Zero   RW         3326    .bss                judge.o
    0x240029cd   COMPRESSED   0x00000003   PAD
    0x240029d0        -       0x00000014   Zero   RW         3378    .bss                launch_motor.o
    0x240029e4        -       0x00000028   Zero   RW         3469    .bss                rc_protocol.o
    0x24002a0c        -       0x00000010   Zero   RW         3533    .bss                cap_protocol.o
    0x24002a1c        -       0x00000090   Zero   RW         3783    .bss                drv_can.o
    0x24002aac        -       0x000004c4   Zero   RW        10245    .bss                tasks.o
    0x24002f70        -       0x000006b8   Zero   RW        10823    .bss                cmsis_os2.o
    0x24003628        -       0x00002000   Zero   RW         9612    STACK               startup_stm32h723xx.o


==============================================================================

Image component sizes


      Code (inc. data)   RO Data    RW Data    ZI Data      Debug   Object Name

       182          6          0          0          0       2472   ave_filter.o
      1624         50          0         80          0       7335   balance.o
       936         16          0         44          0       7730   bmi088driver.o
       182         34          0          4          0       6030   bmi088middleware.o
      3560        172        144        280        624      11925   bmi_ekf.o
      1200        142          0        114        127       9038   board_protocol.o
       180         34          0          0          0       2527   can_protocol.o
        58          8          0         30          0       1828   cap.o
       280         34          0         23         16       4470   cap_protocol.o
     13438        892          0        300        388      40370   chassis.o
         0          0          0        496        424       1617   chassis_motor.o
       204         20          0         12         48       2324   chassis_posture.o
       568         36          0          4       1720      69345   cmsis_os2.o
       328         32          0          4          0       6593   command.o
       616         26          0        364          0       3178   command_instance.o
        40         10          0          0          0       5810   command_task.o
         0          0       2052          0          0      13461   commontables.o
        28          0          0          0          0        571   connect_task.o
       108         24          0          0          0      11170   control_task.o
       196         16        768          4          0       4054   crc.o
       112         38          0          4          0       1653   device.o
      2098        218          0          9          0      18845   dm_motor.o
       252          4          0          0          0       1074   dma.o
        38          0          0          0          0       1480   driver.o
       378         34          0          0        144       4847   drv_can.o
        82          6          0          4          0       2045   drv_tick.o
      2676        118          0       1636          0      10285   drv_uart.o
         0          0          0          0          0      18092   event_groups.o
       820         52        112          0          0      11275   fastmathfunctions.o
       644         56          0          4        480       3581   fdcan.o
       328         32         32        128        632       4599   filter.o
       120         32        284         32          0       2083   freertos.o
      1576        218          0         92          0      10694   gimbal.o
        72          4          0        452       1028       1208   gimbal_motor.o
       424         24          0          0          0       1339   gpio.o
       480         26          0         32      15360       5243   heap_4.o
      1524         96          0        224        516      49165   imu_sensor.o
        48         10          0          0         16        773   iwdg.o
      1990        136          0         26        665      11687   judge.o
       108          6          0         14          0       2786   judge_protocol.o
      1720          0          0          0          0       8734   kalman_filter.o
       470         22          0         36          0       6502   launch.o
        12          6          0        376         76       1249   launch_motor.o
      2554        142          0          0          0      14396   link_calc.o
         0          0          0        128        632       2607   link_instance.o
       138          0          0          0          0       3822   list.o
       402         14          0          0          0    1310534   main.o
       938         12          0          0          0      10312   matrixfunctions.o
       120         32          0          0          0        615   monitor_task.o
        22          0          0          0          0       1129   motor_def.o
        72         16          0          0          0        614   observe_task.o
       228          6          0          0          0       3048   pid.o
         0          0          0       1800          0       2036   pid_instance.o
       786         84          0         12          0      11993   port.o
       170          0          0          0          0       1431   quaternionmathfunctions.o
      2278         24          0          0         64      23673   queue.o
       936         24          0         16         40       5690   rc_protocol.o
       524         10          0        232          0       8247   rc_sensor.o
      1946        200          0          0          0      17834   rm_motor.o
       144          0          0          0          0       7346   rp_math.o
       608         52          0          0        512       2992   spi.o
        44         12        716          0       8192        832   startup_stm32h723xx.o
       136         32          0         12          0      23210   stm32h7xx_hal.o
       158         14          0          0          0      38942   stm32h7xx_hal_cortex.o
      6464        140          8          0          0      14826   stm32h7xx_hal_dma.o
      2838         50         92          0          0      23888   stm32h7xx_hal_fdcan.o
       572         44          0          0          0       3776   stm32h7xx_hal_gpio.o
       118          0          0          0          0       2143   stm32h7xx_hal_iwdg.o
        36          4          0          0          0        990   stm32h7xx_hal_msp.o
        88          6          0          0          0        857   stm32h7xx_hal_pwr_ex.o
      2804        128          0          0          0       8933   stm32h7xx_hal_rcc.o
      3964        120          0          0          0       8525   stm32h7xx_hal_rcc_ex.o
      2190         30          0          0          0      11229   stm32h7xx_hal_spi.o
      1998        228          0          0          0      13897   stm32h7xx_hal_tim.o
       186         36          0          0          0       3488   stm32h7xx_hal_tim_ex.o
       144         18          0          0         76       1775   stm32h7xx_hal_timebase_tim.o
      3570        154         24          0          0      36923   stm32h7xx_hal_uart.o
       440         12         16          0          0       6793   stm32h7xx_hal_uart_ex.o
       370        144          0          0          0      15582   stm32h7xx_it.o
         0          0          0        632        464       1901   straight_instance.o
       730         28          0          0          0       9436   straight_leg_calc.o
       244         38         16          8          0       2017   system_stm32h7xx.o
      2472        208          0         60       1220      31539   tasks.o
       244         34          0          0         76       2557   tim.o
      1040         88          0         20        280      33683   timers.o
        60          8          0          8          0       1370   ui_task.o
      2600        186          0          0       2504       8801   usart.o

    ----------------------------------------------------------------------
     85184       5068       4328       7768      36328    2127319   Object Totals
         0          0         64          0          0          0   (incl. Generated)
       108          0          0         12          4          0   (incl. Padding)

    ----------------------------------------------------------------------

      Code (inc. data)   RO Data    RW Data    ZI Data      Debug   Library Member Name

       292         58          0          0          0        176   acosf.o
       176         18          0          0          0        156   cos.o
       224         42         48          0          0        184   cos_i.o
       110         60          0          0          0        580   dunder.o
        24          0          0          0          0        124   fabs.o
        48          0          0          0          0        124   fpclassify.o
        38          0          0          0          0        116   fpclassifyf.o
        84         28          0          0          0        696   funder.o
       112          0          0          0          0        116   poly.o
      2296        304        136          0          0        320   pow.o
      1624        130        320          0          0        400   powf.o
         0          0          8          0          0          0   qnan.o
       784        138        200          0          0        172   rred.o
       176         18          0          0          0        160   sin.o
       168         24         40          0          0        196   sin_i.o
       208          0          0          0          0        280   sqrt.o
       120          0          0          0          0        272   sqrtf.o
        86          0          0          0          0          0   __dczerorl2.o
         0          0          0          0          0          0   entry.o
         0          0          0          0          0          0   entry10a.o
         0          0          0          0          0          0   entry11a.o
         8          4          0          0          0          0   entry2.o
         4          0          0          0          0          0   entry5.o
         0          0          0          0          0          0   entry7b.o
         0          0          0          0          0          0   entry8b.o
         8          4          0          0          0          0   entry9a.o
        12          6          0          4          0         68   errno.o
        30          0          0          0          0          0   handlers.o
        36          8          0          0          0         68   init.o
         0          0          0          0          0          0   iusefp.o
        30          0          0          0          0         68   llshl.o
        32          0          0          0          0         68   llushr.o
        36          0          0          0          0         68   memcpya.o
        36          0          0          0          0        108   memseta.o
        98          0          0          0          0         92   uldiv.o
        46          0          0          0          0         80   dscalb.o
         4          0          0          0          0         68   fpstat.o

    ----------------------------------------------------------------------
      6964        846        752          4          0       4760   Library Totals
        14          4          0          0          0          0   (incl. Padding)

    ----------------------------------------------------------------------

      Code (inc. data)   RO Data    RW Data    ZI Data      Debug   Library Name

      6484        820        752          0          0       4072   m_wv.l
       416         22          0          4          0        540   mc_w.l
        50          0          0          0          0        148   mf_w.l

    ----------------------------------------------------------------------
      6964        846        752          4          0       4760   Library Totals

    ----------------------------------------------------------------------

==============================================================================


      Code (inc. data)   RO Data    RW Data    ZI Data      Debug   

     92148       5914       5080       7772      36328    2078003   Grand Totals
     92148       5914       5080       1628      36328    2078003   ELF Image Totals (compressed)
     92148       5914       5080       1628          0          0   ROM Totals

==============================================================================

    Total RO  Size (Code + RO Data)                97228 (  94.95kB)
    Total RW  Size (RW Data + ZI Data)             44100 (  43.07kB)
    Total ROM Size (Code + RO Data + RW Data)      98856 (  96.54kB)

==============================================================================

