<html>
<body>
<pre>
<h1>�Vision Build Log</h1>
<h2>Tool Versions:</h2>
IDE-Version: ��Vision V5.43.1.0
Copyright (C) 2025 ARM Ltd and ARM Germany GmbH. All rights reserved.
License Information: wu Lenovo, ruixuan, LIC=X96CK-ZBDBJ-TGZ7T-RNK7W-ABNKR-Y3EXX
 
Tool Versions:
Toolchain:       MDK-ARM Plus  Version: 5.43.0.0
Toolchain Path:  D:\Keil5\ARM\ARMCC\Bin
C Compiler:      Armcc.exe V5.06 update 5 (build 528)
Assembler:       Armasm.exe V5.06 update 5 (build 528)
Linker/Locator:  ArmLink.exe V5.06 update 5 (build 528)
Library Manager: ArmAr.exe V5.06 update 5 (build 528)
Hex Converter:   FromElf.exe V5.06 update 5 (build 528)
CPU DLL:         SARMCM3.DLL V5.43.0.0
Dialog DLL:      DCM.DLL V1.17.5.0
Target DLL:      Segger\JL2CM3.dll V2.99.45.0
Dialog DLL:      TCM.DLL V1.56.6.0
 
<h2>Project:</h2>
D:\war\war.CubeMX\new\RP__wrx\test\MDK-ARM\test.uvprojx
Project File Date:  11/19/2025

<h2>Output:</h2>
*** Using Compiler 'V5.06 update 5 (build 528)', folder: 'D:\Keil5\ARM\ARMCC\Bin'
Build target 'test'
compiling shoot_base.c...
..\Drivers\device\shoot_base.c(118): warning:  #177-D: variable "err"  was declared but never referenced
  	DIAL_ANGLE_ERR_DATA_TYPE err;
..\Drivers\device\shoot_base.c(517): warning:  #177-D: variable "block_memory_angle"  was declared but never referenced
  	static DIAL_ANGLE_DATA_TYPE         block_memory_angle;        //保存绝对角度前提下补弹堵转时拨盘后面的角度环目标�?,可放misc
..\Drivers\device\shoot_base.c(114): warning:  #177-D: function "Absolute_Angle_Target_Init"  was declared but never referenced
  static void Absolute_Angle_Target_Init(Shoot_t* shoot)
..\Drivers\device\shoot_base.c: 3 warnings, 0 errors
linking...
Program Size: Code=7572 RO-data=456 RW-data=32 ZI-data=1784  
FromELF: creating hex file...
"test\test.axf" - 0 Error(s), 3 Warning(s).

<h2>Software Packages used:</h2>

Package Vendor: ARM
                https://www.keil.com/pack/ARM.CMSIS.6.2.0.pack
                ARM::CMSIS@6.2.0
                CMSIS (Common Microcontroller Software Interface Standard)
   * Component: CORE Version: 6.1.1

Package Vendor: Keil
                https://www.keil.com/pack/Keil.STM32F4xx_DFP.3.1.1.pack
                Keil::STM32F4xx_DFP@3.1.1
                STMicroelectronics STM32F4 Series Device Support

<h2>Collection of Component include folders:</h2>
  ./RTE/_test
  D:/Keil5/ARM/PACK/ARM/CMSIS/6.2.0/CMSIS/Core/Include

<h2>Collection of Component Files used:</h2>

   * Component: ARM::CMSIS:CORE@6.1.1
Build Time Elapsed:  00:00:03
</pre>
</body>
</html>
