Component: ARM Compiler 5.06 update 5 (build 528) Tool: armlink [4d35e2]

==============================================================================

Section Cross References

    startup_stm32h723xx.o(RESET) refers to startup_stm32h723xx.o(STACK) for __initial_sp
    startup_stm32h723xx.o(RESET) refers to startup_stm32h723xx.o(.text) for Reset_Handler
    startup_stm32h723xx.o(RESET) refers to stm32h7xx_it.o(i.NMI_Handler) for NMI_Handler
    startup_stm32h723xx.o(RESET) refers to stm32h7xx_it.o(i.HardFault_Handler) for HardFault_Handler
    startup_stm32h723xx.o(RESET) refers to stm32h7xx_it.o(i.MemManage_Handler) for MemManage_Handler
    startup_stm32h723xx.o(RESET) refers to stm32h7xx_it.o(i.BusFault_Handler) for BusFault_Handler
    startup_stm32h723xx.o(RESET) refers to stm32h7xx_it.o(i.UsageFault_Handler) for UsageFault_Handler
    startup_stm32h723xx.o(RESET) refers to port.o(.emb_text) for SVC_Handler
    startup_stm32h723xx.o(RESET) refers to stm32h7xx_it.o(i.DebugMon_Handler) for DebugMon_Handler
    startup_stm32h723xx.o(RESET) refers to cmsis_os2.o(i.SysTick_Handler) for SysTick_Handler
    startup_stm32h723xx.o(RESET) refers to stm32h7xx_it.o(i.DMA1_Stream0_IRQHandler) for DMA1_Stream0_IRQHandler
    startup_stm32h723xx.o(RESET) refers to stm32h7xx_it.o(i.DMA1_Stream1_IRQHandler) for DMA1_Stream1_IRQHandler
    startup_stm32h723xx.o(RESET) refers to stm32h7xx_it.o(i.DMA1_Stream2_IRQHandler) for DMA1_Stream2_IRQHandler
    startup_stm32h723xx.o(RESET) refers to stm32h7xx_it.o(i.DMA1_Stream5_IRQHandler) for DMA1_Stream5_IRQHandler
    startup_stm32h723xx.o(RESET) refers to stm32h7xx_it.o(i.DMA1_Stream6_IRQHandler) for DMA1_Stream6_IRQHandler
    startup_stm32h723xx.o(RESET) refers to stm32h7xx_it.o(i.FDCAN1_IT0_IRQHandler) for FDCAN1_IT0_IRQHandler
    startup_stm32h723xx.o(RESET) refers to stm32h7xx_it.o(i.FDCAN2_IT0_IRQHandler) for FDCAN2_IT0_IRQHandler
    startup_stm32h723xx.o(RESET) refers to stm32h7xx_it.o(i.TIM2_IRQHandler) for TIM2_IRQHandler
    startup_stm32h723xx.o(RESET) refers to stm32h7xx_it.o(i.SPI2_IRQHandler) for SPI2_IRQHandler
    startup_stm32h723xx.o(RESET) refers to stm32h7xx_it.o(i.EXTI15_10_IRQHandler) for EXTI15_10_IRQHandler
    startup_stm32h723xx.o(RESET) refers to stm32h7xx_it.o(i.UART5_IRQHandler) for UART5_IRQHandler
    startup_stm32h723xx.o(RESET) refers to stm32h7xx_it.o(i.SPI6_IRQHandler) for SPI6_IRQHandler
    startup_stm32h723xx.o(RESET) refers to stm32h7xx_it.o(i.USART10_IRQHandler) for USART10_IRQHandler
    startup_stm32h723xx.o(RESET) refers to stm32h7xx_it.o(i.FDCAN3_IT0_IRQHandler) for FDCAN3_IT0_IRQHandler
    startup_stm32h723xx.o(.text) refers to system_stm32h7xx.o(i.ExitRun0Mode) for ExitRun0Mode
    startup_stm32h723xx.o(.text) refers to system_stm32h7xx.o(i.SystemInit) for SystemInit
    startup_stm32h723xx.o(.text) refers to entry.o(.ARM.Collect$$$$00000000) for __main
    main.o(i.HAL_TIM_PeriodElapsedCallback) refers to stm32h7xx_hal.o(i.HAL_IncTick) for HAL_IncTick
    main.o(i.PeriphCommonClock_Config) refers to memseta.o(.text) for __aeabi_memclr4
    main.o(i.PeriphCommonClock_Config) refers to stm32h7xx_hal_rcc_ex.o(i.HAL_RCCEx_PeriphCLKConfig) for HAL_RCCEx_PeriphCLKConfig
    main.o(i.PeriphCommonClock_Config) refers to main.o(i.Error_Handler) for Error_Handler
    main.o(i.SystemClock_Config) refers to memseta.o(.text) for __aeabi_memclr4
    main.o(i.SystemClock_Config) refers to stm32h7xx_hal_pwr_ex.o(i.HAL_PWREx_ConfigSupply) for HAL_PWREx_ConfigSupply
    main.o(i.SystemClock_Config) refers to stm32h7xx_hal_rcc.o(i.HAL_RCC_OscConfig) for HAL_RCC_OscConfig
    main.o(i.SystemClock_Config) refers to main.o(i.Error_Handler) for Error_Handler
    main.o(i.SystemClock_Config) refers to stm32h7xx_hal_rcc.o(i.HAL_RCC_ClockConfig) for HAL_RCC_ClockConfig
    main.o(i.main) refers to stm32h7xx_hal.o(i.HAL_Init) for HAL_Init
    main.o(i.main) refers to main.o(i.SystemClock_Config) for SystemClock_Config
    main.o(i.main) refers to main.o(i.PeriphCommonClock_Config) for PeriphCommonClock_Config
    main.o(i.main) refers to gpio.o(i.MX_GPIO_Init) for MX_GPIO_Init
    main.o(i.main) refers to dma.o(i.MX_DMA_Init) for MX_DMA_Init
    main.o(i.main) refers to spi.o(i.MX_SPI2_Init) for MX_SPI2_Init
    main.o(i.main) refers to fdcan.o(i.MX_FDCAN1_Init) for MX_FDCAN1_Init
    main.o(i.main) refers to spi.o(i.MX_SPI6_Init) for MX_SPI6_Init
    main.o(i.main) refers to tim.o(i.MX_TIM12_Init) for MX_TIM12_Init
    main.o(i.main) refers to usart.o(i.MX_USART2_UART_Init) for MX_USART2_UART_Init
    main.o(i.main) refers to fdcan.o(i.MX_FDCAN2_Init) for MX_FDCAN2_Init
    main.o(i.main) refers to fdcan.o(i.MX_FDCAN3_Init) for MX_FDCAN3_Init
    main.o(i.main) refers to usart.o(i.MX_USART10_UART_Init) for MX_USART10_UART_Init
    main.o(i.main) refers to usart.o(i.MX_UART5_Init) for MX_UART5_Init
    main.o(i.main) refers to usart.o(i.MX_UART7_Init) for MX_UART7_Init
    main.o(i.main) refers to device.o(i.DEVICE_Init) for DEVICE_Init
[...]
    arm_atan2_f32                            0x0800ab85   Thumb Code   524  fastmathfunctions.o(i.arm_atan2_f32)
    arm_cos_f32                              0x0800adad   Thumb Code   124  fastmathfunctions.o(i.arm_cos_f32)
    arm_mat_add_f32                          0x0800ae35   Thumb Code    42  matrixfunctions.o(i.arm_mat_add_f32)
    arm_mat_init_f32                         0x0800ae5f   Thumb Code     8  matrixfunctions.o(i.arm_mat_init_f32)
    arm_mat_inverse_f32                      0x0800ae69   Thumb Code   674  matrixfunctions.o(i.arm_mat_inverse_f32)
    arm_mat_mult_f32                         0x0800b111   Thumb Code   110  matrixfunctions.o(i.arm_mat_mult_f32)
    arm_mat_sub_f32                          0x0800b185   Thumb Code    42  matrixfunctions.o(i.arm_mat_sub_f32)
    arm_mat_trans_f32                        0x0800b1af   Thumb Code    50  matrixfunctions.o(i.arm_mat_trans_f32)
    arm_quaternion_normalize_f32             0x0800b1e1   Thumb Code   170  quaternionmathfunctions.o(i.arm_quaternion_normalize_f32)
    arm_sin_f32                              0x0800b28d   Thumb Code   120  fastmathfunctions.o(i.arm_sin_f32)
    ave_fil_init                             0x0800b311   Thumb Code    30  ave_filter.o(i.ave_fil_init)
    ave_fil_update                           0x0800b335   Thumb Code   146  ave_filter.o(i.ave_fil_update)
    bmi088_accel_init                        0x0800b3c9   Thumb Code   264  bmi088driver.o(i.bmi088_accel_init)
    bmi088_gyro_init                         0x0800b4d5   Thumb Code   214  bmi088driver.o(i.bmi088_gyro_init)
    bmi2_micros                              0x0800b5b1   Thumb Code    30  bmi088middleware.o(i.bmi2_micros)
    cap_send_2E                              0x0800b5d5   Thumb Code    88  cap_protocol.o(i.cap_send_2E)
    cap_update                               0x0800b63d   Thumb Code   102  cap_protocol.o(i.cap_update)
    delay_ms                                 0x0800b6b5   Thumb Code    24  drv_tick.o(i.delay_ms)
    delay_us                                 0x0800b6cd   Thumb Code    22  drv_tick.o(i.delay_us)
    imu_heart_beat                           0x0800b70d   Thumb Code    34  imu_sensor.o(i.imu_heart_beat)
    imu_init                                 0x0800b731   Thumb Code   184  imu_sensor.o(i.imu_init)
    imu_set_temperature                      0x0800b805   Thumb Code     2  imu_sensor.o(i.imu_set_temperature)
    imu_update                               0x0800b809   Thumb Code   880  imu_sensor.o(i.imu_update)
    int16_to_float                           0x0800bbad   Thumb Code    56  cap_protocol.o(i.int16_to_float)
    judge_recive                             0x0800bbe5   Thumb Code    98  judge_protocol.o(i.judge_recive)
    judge_update                             0x0800bc4d   Thumb Code   188  judge.o(i.judge_update)
    keyboard_cnt_max_set                     0x0800bd0d   Thumb Code    74  rc_protocol.o(i.keyboard_cnt_max_set)
    main                                     0x0800bd59   Thumb Code   128  main.o(i.main)
    micros                                   0x0800bde1   Thumb Code    30  drv_tick.o(i.micros)
    osDelay                                  0x0800be05   Thumb Code    28  cmsis_os2.o(i.osDelay)
    osKernelInitialize                       0x0800be21   Thumb Code    34  cmsis_os2.o(i.osKernelInitialize)
    osKernelStart                            0x0800be49   Thumb Code    48  cmsis_os2.o(i.osKernelStart)
    osThreadNew                              0x0800be81   Thumb Code   186  cmsis_os2.o(i.osThreadNew)
    pid_err_cal                              0x0800bf3b   Thumb Code    18  pid.o(i.pid_err_cal)
    pvPortMalloc                             0x0800c765   Thumb Code   214  heap_4.o(i.pvPortMalloc)
    pxPortInitialiseStack                    0x0800c841   Thumb Code    30  port.o(i.pxPortInitialiseStack)
    rc_interrupt_update                      0x0800c865   Thumb Code   168  rc_protocol.o(i.rc_interrupt_update)
    rc_sensor_init                           0x0800ca51   Thumb Code    46  rc_protocol.o(i.rc_sensor_init)
    rc_sensor_update                         0x0800ca81   Thumb Code   356  rc_protocol.o(i.rc_sensor_update)
    single_pid_ctrl                          0x0800cc5d   Thumb Code   186  pid.o(i.single_pid_ctrl)
    sqrtf                                    0x0800cd17   Thumb Code    62  sqrtf.o(i.sqrtf)
    transform_init                           0x0800cd55   Thumb Code   484  bmi_ekf.o(i.transform_init)
    uxListRemove                             0x0800cf6d   Thumb Code    38  list.o(i.uxListRemove)
    vApplicationGetIdleTaskMemory            0x0800cf95   Thumb Code    16  cmsis_os2.o(i.vApplicationGetIdleTaskMemory)
    vApplicationGetTimerTaskMemory           0x0800cfa9   Thumb Code    18  cmsis_os2.o(i.vApplicationGetTimerTaskMemory)
    vListInitialise                          0x0800cfc1   Thumb Code    22  list.o(i.vListInitialise)
    vListInitialiseItem                      0x0800cfd7   Thumb Code     6  list.o(i.vListInitialiseItem)
    vListInsert                              0x0800cfdd   Thumb Code    48  list.o(i.vListInsert)
    vListInsertEnd                           0x0800d00d   Thumb Code    24  list.o(i.vListInsertEnd)
    vPortEnterCritical                       0x0800d025   Thumb Code    54  port.o(i.vPortEnterCritical)
    vPortExitCritical                        0x0800d065   Thumb Code    38  port.o(i.vPortExitCritical)
    vPortFree                                0x0800d091   Thumb Code    94  heap_4.o(i.vPortFree)
    vPortSetupTimerInterrupt                 0x0800d0f5   Thumb Code    32  port.o(i.vPortSetupTimerInterrupt)
    vPortValidateInterruptPriority           0x0800d119   Thumb Code    74  port.o(i.vPortValidateInterruptPriority)
    vQueueAddToRegistry                      0x0800d16d   Thumb Code    32  queue.o(i.vQueueAddToRegistry)
    vQueueWaitForMessageRestricted           0x0800d191   Thumb Code    70  queue.o(i.vQueueWaitForMessageRestricted)
    vTaskDelay                               0x0800d1d9   Thumb Code    70  tasks.o(i.vTaskDelay)
    vTaskInternalSetTimeOutState             0x0800d229   Thumb Code    12  tasks.o(i.vTaskInternalSetTimeOutState)
    vTaskMissedYield                         0x0800d239   Thumb Code     8  tasks.o(i.vTaskMissedYield)
    vTaskPlaceOnEventList                    0x0800d245   Thumb Code    46  tasks.o(i.vTaskPlaceOnEventList)
    vTaskPlaceOnEventListRestricted          0x0800d279   Thumb Code    54  tasks.o(i.vTaskPlaceOnEventListRestricted)
    vTaskStartScheduler                      0x0800d2b5   Thumb Code   126  tasks.o(i.vTaskStartScheduler)
    vTaskSuspendAll                          0x0800d345   Thumb Code    10  tasks.o(i.vTaskSuspendAll)
    vTaskSwitchContext                       0x0800d355   Thumb Code    94  tasks.o(i.vTaskSwitchContext)
    xPortStartScheduler                      0x0800d3bd   Thumb Code   222  port.o(i.xPortStartScheduler)
    xPortSysTickHandler                      0x0800d4b1   Thumb Code    38  port.o(i.xPortSysTickHandler)
    xQueueGenericCreateStatic                0x0800d4dd   Thumb Code   108  queue.o(i.xQueueGenericCreateStatic)
    xQueueGenericReset                       0x0800d549   Thumb Code   134  queue.o(i.xQueueGenericReset)
    xQueueGenericSend                        0x0800d5d5   Thumb Code   352  queue.o(i.xQueueGenericSend)
    xQueueGenericSendFromISR                 0x0800d739   Thumb Code   192  queue.o(i.xQueueGenericSendFromISR)
    xQueueReceive                            0x0800d7f9   Thumb Code   310  queue.o(i.xQueueReceive)
    xTaskCheckForTimeOut                     0x0800d935   Thumb Code   118  tasks.o(i.xTaskCheckForTimeOut)
    xTaskCreate                              0x0800d9b1   Thumb Code   100  tasks.o(i.xTaskCreate)
    xTaskCreateStatic                        0x0800da15   Thumb Code    92  tasks.o(i.xTaskCreateStatic)
    xTaskGetSchedulerState                   0x0800da71   Thumb Code    24  tasks.o(i.xTaskGetSchedulerState)
    xTaskGetTickCount                        0x0800da8d   Thumb Code     6  tasks.o(i.xTaskGetTickCount)
    xTaskIncrementTick                       0x0800da99   Thumb Code   196  tasks.o(i.xTaskIncrementTick)
    xTaskPriorityDisinherit                  0x0800db65   Thumb Code   116  tasks.o(i.xTaskPriorityDisinherit)
    xTaskRemoveFromEventList                 0x0800dbe1   Thumb Code   106  tasks.o(i.xTaskRemoveFromEventList)
    xTaskResumeAll                           0x0800dc59   Thumb Code   184  tasks.o(i.xTaskResumeAll)
    xTimerCreateTimerTask                    0x0800dd21   Thumb Code    86  timers.o(i.xTimerCreateTimerTask)
    xTimerGenericCommand                     0x0800dd89   Thumb Code   104  timers.o(i.xTimerGenericCommand)
    MonitorTask_attributes                   0x0800ddf4   Data          36  freertos.o(.constdata)
    CtrlTask_attributes                      0x0800de18   Data          36  freertos.o(.constdata)
    CommandTask_attributes                   0x0800de3c   Data          36  freertos.o(.constdata)
    UpdataTask_attributes                    0x0800de60   Data          36  freertos.o(.constdata)
    UITask_attributes                        0x0800de84   Data          36  freertos.o(.constdata)
    UARTPrescTable                           0x0800df0c   Data          24  stm32h7xx_hal_uart.o(.constdata)
    D1CorePrescTable                         0x0800df34   Data          16  system_stm32h7xx.o(.constdata)
    CRC8_TAB                                 0x0800df44   Data         256  crc.o(.constdata)
    wCRC_Table                               0x0800e044   Data         512  crc.o(.constdata)
    IMU_QuaternionEKF_F                      0x0800e244   Data         144  bmi_ekf.o(.constdata)
    sinTable_f32                             0x0800e2d4   Data        2052  commontables.o(.constdata)
    Region$$Table$$Base                      0x0800eb80   Number         0  anon$$obj.o(Region$$Table)
    Region$$Table$$Limit                     0x0800ebb0   Number         0  anon$$obj.o(Region$$Table)
    MonitorTaskHandle                        0x20000000   Data           4  freertos.o(.data)
    CtrlTaskHandle                           0x20000004   Data           4  freertos.o(.data)
    CommandTaskHandle                        0x20000008   Data           4  freertos.o(.data)
    UpdataTaskHandle                         0x2000000c   Data           4  freertos.o(.data)
    UITaskHandle                             0x20000010   Data           4  freertos.o(.data)
    uwTickFreq                               0x20000018   Data           1  stm32h7xx_hal.o(.data)
    uwTickPrio                               0x2000001c   Data           4  stm32h7xx_hal.o(.data)
    uwTick                                   0x20000020   Data           4  stm32h7xx_hal.o(.data)
    SystemCoreClock                          0x20000024   Data           4  system_stm32h7xx.o(.data)
    SystemD2Clock                            0x20000028   Data           4  system_stm32h7xx.o(.data)
    pxCurrentTCB                             0x2000002c   Data           4  tasks.o(.data)
    crc_test                                 0x200000ac   Data           1  crc.o(.data)
    CRC_INIT                                 0x200000ae   Data           2  crc.o(.data)
    haltick                                  0x200000b0   Data           4  drv_tick.o(.data)
    tt1                                      0x200000b8   Data           4  rc_protocol.o(.data)
    tt2                                      0x200000bc   Data           4  rc_protocol.o(.data)
    ttp1                                     0x200000c0   Data           4  rc_protocol.o(.data)
    cap_rx_info                              0x200000c4   Data           7  cap_protocol.o(.data)
    cap_tx_info                              0x200000cb   Data           8  cap_protocol.o(.data)
    cap_tx_buf                               0x200000d3   Data           8  cap_protocol.o(.data)
    drv_judge_info                           0x200000dc   Data           8  judge_protocol.o(.data)
    judge_frame_header                       0x200000e4   Data           6  judge_protocol.o(.data)
    EKFgim_trans                             0x200000f4   Data          48  bmi_ekf.o(.data)
    EKFTrans                                 0x20000164   Data           8  bmi_ekf.o(.data)
    EKFSrc                                   0x2000016c   Data           8  bmi_ekf.o(.data)
    EKFDst                                   0x20000174   Data           8  bmi_ekf.o(.data)
    IMU_QuaternionEKF_P                      0x2000017c   Data         144  bmi_ekf.o(.data)
    BMI088_ACCEL_SEN                         0x2000020c   Data           4  bmi088driver.o(.data)
    BMI088_GYRO_SEN                          0x20000210   Data           4  bmi088driver.o(.data)
    btick                                    0x20000238   Data           4  bmi088middleware.o(.data)
    dev_list                                 0x2000023c   Data           4  device.o(.data)
    imu_temp_pid                             0x20000240   Data          64  imu_sensor.o(.data)
    init_cnt                                 0x20000280   Data           1  imu_sensor.o(.data)
    imu_sensor                               0x200002d0   Data          48  imu_sensor.o(.data)
    rc_sensor_info                           0x20000304   Data         200  rc_sensor.o(.data)
    rc_sensor                                0x200003cc   Data          28  rc_sensor.o(.data)
    L_F_Se_Born                              0x200003e8   Data          16  chassis_motor.o(.data)
    L_F_Se_Ctrlout                           0x200003f8   Data          64  chassis_motor.o(.data)
    L_F_Se_Ctrlin                            0x20000438   Data          64  chassis_motor.o(.data)
    L_F_Se_Ctrl                              0x20000478   Data          20  chassis_motor.o(.data)
    L_F_Se                                   0x2000048c   Data          52  chassis_motor.o(.data)
    R_F_Se_Born                              0x200004c0   Data          16  chassis_motor.o(.data)
    R_F_Se_Ctrlout                           0x200004d0   Data          64  chassis_motor.o(.data)
    R_F_Se_Ctrlin                            0x20000510   Data          64  chassis_motor.o(.data)
    R_F_Se_Ctrl                              0x20000550   Data          20  chassis_motor.o(.data)
    R_F_Se                                   0x20000564   Data          52  chassis_motor.o(.data)
    L_B_Se_Born                              0x20000598   Data          16  chassis_motor.o(.data)
    L_B_Se_Ctrlout                           0x200005a8   Data          64  chassis_motor.o(.data)
    L_B_Se_Ctrlin                            0x200005e8   Data          64  chassis_motor.o(.data)
    L_B_Se_Ctrl                              0x20000628   Data          20  chassis_motor.o(.data)
    L_B_Se                                   0x2000063c   Data          52  chassis_motor.o(.data)
    R_B_Se_Born                              0x20000670   Data          16  chassis_motor.o(.data)
    R_B_Se_Ctrlout                           0x20000680   Data          64  chassis_motor.o(.data)
    R_B_Se_Ctrlin                            0x200006c0   Data          64  chassis_motor.o(.data)
    R_B_Se_Ctrl                              0x20000700   Data          20  chassis_motor.o(.data)
    R_B_Se                                   0x20000714   Data          52  chassis_motor.o(.data)
    L_F_Wheel_Born                           0x20000748   Data          16  chassis_motor.o(.data)
    L_F_Wheel_Ctrlspeed                      0x20000758   Data          64  chassis_motor.o(.data)
    L_F_Wheel_Ctrl                           0x20000798   Data          20  chassis_motor.o(.data)
    L_F_Wheel                                0x200007ac   Data          52  chassis_motor.o(.data)
    R_F_Wheel_Born                           0x200007e0   Data          16  chassis_motor.o(.data)
    R_F_Wheel_Ctrlspeed                      0x200007f0   Data          64  chassis_motor.o(.data)
    R_F_Wheel_Ctrl                           0x20000830   Data          20  chassis_motor.o(.data)
    R_F_Wheel                                0x20000844   Data          52  chassis_motor.o(.data)
    L_B_Wheel_Born                           0x20000878   Data          16  chassis_motor.o(.data)
    L_B_Wheel_Ctrlspeed                      0x20000888   Data          64  chassis_motor.o(.data)
    L_B_Wheel_Ctrl                           0x200008c8   Data          20  chassis_motor.o(.data)
    L_B_Wheel                                0x200008dc   Data          52  chassis_motor.o(.data)
    R_B_Wheel_Born                           0x20000910   Data          16  chassis_motor.o(.data)
    R_B_Wheel_Ctrlspeed                      0x20000920   Data          64  chassis_motor.o(.data)
    R_B_Wheel_Ctrl                           0x20000960   Data          20  chassis_motor.o(.data)
    R_B_Wheel                                0x20000974   Data          52  chassis_motor.o(.data)
    Front_Group                              0x200009a8   Data          52  chassis_motor.o(.data)
    Back_Group                               0x200009dc   Data          52  chassis_motor.o(.data)
    Yaw_Born_Info                            0x20000a10   Data          12  gimbal_motor.o(.data)
    Yaw_Motor                                0x20000a1c   Data          48  gimbal_motor.o(.data)
    cap                                      0x20000a4c   Data          24  cap.o(.data)
    cap_status                               0x20000a64   Data           6  cap.o(.data)
    Judge_Status                             0x20000a6a   Data           6  judge.o(.data)
    My_Judge                                 0x20000a70   Data          12  judge.o(.data)
    hfdcan1                                  0x20000a80   Data         160  fdcan.o(.bss)
    hfdcan2                                  0x20000b20   Data         160  fdcan.o(.bss)
    hfdcan3                                  0x20000bc0   Data         160  fdcan.o(.bss)
    hspi2                                    0x20000c60   Data         136  spi.o(.bss)
    hspi6                                    0x20000ce8   Data         136  spi.o(.bss)
    hdma_spi2_rx                             0x20000d70   Data         120  spi.o(.bss)
    hdma_spi2_tx                             0x20000de8   Data         120  spi.o(.bss)
    htim12                                   0x20000e60   Data          76  tim.o(.bss)
    huart5                                   0x20000eac   Data         148  usart.o(.bss)
    huart7                                   0x20000f40   Data         148  usart.o(.bss)
    huart2                                   0x20000fd4   Data         148  usart.o(.bss)
    huart10                                  0x20001068   Data         148  usart.o(.bss)
    hdma_uart5_rx                            0x200010fc   Data         120  usart.o(.bss)
    hdma_usart10_rx                          0x20001174   Data         120  usart.o(.bss)
    hdma_usart10_tx                          0x200011ec   Data         120  usart.o(.bss)
    htim2                                    0x20001264   Data          76  stm32h7xx_hal_timebase_tim.o(.bss)
    xQueueRegistry                           0x200012b0   Data          64  queue.o(.bss)
    hcan1RxFrame                             0x20005b84   Data          48  drv_can.o(.bss)
    hcan2RxFrame                             0x20005bb4   Data          48  drv_can.o(.bss)
    hcan3RxFrame                             0x20005be4   Data          48  drv_can.o(.bss)
    cap_receive_data                         0x20005c3c   Data          16  cap_protocol.o(.bss)
    QEKF_INS                                 0x20005c50   Data         480  bmi_ekf.o(.bss)
    IMU_QuaternionEKF_K                      0x20005e30   Data          72  bmi_ekf.o(.bss)
    IMU_QuaternionEKF_H                      0x20005e78   Data          72  bmi_ekf.o(.bss)
    imu_info                                 0x20005ec0   Data          96  imu_sensor.o(.bss)
    imu_pitch_dif_speed_ave_filter           0x20005f20   Data         132  imu_sensor.o(.bss)
    imu_roll_dif_speed_ave_filter            0x20005fa4   Data         132  imu_sensor.o(.bss)
    imu_yaw_dif_speed_ave_filter             0x20006028   Data         132  imu_sensor.o(.bss)
    L_F_Se_Rxinfo                            0x200060c4   Data          44  chassis_motor.o(.bss)
    L_F_Se_Txinfo                            0x200060f0   Data          20  chassis_motor.o(.bss)
    L_F_Se_State                             0x20006104   Data          12  chassis_motor.o(.bss)
    R_F_Se_Rxinfo                            0x20006110   Data          44  chassis_motor.o(.bss)
    R_F_Se_Txinfo                            0x2000613c   Data          20  chassis_motor.o(.bss)
    R_F_Se_State                             0x20006150   Data          12  chassis_motor.o(.bss)
    L_B_Se_Rxinfo                            0x2000615c   Data          44  chassis_motor.o(.bss)
    L_B_Se_Txinfo                            0x20006188   Data          20  chassis_motor.o(.bss)
    L_B_Se_State                             0x2000619c   Data          12  chassis_motor.o(.bss)
    R_B_Se_Rxinfo                            0x200061a8   Data          44  chassis_motor.o(.bss)
    R_B_Se_Txinfo                            0x200061d4   Data          20  chassis_motor.o(.bss)
    R_B_Se_State                             0x200061e8   Data          12  chassis_motor.o(.bss)
    L_F_Wheel_Rxinfo                         0x200061f4   Data          44  chassis_motor.o(.bss)
    L_F_Wheel_Txinfo                         0x20006220   Data          20  chassis_motor.o(.bss)
    L_F_Wheel_State                          0x20006234   Data          12  chassis_motor.o(.bss)
    R_F_Wheel_Rxinfo                         0x20006240   Data          44  chassis_motor.o(.bss)
    R_F_Wheel_Txinfo                         0x2000626c   Data          20  chassis_motor.o(.bss)
    R_F_Wheel_State                          0x20006280   Data          12  chassis_motor.o(.bss)
    L_B_Wheel_Rxinfo                         0x2000628c   Data          44  chassis_motor.o(.bss)
    L_B_Wheel_Txinfo                         0x200062b8   Data          20  chassis_motor.o(.bss)
    L_B_Wheel_State                          0x200062cc   Data          12  chassis_motor.o(.bss)
    R_B_Wheel_Rxinfo                         0x200062d8   Data          44  chassis_motor.o(.bss)
    R_B_Wheel_Txinfo                         0x20006304   Data          20  chassis_motor.o(.bss)
    R_B_Wheel_State                          0x20006318   Data          12  chassis_motor.o(.bss)
    Yaw_Rx_Info_t                            0x20006324   Data          24  gimbal_motor.o(.bss)
    Yaw_Tx_Info_t                            0x2000633c   Data          28  gimbal_motor.o(.bss)
    Yaw_State_t                              0x20006358   Data          12  gimbal_motor.o(.bss)
    Judge_Info                               0x20006364   Data          32  judge.o(.bss)
    Judge_Org_Info                           0x20006388   Data         120  judge.o(.bss)
    __initial_sp                             0x20006800   Data           0  startup_stm32h723xx.o(STACK)
    usart10_dma_rxbuf                        0x24000000   Data         400  drv_uart.o(.AXI_SRAM)
    usart5_dma_rxbuf                         0x24000190   Data          36  drv_uart.o(.AXI_SRAM)



==============================================================================

Memory Map of the image

  Image Entry point : 0x080002cd

  Load Region LR_IROM1 (Base: 0x08000000, Size: 0x0000f7e4, Max: 0x00100000, ABSOLUTE, COMPRESSED[0x0000edf0])

    Execution Region ER_IROM1 (Exec base: 0x08000000, Load base: 0x08000000, Size: 0x0000ebb0, Max: 0x00100000, ABSOLUTE)

    Exec Addr    Load Addr    Size         Type   Attr      Idx    E Section Name        Object

    0x08000000   0x08000000   0x000002cc   Data   RO            3    RESET               startup_stm32h723xx.o
    0x080002cc   0x080002cc   0x00000000   Code   RO        16812  * .ARM.Collect$$$$00000000  mc_w.l(entry.o)
    0x080002cc   0x080002cc   0x00000004   Code   RO        16939    .ARM.Collect$$$$00000001  mc_w.l(entry2.o)
    0x080002d0   0x080002d0   0x00000004   Code   RO        16942    .ARM.Collect$$$$00000004  mc_w.l(entry5.o)
    0x080002d4   0x080002d4   0x00000000   Code   RO        16944    .ARM.Collect$$$$00000008  mc_w.l(entry7b.o)
    0x080002d4   0x080002d4   0x00000000   Code   RO        16946    .ARM.Collect$$$$0000000A  mc_w.l(entry8b.o)
    0x080002d4   0x080002d4   0x00000008   Code   RO        16947    .ARM.Collect$$$$0000000B  mc_w.l(entry9a.o)
    0x080002dc   0x080002dc   0x00000000   Code   RO        16949    .ARM.Collect$$$$0000000D  mc_w.l(entry10a.o)
    0x080002dc   0x080002dc   0x00000000   Code   RO        16951    .ARM.Collect$$$$0000000F  mc_w.l(entry11a.o)
    0x080002dc   0x080002dc   0x00000004   Code   RO        16940    .ARM.Collect$$$$00002712  mc_w.l(entry2.o)
    0x080002e0   0x080002e0   0x000000be   Code   RO         7779    .emb_text           port.o
    0x0800039e   0x0800039e   0x00000002   PAD
    0x080003a0   0x080003a0   0x0000002c   Code   RO            4    .text               startup_stm32h723xx.o
    0x080003cc   0x080003cc   0x00000062   Code   RO        16815    .text               mc_w.l(uldiv.o)
    0x0800042e   0x0800042e   0x0000001e   Code   RO        16819    .text               mc_w.l(llshl.o)
    0x0800044c   0x0800044c   0x00000024   Code   RO        16823    .text               mc_w.l(memcpya.o)
    0x08000470   0x08000470   0x00000024   Code   RO        16827    .text               mc_w.l(memseta.o)
    0x08000494   0x08000494   0x000000e4   Code   RO        16863    .text               mf_w.l(dmul.o)
    0x08000578   0x08000578   0x000000de   Code   RO        16865    .text               mf_w.l(ddiv.o)
    0x08000656   0x08000656   0x00000026   Code   RO        16879    .text               mf_w.l(f2d.o)
    0x0800067c   0x0800067c   0x00000038   Code   RO        16885    .text               mf_w.l(d2f.o)
    0x080006b4   0x080006b4   0x00000020   Code   RO        16958    .text               mc_w.l(llushr.o)
    0x080006d4   0x080006d4   0x00000000   Code   RO        16967    .text               mc_w.l(iusefp.o)
    0x080006d4   0x080006d4   0x0000006e   Code   RO        16968    .text               mf_w.l(fepilogue.o)
    0x08000742   0x08000742   0x000000ba   Code   RO        16970    .text               mf_w.l(depilogue.o)
    0x080007fc   0x080007fc   0x00000024   Code   RO        16978    .text               mc_w.l(init.o)
    0x08000820   0x08000820   0x00000056   Code   RO        16990    .text               mc_w.l(__dczerorl2.o)
    0x08000876   0x08000876   0x00000002   PAD
    0x08000878   0x08000878   0x000000b8   Code   RO         8713    i.Angle_Sum_Cal     dm_motor.o
    0x08000930   0x08000930   0x00000118   Code   RO         8842    i.Angle_Sum_Cal     rm_motor.o
    0x08000a48   0x08000a48   0x00000010   Code   RO         9381    i.BMI088_ACCEL_NS_H  bmi088middleware.o
    0x08000a58   0x08000a58   0x00000010   Code   RO         9382    i.BMI088_ACCEL_NS_L  bmi088middleware.o
    0x08000a68   0x08000a68   0x00000002   Code   RO         9383    i.BMI088_GPIO_init  bmi088middleware.o
    0x08000a6a   0x08000a6a   0x00000002   PAD
    0x08000a6c   0x08000a6c   0x00000010   Code   RO         9384    i.BMI088_GYRO_NS_H  bmi088middleware.o
    0x08000a7c   0x08000a7c   0x00000010   Code   RO         9385    i.BMI088_GYRO_NS_L  bmi088middleware.o
    0x08000a8c   0x08000a8c   0x00000002   Code   RO         9386    i.BMI088_com_init   bmi088middleware.o
    0x08000a8e   0x08000a8e   0x00000018   Code   RO         9387    i.BMI088_delay_ms   bmi088middleware.o
    0x08000aa6   0x08000aa6   0x00000016   Code   RO         9388    i.BMI088_delay_us   bmi088middleware.o
    0x08000abc   0x08000abc   0x00000018   Code   RO         9226    i.BMI088_init       bmi088driver.o
    0x08000ad4   0x08000ad4   0x0000015c   Code   RO         9227    i.BMI088_read       bmi088driver.o
    0x08000c30   0x08000c30   0x00000024   Code   RO         9228    i.BMI088_read_muli_reg  bmi088driver.o
    0x08000c54   0x08000c54   0x00000016   Code   RO         9229    i.BMI088_read_single_reg  bmi088driver.o
    0x08000c6a   0x08000c6a   0x00000002   PAD
    0x08000c6c   0x08000c6c   0x00000020   Code   RO         9389    i.BMI088_read_write_byte  bmi088middleware.o
    0x08000c8c   0x08000c8c   0x00000012   Code   RO         9230    i.BMI088_write_single_reg  bmi088driver.o
    0x08000c9e   0x08000c9e   0x00000002   PAD
    0x08000ca0   0x08000ca0   0x00000130   Code   RO         9141    i.BMI_Get_Acceleration  bmi_ekf.o
    0x08000dd0   0x08000dd0   0x00000002   Code   RO          763    i.BusFault_Handler  stm32h7xx_it.o
    0x08000dd2   0x08000dd2   0x00000002   PAD
    0x08000dd4   0x08000dd4   0x00000044   Code   RO         8180    i.CAN1_Filter_Init  drv_can.o
    0x08000e18   0x08000e18   0x00000010   Code   RO         8483    i.CAN1_rxDataHandler  can_protocol.o
    0x08000e28   0x08000e28   0x00000044   Code   RO         8182    i.CAN2_Filter_Init  drv_can.o
    0x08000e6c   0x08000e6c   0x00000010   Code   RO         8484    i.CAN2_rxDataHandler  can_protocol.o
    0x08000e7c   0x08000e7c   0x00000044   Code   RO         8184    i.CAN3_Filter_Init  drv_can.o
    0x08000ec0   0x08000ec0   0x00000002   Code   RO         8485    i.CAN3_rxDataHandler  can_protocol.o
    0x08000ec2   0x08000ec2   0x0000000a   Code   RO         8843    i.CAN_01_GetMotorAngle  rm_motor.o
    0x08000ecc   0x08000ecc   0x0000000c   Code   RO         8844    i.CAN_23_GetMotorSpeed  rm_motor.o
    0x08000ed8   0x08000ed8   0x0000000c   Code   RO         8845    i.CAN_45_GetMotorCurrent  rm_motor.o
    0x08000ee4   0x08000ee4   0x00000004   Code   RO         8846    i.CAN_6_GetMotorTemperature  rm_motor.o
    0x08000ee8   0x08000ee8   0x00000026   Code   RO         8186    i.CAN_SendData      drv_can.o
    0x08000f0e   0x08000f0e   0x00000022   Code   RO         9742    i.Cap_HeartBeat     cap.o
    0x08000f30   0x08000f30   0x00000018   Code   RO         9743    i.Cap_Init          cap.o
    0x08000f48   0x08000f48   0x00000048   Code   RO         9463    i.DEVICE_Init       device.o
    0x08000f90   0x08000f90   0x0000000c   Code   RO          764    i.DMA1_Stream0_IRQHandler  stm32h7xx_it.o
    0x08000f9c   0x08000f9c   0x0000000c   Code   RO          765    i.DMA1_Stream1_IRQHandler  stm32h7xx_it.o
    0x08000fa8   0x08000fa8   0x0000000c   Code   RO          766    i.DMA1_Stream2_IRQHandler  stm32h7xx_it.o
    0x08000fb4   0x08000fb4   0x0000000c   Code   RO          767    i.DMA1_Stream5_IRQHandler  stm32h7xx_it.o
    0x08000fc0   0x08000fc0   0x0000000c   Code   RO          768    i.DMA1_Stream6_IRQHandler  stm32h7xx_it.o
    0x08000fcc   0x08000fcc   0x000000c0   Code   RO         2871    i.DMA_CalcBaseAndBitshift  stm32h7xx_hal_dma.o
    0x0800108c   0x0800108c   0x000000a0   Code   RO         2872    i.DMA_CalcDMAMUXChannelBaseAndMask  stm32h7xx_hal_dma.o
    0x0800112c   0x0800112c   0x0000007c   Code   RO         2873    i.DMA_CalcDMAMUXRequestGenBaseAndMask  stm32h7xx_hal_dma.o
    0x080011a8   0x080011a8   0x00000078   Code   RO         2874    i.DMA_CheckFifoParam  stm32h7xx_hal_dma.o
    0x08001220   0x08001220   0x0000023c   Code   RO         2875    i.DMA_SetConfig     stm32h7xx_hal_dma.o
    0x0800145c   0x0800145c   0x0000002a   Code   RO         8714    i.DM_Motor_Hearbeat  dm_motor.o
    0x08001486   0x08001486   0x00000002   PAD
    0x08001488   0x08001488   0x00000050   Code   RO         8715    i.DM_Single_Motor_Init  dm_motor.o
    0x080014d8   0x080014d8   0x0000002c   Code   RO         8716    i.DM_Single_Motor_Set_Angle  dm_motor.o
    0x08001504   0x08001504   0x0000002c   Code   RO         8717    i.DM_Single_Motor_Set_Speed  dm_motor.o
    0x08001530   0x08001530   0x0000004c   Code   RO         8718    i.DM_Single_Motor_Set_Torque  dm_motor.o
    0x0800157c   0x0800157c   0x00000020   Code   RO         8719    i.DM_Single_Motor_Sleep  dm_motor.o
    0x0800159c   0x0800159c   0x0000001a   Code   RO         8130    i.DRIVER_Init       driver.o
    0x080015b6   0x080015b6   0x00000002   PAD
    0x080015b8   0x080015b8   0x00000160   Code   RO         8319    i.DRV_UART_IRQHandler  drv_uart.o
    0x08001718   0x08001718   0x00000002   Code   RO          769    i.DebugMon_Handler  stm32h7xx_it.o
    0x0800171a   0x0800171a   0x00000016   Code   RO          770    i.EXTI15_10_IRQHandler  stm32h7xx_it.o
    0x08001730   0x08001730   0x00000056   Code   RO         8847    i.Encoder_Sum_Cal   rm_motor.o
    0x08001786   0x08001786   0x00000002   PAD
    0x08001788   0x08001788   0x0000008c   Code   RO         8848    i.Encoder_to_Motor_Angle  rm_motor.o
    0x08001814   0x08001814   0x00000004   Code   RO           13    i.Error_Handler     main.o
    0x08001818   0x08001818   0x0000001c   Code   RO         6012    i.ExitRun0Mode      system_stm32h7xx.o
    0x08001834   0x08001834   0x0000000c   Code   RO          771    i.FDCAN1_IT0_IRQHandler  stm32h7xx_it.o
    0x08001840   0x08001840   0x0000000c   Code   RO          772    i.FDCAN2_IT0_IRQHandler  stm32h7xx_it.o
    0x0800184c   0x0800184c   0x0000000c   Code   RO          773    i.FDCAN3_IT0_IRQHandler  stm32h7xx_it.o
    0x08001858   0x08001858   0x000001b0   Code   RO         4512    i.FDCAN_CalcultateRamBlockAddresses  stm32h7xx_hal_fdcan.o
    0x08001a08   0x08001a08   0x00000074   Code   RO         4513    i.FDCAN_CopyMessageToRAM  stm32h7xx_hal_fdcan.o
    0x08001a7c   0x08001a7c   0x00000030   Code   RO         8059    i.Get_CRC16_Check_Sum  crc.o
    0x08001aac   0x08001aac   0x0000001c   Code   RO         8061    i.Get_CRC8_Check_Sum  crc.o
    0x08001ac8   0x08001ac8   0x0000003c   Code   RO         8849    i.Group_Motor_Ctrl  rm_motor.o
    0x08001b04   0x08001b04   0x0000001a   Code   RO         8850    i.Group_Motor_Heartbeat  rm_motor.o
    0x08001b1e   0x08001b1e   0x00000044   Code   RO         8851    i.Group_Motor_Set_Torque  rm_motor.o
    0x08001b62   0x08001b62   0x00000002   PAD
    0x08001b64   0x08001b64   0x00000020   Code   RO         8852    i.Group_Motor_Sleep  rm_motor.o
    0x08001b84   0x08001b84   0x0000037c   Code   RO         2876    i.HAL_DMA_Abort     stm32h7xx_hal_dma.o
    0x08001f00   0x08001f00   0x000002b0   Code   RO         2877    i.HAL_DMA_Abort_IT  stm32h7xx_hal_dma.o
    0x080021b0   0x080021b0   0x000007a8   Code   RO         2881    i.HAL_DMA_IRQHandler  stm32h7xx_hal_dma.o
    0x08002958   0x08002958   0x000003f0   Code   RO         2882    i.HAL_DMA_Init      stm32h7xx_hal_dma.o
    0x08002d48   0x08002d48   0x000002ec   Code   RO         2886    i.HAL_DMA_Start_IT  stm32h7xx_hal_dma.o
    0x08003034   0x08003034   0x00000084   Code   RO         4515    i.HAL_FDCAN_ActivateNotification  stm32h7xx_hal_fdcan.o
    0x080030b8   0x080030b8   0x0000006c   Code   RO         4517    i.HAL_FDCAN_AddMessageToTxFifoQ  stm32h7xx_hal_fdcan.o
    0x08003124   0x08003124   0x00000002   Code   RO         4518    i.HAL_FDCAN_ClockCalibrationCallback  stm32h7xx_hal_fdcan.o
    0x08003126   0x08003126   0x00000088   Code   RO         4522    i.HAL_FDCAN_ConfigFilter  stm32h7xx_hal_fdcan.o
    0x080031ae   0x080031ae   0x00000030   Code   RO         4523    i.HAL_FDCAN_ConfigGlobalFilter  stm32h7xx_hal_fdcan.o
    0x080031de   0x080031de   0x00000002   Code   RO         4544    i.HAL_FDCAN_ErrorCallback  stm32h7xx_hal_fdcan.o
    0x080031e0   0x080031e0   0x00000002   Code   RO         4545    i.HAL_FDCAN_ErrorStatusCallback  stm32h7xx_hal_fdcan.o
    0x080031e2   0x080031e2   0x00000002   PAD
    0x080031e4   0x080031e4   0x000001a8   Code   RO         4556    i.HAL_FDCAN_GetRxMessage  stm32h7xx_hal_fdcan.o
    0x0800338c   0x0800338c   0x00000002   Code   RO         4562    i.HAL_FDCAN_HighPriorityMessageCallback  stm32h7xx_hal_fdcan.o
    0x0800338e   0x0800338e   0x00000002   PAD
    0x08003390   0x08003390   0x000002ec   Code   RO         4563    i.HAL_FDCAN_IRQHandler  stm32h7xx_hal_fdcan.o
    0x0800367c   0x0800367c   0x00000268   Code   RO         4564    i.HAL_FDCAN_Init    stm32h7xx_hal_fdcan.o
    0x080038e4   0x080038e4   0x00000148   Code   RO          553    i.HAL_FDCAN_MspInit  fdcan.o
    0x08003a2c   0x08003a2c   0x00000002   Code   RO         4573    i.HAL_FDCAN_RxBufferNewMessageCallback  stm32h7xx_hal_fdcan.o
    0x08003a2e   0x08003a2e   0x00000002   PAD
    0x08003a30   0x08003a30   0x00000054   Code   RO         8189    i.HAL_FDCAN_RxFifo0Callback  drv_can.o
    0x08003a84   0x08003a84   0x00000034   Code   RO         8190    i.HAL_FDCAN_RxFifo1Callback  drv_can.o
    0x08003ab8   0x08003ab8   0x00000030   Code   RO         4576    i.HAL_FDCAN_Start   stm32h7xx_hal_fdcan.o
    0x08003ae8   0x08003ae8   0x00000002   Code   RO         4598    i.HAL_FDCAN_TT_GlobalTimeCallback  stm32h7xx_hal_fdcan.o
    0x08003aea   0x08003aea   0x00000002   Code   RO         4599    i.HAL_FDCAN_TT_ScheduleSyncCallback  stm32h7xx_hal_fdcan.o
    0x08003aec   0x08003aec   0x00000002   Code   RO         4604    i.HAL_FDCAN_TT_StopWatchCallback  stm32h7xx_hal_fdcan.o
    0x08003aee   0x08003aee   0x00000002   Code   RO         4605    i.HAL_FDCAN_TT_TimeMarkCallback  stm32h7xx_hal_fdcan.o
    0x08003af0   0x08003af0   0x00000002   Code   RO         4606    i.HAL_FDCAN_TimeoutOccurredCallback  stm32h7xx_hal_fdcan.o
    0x08003af2   0x08003af2   0x00000002   Code   RO         4607    i.HAL_FDCAN_TimestampWraparoundCallback  stm32h7xx_hal_fdcan.o
    0x08003af4   0x08003af4   0x00000002   Code   RO         4608    i.HAL_FDCAN_TxBufferAbortCallback  stm32h7xx_hal_fdcan.o
    0x08003af6   0x08003af6   0x00000002   Code   RO         4609    i.HAL_FDCAN_TxBufferCompleteCallback  stm32h7xx_hal_fdcan.o
    0x08003af8   0x08003af8   0x00000002   Code   RO         4610    i.HAL_FDCAN_TxEventFifoCallback  stm32h7xx_hal_fdcan.o
    0x08003afa   0x08003afa   0x00000002   Code   RO         4611    i.HAL_FDCAN_TxFifoEmptyCallback  stm32h7xx_hal_fdcan.o
    0x08003afc   0x08003afc   0x00000002   Code   RO         2722    i.HAL_GPIO_EXTI_Callback  stm32h7xx_hal_gpio.o
    0x08003afe   0x08003afe   0x00000018   Code   RO         2723    i.HAL_GPIO_EXTI_IRQHandler  stm32h7xx_hal_gpio.o
    0x08003b16   0x08003b16   0x00000002   PAD
    0x08003b18   0x08003b18   0x00000214   Code   RO         2724    i.HAL_GPIO_Init     stm32h7xx_hal_gpio.o
    0x08003d2c   0x08003d2c   0x0000000e   Code   RO         2728    i.HAL_GPIO_WritePin  stm32h7xx_hal_gpio.o
    0x08003d3a   0x08003d3a   0x00000002   PAD
    0x08003d3c   0x08003d3c   0x0000000c   Code   RO         3589    i.HAL_GetTick       stm32h7xx_hal.o
    0x08003d48   0x08003d48   0x00000010   Code   RO         3595    i.HAL_IncTick       stm32h7xx_hal.o
    0x08003d58   0x08003d58   0x0000005c   Code   RO         3596    i.HAL_Init          stm32h7xx_hal.o
    0x08003db4   0x08003db4   0x00000090   Code   RO          929    i.HAL_InitTick      stm32h7xx_hal_timebase_tim.o
    0x08003e44   0x08003e44   0x00000024   Code   RO          905    i.HAL_MspInit       stm32h7xx_hal_msp.o
    0x08003e68   0x08003e68   0x0000001a   Code   RO         2006    i.HAL_NVIC_EnableIRQ  stm32h7xx_hal_cortex.o
    0x08003e82   0x08003e82   0x00000002   PAD
    0x08003e84   0x08003e84   0x00000040   Code   RO         2012    i.HAL_NVIC_SetPriority  stm32h7xx_hal_cortex.o
    0x08003ec4   0x08003ec4   0x00000024   Code   RO         2013    i.HAL_NVIC_SetPriorityGrouping  stm32h7xx_hal_cortex.o
    0x08003ee8   0x08003ee8   0x00000058   Code   RO         3325    i.HAL_PWREx_ConfigSupply  stm32h7xx_hal_pwr_ex.o
    0x08003f40   0x08003f40   0x00000024   Code   RO         2267    i.HAL_RCCEx_GetD3PCLK1Freq  stm32h7xx_hal_rcc_ex.o
    0x08003f64   0x08003f64   0x000001c0   Code   RO         2269    i.HAL_RCCEx_GetPLL2ClockFreq  stm32h7xx_hal_rcc_ex.o
    0x08004124   0x08004124   0x000001c0   Code   RO         2270    i.HAL_RCCEx_GetPLL3ClockFreq  stm32h7xx_hal_rcc_ex.o
    0x080042e4   0x080042e4   0x00000990   Code   RO         2276    i.HAL_RCCEx_PeriphCLKConfig  stm32h7xx_hal_rcc_ex.o
    0x08004c74   0x08004c74   0x0000027c   Code   RO         2152    i.HAL_RCC_ClockConfig  stm32h7xx_hal_rcc.o
    0x08004ef0   0x08004ef0   0x00000060   Code   RO         2156    i.HAL_RCC_GetClockConfig  stm32h7xx_hal_rcc.o
    0x08004f50   0x08004f50   0x00000044   Code   RO         2157    i.HAL_RCC_GetHCLKFreq  stm32h7xx_hal_rcc.o
    0x08004f94   0x08004f94   0x00000024   Code   RO         2159    i.HAL_RCC_GetPCLK1Freq  stm32h7xx_hal_rcc.o
    0x08004fb8   0x08004fb8   0x00000024   Code   RO         2160    i.HAL_RCC_GetPCLK2Freq  stm32h7xx_hal_rcc.o
    0x08004fdc   0x08004fdc   0x000001b4   Code   RO         2161    i.HAL_RCC_GetSysClockFreq  stm32h7xx_hal_rcc.o
    0x08005190   0x08005190   0x000005d8   Code   RO         2164    i.HAL_RCC_OscConfig  stm32h7xx_hal_rcc.o
    0x08005768   0x08005768   0x00000094   Code   RO         5888    i.HAL_RS485Ex_Init  stm32h7xx_hal_uart_ex.o
    0x080057fc   0x080057fc   0x00000002   Code   RO         5137    i.HAL_SPI_ErrorCallback  stm32h7xx_hal_spi.o
    0x080057fe   0x080057fe   0x00000002   PAD
    0x08005800   0x08005800   0x00000230   Code   RO         5140    i.HAL_SPI_IRQHandler  stm32h7xx_hal_spi.o
    0x08005a30   0x08005a30   0x00000174   Code   RO         5141    i.HAL_SPI_Init      stm32h7xx_hal_spi.o
    0x08005ba4   0x08005ba4   0x000001a0   Code   RO          608    i.HAL_SPI_MspInit   spi.o
    0x08005d44   0x08005d44   0x00000002   Code   RO         5147    i.HAL_SPI_RxCpltCallback  stm32h7xx_hal_spi.o
    0x08005d46   0x08005d46   0x00000002   Code   RO         5149    i.HAL_SPI_SuspendCallback  stm32h7xx_hal_spi.o
    0x08005d48   0x08005d48   0x000003b8   Code   RO         5151    i.HAL_SPI_TransmitReceive  stm32h7xx_hal_spi.o
    0x08006100   0x08006100   0x00000002   Code   RO         5156    i.HAL_SPI_TxCpltCallback  stm32h7xx_hal_spi.o
    0x08006102   0x08006102   0x00000002   Code   RO         5158    i.HAL_SPI_TxRxCpltCallback  stm32h7xx_hal_spi.o
    0x08006104   0x08006104   0x00000010   Code   RO         3603    i.HAL_SYSCFG_AnalogSwitchConfig  stm32h7xx_hal.o
    0x08006114   0x08006114   0x00000002   Code   RO         1695    i.HAL_TIMEx_Break2Callback  stm32h7xx_hal_tim_ex.o
    0x08006116   0x08006116   0x00000002   Code   RO         1696    i.HAL_TIMEx_BreakCallback  stm32h7xx_hal_tim_ex.o
    0x08006118   0x08006118   0x00000002   Code   RO         1697    i.HAL_TIMEx_CommutCallback  stm32h7xx_hal_tim_ex.o
    0x0800611a   0x0800611a   0x00000002   PAD
    0x0800611c   0x0800611c   0x000000b4   Code   RO         1718    i.HAL_TIMEx_MasterConfigSynchronization  stm32h7xx_hal_tim_ex.o
    0x080061d0   0x080061d0   0x0000004e   Code   RO          970    i.HAL_TIM_Base_Init  stm32h7xx_hal_tim.o
    0x0800621e   0x0800621e   0x00000002   Code   RO          972    i.HAL_TIM_Base_MspInit  stm32h7xx_hal_tim.o
    0x08006220   0x08006220   0x000000a8   Code   RO          975    i.HAL_TIM_Base_Start_IT  stm32h7xx_hal_tim.o
    0x080062c8   0x080062c8   0x00000002   Code   RO         1004    i.HAL_TIM_IC_CaptureCallback  stm32h7xx_hal_tim.o
    0x080062ca   0x080062ca   0x00000152   Code   RO         1018    i.HAL_TIM_IRQHandler  stm32h7xx_hal_tim.o
    0x0800641c   0x0800641c   0x00000054   Code   RO          655    i.HAL_TIM_MspPostInit  tim.o
    0x08006470   0x08006470   0x00000002   Code   RO         1021    i.HAL_TIM_OC_DelayElapsedCallback  stm32h7xx_hal_tim.o
    0x08006472   0x08006472   0x00000136   Code   RO         1042    i.HAL_TIM_PWM_ConfigChannel  stm32h7xx_hal_tim.o
    0x080065a8   0x080065a8   0x0000004e   Code   RO         1045    i.HAL_TIM_PWM_Init  stm32h7xx_hal_tim.o
    0x080065f6   0x080065f6   0x00000002   PAD
    0x080065f8   0x080065f8   0x00000028   Code   RO          657    i.HAL_TIM_PWM_MspInit  tim.o
    0x08006620   0x08006620   0x00000002   Code   RO         1048    i.HAL_TIM_PWM_PulseFinishedCallback  stm32h7xx_hal_tim.o
    0x08006622   0x08006622   0x0000000e   Code   RO           14    i.HAL_TIM_PeriodElapsedCallback  main.o
    0x08006630   0x08006630   0x00000002   Code   RO         1061    i.HAL_TIM_TriggerCallback  stm32h7xx_hal_tim.o
    0x08006632   0x08006632   0x0000003e   Code   RO         5889    i.HAL_UARTEx_DisableFifoMode  stm32h7xx_hal_uart_ex.o
    0x08006670   0x08006670   0x00000338   Code   RO         8320    i.HAL_UARTEx_RxEventCallback  drv_uart.o
    0x080069a8   0x080069a8   0x00000002   Code   RO         5897    i.HAL_UARTEx_RxFifoFullCallback  stm32h7xx_hal_uart_ex.o
    0x080069aa   0x080069aa   0x0000004c   Code   RO         5898    i.HAL_UARTEx_SetRxFifoThreshold  stm32h7xx_hal_uart_ex.o
    0x080069f6   0x080069f6   0x0000004c   Code   RO         5899    i.HAL_UARTEx_SetTxFifoThreshold  stm32h7xx_hal_uart_ex.o
    0x08006a42   0x08006a42   0x00000002   Code   RO         5901    i.HAL_UARTEx_TxFifoEmptyCallback  stm32h7xx_hal_uart_ex.o
    0x08006a44   0x08006a44   0x00000002   Code   RO         5902    i.HAL_UARTEx_WakeupCallback  stm32h7xx_hal_uart_ex.o
    0x08006a46   0x08006a46   0x00000002   Code   RO         5489    i.HAL_UART_ErrorCallback  stm32h7xx_hal_uart.o
    0x08006a48   0x08006a48   0x000003ac   Code   RO         5492    i.HAL_UART_IRQHandler  stm32h7xx_hal_uart.o
    0x08006df4   0x08006df4   0x00000070   Code   RO         5493    i.HAL_UART_Init     stm32h7xx_hal_uart.o
    0x08006e64   0x08006e64   0x000002d4   Code   RO          704    i.HAL_UART_MspInit  usart.o
    0x08007138   0x08007138   0x00000048   Code   RO         5497    i.HAL_UART_Receive_DMA  stm32h7xx_hal_uart.o
    0x08007180   0x08007180   0x00000002   Code   RO         5500    i.HAL_UART_RxCpltCallback  stm32h7xx_hal_uart.o
    0x08007182   0x08007182   0x00000002   Code   RO         5501    i.HAL_UART_RxHalfCpltCallback  stm32h7xx_hal_uart.o
    0x08007184   0x08007184   0x00000002   Code   RO         5505    i.HAL_UART_TxCpltCallback  stm32h7xx_hal_uart.o
    0x08007186   0x08007186   0x00000002   Code   RO          774    i.HardFault_Handler  stm32h7xx_it.o
    0x08007188   0x08007188   0x00000130   Code   RO         9142    i.IMU_QuaternionEKF_F_Linearization_P_Fading  bmi_ekf.o
    0x080072b8   0x080072b8   0x000000d0   Code   RO         9143    i.IMU_QuaternionEKF_Init  bmi_ekf.o
    0x08007388   0x08007388   0x00000034   Code   RO         9144    i.IMU_QuaternionEKF_Observe  bmi_ekf.o
    0x080073bc   0x080073bc   0x000000bc   Code   RO         9145    i.IMU_QuaternionEKF_SetH  bmi_ekf.o
    0x08007478   0x08007478   0x000003bc   Code   RO         9146    i.IMU_QuaternionEKF_Update  bmi_ekf.o
    0x08007834   0x08007834   0x00000398   Code   RO         9147    i.IMU_QuaternionEKF_xhatUpdate  bmi_ekf.o
    0x08007bcc   0x08007bcc   0x00000168   Code   RO         9509    i.InitQuaternion    imu_sensor.o
    0x08007d34   0x08007d34   0x0000032e   Code   RO         7897    i.Kalman_Filter_Init  kalman_filter.o
    0x08008062   0x08008062   0x0000002e   Code   RO         7898    i.Kalman_Filter_Measure  kalman_filter.o
    0x08008090   0x08008090   0x00000062   Code   RO         7899    i.Kalman_Filter_P_Update  kalman_filter.o
    0x080080f2   0x080080f2   0x0000006c   Code   RO         7900    i.Kalman_Filter_PminusUpdate  kalman_filter.o
    0x0800815e   0x0800815e   0x000000be   Code   RO         7901    i.Kalman_Filter_SetK  kalman_filter.o
    0x0800821c   0x0800821c   0x000000dc   Code   RO         7902    i.Kalman_Filter_Update  kalman_filter.o
    0x080082f8   0x080082f8   0x00000074   Code   RO         7903    i.Kalman_Filter_xhatMinusUpdate  kalman_filter.o
    0x0800836c   0x0800836c   0x00000080   Code   RO         7904    i.Kalman_Filter_xhatUpdate  kalman_filter.o
    0x080083ec   0x080083ec   0x0000000a   Code   RO         8015    i.Lowpass           rp_math.o
    0x080083f6   0x080083f6   0x00000002   PAD
    0x080083f8   0x080083f8   0x0000006c   Code   RO          528    i.MX_DMA_Init       dma.o
    0x08008464   0x08008464   0x00000068   Code   RO          554    i.MX_FDCAN1_Init    fdcan.o
    0x080084cc   0x080084cc   0x00000068   Code   RO          555    i.MX_FDCAN2_Init    fdcan.o
    0x08008534   0x08008534   0x0000006c   Code   RO          556    i.MX_FDCAN3_Init    fdcan.o
    0x080085a0   0x080085a0   0x00000068   Code   RO          461    i.MX_FREERTOS_Init  freertos.o
    0x08008608   0x08008608   0x000001c0   Code   RO          433    i.MX_GPIO_Init      gpio.o
    0x080087c8   0x080087c8   0x00000060   Code   RO          609    i.MX_SPI2_Init      spi.o
    0x08008828   0x08008828   0x00000060   Code   RO          610    i.MX_SPI6_Init      spi.o
    0x08008888   0x08008888   0x00000078   Code   RO          658    i.MX_TIM12_Init     tim.o
    0x08008900   0x08008900   0x00000070   Code   RO          705    i.MX_UART5_Init     usart.o
    0x08008970   0x08008970   0x00000068   Code   RO          706    i.MX_UART7_Init     usart.o
    0x080089d8   0x080089d8   0x00000068   Code   RO          707    i.MX_USART10_UART_Init  usart.o
    0x08008a40   0x08008a40   0x0000006c   Code   RO          708    i.MX_USART2_UART_Init  usart.o
    0x08008aac   0x08008aac   0x00000002   Code   RO          775    i.MemManage_Handler  stm32h7xx_it.o
    0x08008aae   0x08008aae   0x0000002e   Code   RO         8853    i.Motor_Ctrl        rm_motor.o
    0x08008adc   0x08008adc   0x0000005a   Code   RO         8725    i.Motor_ERR_Check   dm_motor.o
    0x08008b36   0x08008b36   0x00000002   PAD
    0x08008b38   0x08008b38   0x000000a4   Code   RO         8726    i.Motor_ReceiveData  dm_motor.o
    0x08008bdc   0x08008bdc   0x0000002c   Code   RO         8727    i.Motor_Send_Command  dm_motor.o
    0x08008c08   0x08008c08   0x0000000c   Code   RO         8728    i.Motor_Send_Data   dm_motor.o
    0x08008c14   0x08008c14   0x000001a4   Code   RO         8729    i.Motor_SetControlPara  dm_motor.o
    0x08008db8   0x08008db8   0x000000e4   Code   RO         8854    i.Motor_Set_Angle   rm_motor.o
    0x08008e9c   0x08008e9c   0x00000032   Code   RO         8855    i.Motor_Set_Speed   rm_motor.o
    0x08008ece   0x08008ece   0x00000038   Code   RO         8856    i.Motor_Set_Torque  rm_motor.o
    0x08008f06   0x08008f06   0x00000002   PAD
    0x08008f08   0x08008f08   0x00000014   Code   RO         9778    i.My_Judge_Init     judge.o
    0x08008f1c   0x08008f1c   0x00000002   Code   RO          776    i.NMI_Handler       stm32h7xx_it.o
    0x08008f1e   0x08008f1e   0x00000048   Code   RO           15    i.PeriphCommonClock_Config  main.o
    0x08008f66   0x08008f66   0x00000002   PAD
    0x08008f68   0x08008f68   0x00000124   Code   RO         2279    i.RCCEx_PLL2_Config  stm32h7xx_hal_rcc_ex.o
    0x0800908c   0x0800908c   0x00000124   Code   RO         2280    i.RCCEx_PLL3_Config  stm32h7xx_hal_rcc_ex.o
    0x080091b0   0x080091b0   0x000000d0   Code   RO         9578    i.RC_ResetData      rc_sensor.o
    0x08009280   0x08009280   0x00000048   Code   RO         8857    i.RM_Group_Motor_Init  rm_motor.o
    0x080092c8   0x080092c8   0x00000040   Code   RO         8858    i.RM_Motor_Init     rm_motor.o
    0x08009308   0x08009308   0x00000080   Code   RO         8859    i.RPM_to_Rads       rm_motor.o
    0x08009388   0x08009388   0x0000003c   Code   RO         8860    i.Raw_Current_to_Torque  rm_motor.o
    0x080093c4   0x080093c4   0x0000000c   Code   RO          777    i.SPI2_IRQHandler   stm32h7xx_it.o
    0x080093d0   0x080093d0   0x0000000c   Code   RO          778    i.SPI6_IRQHandler   stm32h7xx_it.o
    0x080093dc   0x080093dc   0x000000ba   Code   RO         5161    i.SPI_CloseTransfer  stm32h7xx_hal_spi.o
    0x08009496   0x08009496   0x00000018   Code   RO         5162    i.SPI_DMAAbortOnError  stm32h7xx_hal_spi.o
    0x080094ae   0x080094ae   0x00000014   Code   RO         5172    i.SPI_GetPacketSize  stm32h7xx_hal_spi.o
    0x080094c2   0x080094c2   0x00000042   Code   RO         5179    i.SPI_WaitOnFlagUntilTimeout  stm32h7xx_hal_spi.o
    0x08009504   0x08009504   0x00000014   Code   RO         8861    i.Single_Motor_Sleep  rm_motor.o
    0x08009518   0x08009518   0x00000008   Code   RO         9831    i.StartCommandTask  command_task.o
    0x08009520   0x08009520   0x0000002c   Code   RO         9919    i.StartCtrlTask     control_task.o
    0x0800954c   0x0800954c   0x00000030   Code   RO         9858    i.StartMonitorTask  monitor_task.o
    0x0800957c   0x0800957c   0x00000008   Code   RO         9952    i.StartUITask       ui_task.o
    0x08009584   0x08009584   0x00000014   Code   RO         9885    i.StartUpdataTask   observe_task.o
    0x08009598   0x08009598   0x0000001a   Code   RO         7199    i.SysTick_Handler   cmsis_os2.o
    0x080095b2   0x080095b2   0x00000002   PAD
    0x080095b4   0x080095b4   0x00000094   Code   RO           16    i.SystemClock_Config  main.o
    0x08009648   0x08009648   0x000000d8   Code   RO         6014    i.SystemInit        system_stm32h7xx.o
    0x08009720   0x08009720   0x0000000c   Code   RO          779    i.TIM2_IRQHandler   stm32h7xx_it.o
    0x0800972c   0x0800972c   0x000000dc   Code   RO         1063    i.TIM_Base_SetConfig  stm32h7xx_hal_tim.o
    0x08009808   0x08009808   0x000000a0   Code   RO         1076    i.TIM_OC1_SetConfig  stm32h7xx_hal_tim.o
    0x080098a8   0x080098a8   0x00000094   Code   RO         1077    i.TIM_OC2_SetConfig  stm32h7xx_hal_tim.o
    0x0800993c   0x0800993c   0x00000094   Code   RO         1078    i.TIM_OC3_SetConfig  stm32h7xx_hal_tim.o
    0x080099d0   0x080099d0   0x00000074   Code   RO         1079    i.TIM_OC4_SetConfig  stm32h7xx_hal_tim.o
    0x08009a44   0x08009a44   0x00000070   Code   RO         1080    i.TIM_OC5_SetConfig  stm32h7xx_hal_tim.o
    0x08009ab4   0x08009ab4   0x00000070   Code   RO         1081    i.TIM_OC6_SetConfig  stm32h7xx_hal_tim.o
    0x08009b24   0x08009b24   0x00000150   Code   RO         8862    i.Torque_to_Raw_Current  rm_motor.o
    0x08009c74   0x08009c74   0x0000000c   Code   RO          780    i.UART5_IRQHandler  stm32h7xx_it.o
    0x08009c80   0x08009c80   0x00000048   Code   RO         5903    i.UARTEx_SetNbDataToProcess  stm32h7xx_hal_uart_ex.o
    0x08009cc8   0x08009cc8   0x000000c8   Code   RO         5507    i.UART_AdvFeatureConfig  stm32h7xx_hal_uart.o
    0x08009d90   0x08009d90   0x000000aa   Code   RO         5508    i.UART_CheckIdleState  stm32h7xx_hal_uart.o
    0x08009e3a   0x08009e3a   0x00000010   Code   RO         5509    i.UART_DMAAbortOnError  stm32h7xx_hal_uart.o
    0x08009e4a   0x08009e4a   0x00000050   Code   RO         5510    i.UART_DMAError     stm32h7xx_hal_uart.o
    0x08009e9a   0x08009e9a   0x00000084   Code   RO         5511    i.UART_DMAReceiveCplt  stm32h7xx_hal_uart.o
    0x08009f1e   0x08009f1e   0x00000020   Code   RO         5513    i.UART_DMARxHalfCplt  stm32h7xx_hal_uart.o
    0x08009f3e   0x08009f3e   0x00000002   PAD
    0x08009f40   0x08009f40   0x00000054   Code   RO         5519    i.UART_EndRxTransfer  stm32h7xx_hal_uart.o
    0x08009f94   0x08009f94   0x00000024   Code   RO         5520    i.UART_EndTransmit_IT  stm32h7xx_hal_uart.o
    0x08009fb8   0x08009fb8   0x0000002e   Code   RO         5521    i.UART_EndTxTransfer  stm32h7xx_hal_uart.o
    0x08009fe6   0x08009fe6   0x00000002   PAD
    0x08009fe8   0x08009fe8   0x0000052e   Code   RO         5526    i.UART_SetConfig    stm32h7xx_hal_uart.o
    0x0800a516   0x0800a516   0x00000002   PAD
    0x0800a518   0x0800a518   0x000000a4   Code   RO         5527    i.UART_Start_Receive_DMA  stm32h7xx_hal_uart.o
    0x0800a5bc   0x0800a5bc   0x00000098   Code   RO         5533    i.UART_WaitOnFlagUntilTimeout  stm32h7xx_hal_uart.o
    0x0800a654   0x0800a654   0x00000018   Code   RO          781    i.USART10_IRQHandler  stm32h7xx_it.o
    0x0800a66c   0x0800a66c   0x00000020   Code   RO         8321    i.USART1_Init       drv_uart.o
    0x0800a68c   0x0800a68c   0x00000004   Code   RO         8669    i.USART1_rxDataHandler  judge_protocol.o
    0x0800a690   0x0800a690   0x00000018   Code   RO         8324    i.USART5_Init       drv_uart.o
    0x0800a6a8   0x0800a6a8   0x0000003c   Code   RO         8545    i.USART5_rxDataHandler  rc_protocol.o
    0x0800a6e4   0x0800a6e4   0x000001bc   Code   RO         8327    i.USART_DMAEx_MultiBuffer_Init  drv_uart.o
    0x0800a8a0   0x0800a8a0   0x00000002   Code   RO          782    i.UsageFault_Handler  stm32h7xx_it.o
    0x0800a8a2   0x0800a8a2   0x00000002   PAD
    0x0800a8a4   0x0800a8a4   0x000000b4   Code   RO         9148    i.Vector_Transform  bmi_ekf.o
    0x0800a958   0x0800a958   0x00000040   Code   RO         8062    i.Verify_CRC16_Check_Sum  crc.o
    0x0800a998   0x0800a998   0x00000038   Code   RO         8063    i.Verify_CRC8_Check_Sum  crc.o
    0x0800a9d0   0x0800a9d0   0x00000020   Code   RO         2019    i.__NVIC_SetPriority  stm32h7xx_hal_cortex.o
    0x0800a9f0   0x0800a9f0   0x00000118   Code   RO        16664    i.__hardfp_acosf    m_wm.l(acosf.o)
    0x0800ab08   0x0800ab08   0x0000003a   Code   RO        16788    i.__hardfp_sqrtf    m_wm.l(sqrtf.o)
    0x0800ab42   0x0800ab42   0x00000006   Code   RO        16909    i.__mathlib_flt_infnan  m_wm.l(funder.o)
    0x0800ab48   0x0800ab48   0x00000010   Code   RO        16911    i.__mathlib_flt_invalid  m_wm.l(funder.o)
    0x0800ab58   0x0800ab58   0x0000000e   Code   RO        16984    i.__scatterload_copy  mc_w.l(handlers.o)
    0x0800ab66   0x0800ab66   0x00000002   Code   RO        16985    i.__scatterload_null  mc_w.l(handlers.o)
    0x0800ab68   0x0800ab68   0x0000000e   Code   RO        16986    i.__scatterload_zeroinit  mc_w.l(handlers.o)
    0x0800ab76   0x0800ab76   0x00000002   PAD
    0x0800ab78   0x0800ab78   0x0000000c   Code   RO        16962    i.__set_errno       mc_w.l(errno.o)
    0x0800ab84   0x0800ab84   0x00000228   Code   RO        11612    i.arm_atan2_f32     fastmathfunctions.o
    0x0800adac   0x0800adac   0x00000088   Code   RO        11615    i.arm_cos_f32       fastmathfunctions.o
    0x0800ae34   0x0800ae34   0x0000002a   Code   RO        13022    i.arm_mat_add_f32   matrixfunctions.o
    0x0800ae5e   0x0800ae5e   0x00000008   Code   RO        13033    i.arm_mat_init_f32  matrixfunctions.o
    0x0800ae66   0x0800ae66   0x00000002   PAD
    0x0800ae68   0x0800ae68   0x000002a8   Code   RO        13037    i.arm_mat_inverse_f32  matrixfunctions.o
    0x0800b110   0x0800b110   0x00000074   Code   RO        13041    i.arm_mat_mult_f32  matrixfunctions.o
    0x0800b184   0x0800b184   0x0000002a   Code   RO        13058    i.arm_mat_sub_f32   matrixfunctions.o
    0x0800b1ae   0x0800b1ae   0x00000032   Code   RO        13062    i.arm_mat_trans_f32  matrixfunctions.o
    0x0800b1e0   0x0800b1e0   0x000000aa   Code   RO        13570    i.arm_quaternion_normalize_f32  quaternionmathfunctions.o
    0x0800b28a   0x0800b28a   0x00000002   PAD
    0x0800b28c   0x0800b28c   0x00000084   Code   RO        11622    i.arm_sin_f32       fastmathfunctions.o
    0x0800b310   0x0800b310   0x00000024   Code   RO         7864    i.ave_fil_init      ave_filter.o
    0x0800b334   0x0800b334   0x00000092   Code   RO         7865    i.ave_fil_update    ave_filter.o
    0x0800b3c6   0x0800b3c6   0x00000002   PAD
    0x0800b3c8   0x0800b3c8   0x0000010c   Code   RO         9231    i.bmi088_accel_init  bmi088driver.o
    0x0800b4d4   0x0800b4d4   0x000000dc   Code   RO         9232    i.bmi088_gyro_init  bmi088driver.o
    0x0800b5b0   0x0800b5b0   0x00000024   Code   RO         9390    i.bmi2_micros       bmi088middleware.o
    0x0800b5d4   0x0800b5d4   0x00000068   Code   RO         8612    i.cap_send_2E       cap_protocol.o
    0x0800b63c   0x0800b63c   0x00000078   Code   RO         8613    i.cap_update        cap_protocol.o
    0x0800b6b4   0x0800b6b4   0x00000018   Code   RO         8270    i.delay_ms          drv_tick.o
    0x0800b6cc   0x0800b6cc   0x00000016   Code   RO         8271    i.delay_us          drv_tick.o
    0x0800b6e2   0x0800b6e2   0x0000002a   Code   RO         8730    i.float_to_uint     dm_motor.o
    0x0800b70c   0x0800b70c   0x00000022   Code   RO         9510    i.imu_heart_beat    imu_sensor.o
    0x0800b72e   0x0800b72e   0x00000002   PAD
    0x0800b730   0x0800b730   0x000000d4   Code   RO         9511    i.imu_init          imu_sensor.o
    0x0800b804   0x0800b804   0x00000002   Code   RO         9512    i.imu_set_temperature  imu_sensor.o
    0x0800b806   0x0800b806   0x00000002   PAD
    0x0800b808   0x0800b808   0x000003a4   Code   RO         9513    i.imu_update        imu_sensor.o
    0x0800bbac   0x0800bbac   0x00000038   Code   RO         8615    i.int16_to_float    cap_protocol.o
    0x0800bbe4   0x0800bbe4   0x00000068   Code   RO         8670    i.judge_recive      judge_protocol.o
    0x0800bc4c   0x0800bc4c   0x000000c0   Code   RO         9781    i.judge_update      judge.o
    0x0800bd0c   0x0800bd0c   0x0000004a   Code   RO         8546    i.keyboard_cnt_max_set  rc_protocol.o
    0x0800bd56   0x0800bd56   0x00000002   PAD
    0x0800bd58   0x0800bd58   0x00000088   Code   RO           17    i.main              main.o
    0x0800bde0   0x0800bde0   0x00000024   Code   RO         8272    i.micros            drv_tick.o
    0x0800be04   0x0800be04   0x0000001c   Code   RO         7201    i.osDelay           cmsis_os2.o
    0x0800be20   0x0800be20   0x00000028   Code   RO         7215    i.osKernelInitialize  cmsis_os2.o
    0x0800be48   0x0800be48   0x00000038   Code   RO         7218    i.osKernelStart     cmsis_os2.o
    0x0800be80   0x0800be80   0x000000ba   Code   RO         7260    i.osThreadNew       cmsis_os2.o
    0x0800bf3a   0x0800bf3a   0x00000012   Code   RO         7967    i.pid_err_cal       pid.o
    0x0800bf4c   0x0800bf4c   0x00000060   Code   RO         6636    i.prvAddCurrentTaskToDelayedList  tasks.o
    0x0800bfac   0x0800bfac   0x00000088   Code   RO         6637    i.prvAddNewTaskToReadyList  tasks.o
    0x0800c034   0x0800c034   0x00000058   Code   RO         7012    i.prvCheckForValidListAndQueue  timers.o
    0x0800c08c   0x0800c08c   0x0000003c   Code   RO         6638    i.prvCheckTasksWaitingTermination  tasks.o
    0x0800c0c8   0x0800c0c8   0x00000028   Code   RO         6223    i.prvCopyDataFromQueue  queue.o
    0x0800c0f0   0x0800c0f0   0x0000006e   Code   RO         6224    i.prvCopyDataToQueue  queue.o
    0x0800c15e   0x0800c15e   0x00000040   Code   RO         6639    i.prvDeleteTCB      tasks.o
    0x0800c19e   0x0800c19e   0x00000002   PAD
    0x0800c1a0   0x0800c1a0   0x00000024   Code   RO         7013    i.prvGetNextExpireTime  timers.o
    0x0800c1c4   0x0800c1c4   0x0000004c   Code   RO         7724    i.prvHeapInit       heap_4.o
    0x0800c210   0x0800c210   0x00000028   Code   RO         6640    i.prvIdleTask       tasks.o
    0x0800c238   0x0800c238   0x00000022   Code   RO         6227    i.prvInitialiseNewQueue  queue.o
    0x0800c25a   0x0800c25a   0x000000a8   Code   RO         6641    i.prvInitialiseNewTask  tasks.o
    0x0800c302   0x0800c302   0x00000002   PAD
    0x0800c304   0x0800c304   0x00000058   Code   RO         6642    i.prvInitialiseTaskLists  tasks.o
    0x0800c35c   0x0800c35c   0x00000054   Code   RO         7725    i.prvInsertBlockIntoFreeList  heap_4.o
    0x0800c3b0   0x0800c3b0   0x00000040   Code   RO         7015    i.prvInsertTimerInActiveList  timers.o
    0x0800c3f0   0x0800c3f0   0x0000001a   Code   RO         6228    i.prvIsQueueEmpty   queue.o
    0x0800c40a   0x0800c40a   0x0000001e   Code   RO         6229    i.prvIsQueueFull    queue.o
    0x0800c428   0x0800c428   0x00000068   Code   RO         7016    i.prvProcessExpiredTimer  timers.o
    0x0800c490   0x0800c490   0x000000fc   Code   RO         7017    i.prvProcessReceivedCommands  timers.o
    0x0800c58c   0x0800c58c   0x0000006c   Code   RO         7018    i.prvProcessTimerOrBlockTask  timers.o
    0x0800c5f8   0x0800c5f8   0x00000024   Code   RO         6644    i.prvResetNextTaskUnblockTime  tasks.o
    0x0800c61c   0x0800c61c   0x0000002c   Code   RO         7019    i.prvSampleTimeNow  timers.o
    0x0800c648   0x0800c648   0x00000070   Code   RO         7020    i.prvSwitchTimerLists  timers.o
    0x0800c6b8   0x0800c6b8   0x0000002c   Code   RO         7780    i.prvTaskExitError  port.o
    0x0800c6e4   0x0800c6e4   0x00000014   Code   RO         7021    i.prvTimerTask      timers.o
    0x0800c6f8   0x0800c6f8   0x0000006a   Code   RO         6230    i.prvUnlockQueue    queue.o
    0x0800c762   0x0800c762   0x00000002   PAD
    0x0800c764   0x0800c764   0x000000dc   Code   RO         7726    i.pvPortMalloc      heap_4.o
    0x0800c840   0x0800c840   0x00000024   Code   RO         7781    i.pxPortInitialiseStack  port.o
    0x0800c864   0x0800c864   0x000000b0   Code   RO         8549    i.rc_interrupt_update  rc_protocol.o
    0x0800c914   0x0800c914   0x00000110   Code   RO         9579    i.rc_sensor_check   rc_sensor.o
    0x0800ca24   0x0800ca24   0x0000002c   Code   RO         9580    i.rc_sensor_heart_beat  rc_sensor.o
    0x0800ca50   0x0800ca50   0x0000002e   Code   RO         8550    i.rc_sensor_init    rc_protocol.o
    0x0800ca7e   0x0800ca7e   0x00000002   PAD
    0x0800ca80   0x0800ca80   0x0000016c   Code   RO         8551    i.rc_sensor_update  rc_protocol.o
    0x0800cbec   0x0800cbec   0x00000022   Code   RO         8863    i.rm_motor_heart_beat  rm_motor.o
    0x0800cc0e   0x0800cc0e   0x0000004e   Code   RO         8864    i.rm_motor_update   rm_motor.o
    0x0800cc5c   0x0800cc5c   0x000000ba   Code   RO         7969    i.single_pid_ctrl   pid.o
    0x0800cd16   0x0800cd16   0x0000003e   Code   RO        16790    i.sqrtf             m_wm.l(sqrtf.o)
    0x0800cd54   0x0800cd54   0x000001f0   Code   RO         9149    i.transform_init    bmi_ekf.o
    0x0800cf44   0x0800cf44   0x00000028   Code   RO         8731    i.uint_to_float     dm_motor.o
    0x0800cf6c   0x0800cf6c   0x00000026   Code   RO         6183    i.uxListRemove      list.o
    0x0800cf92   0x0800cf92   0x00000002   PAD
    0x0800cf94   0x0800cf94   0x00000014   Code   RO         7272    i.vApplicationGetIdleTaskMemory  cmsis_os2.o
    0x0800cfa8   0x0800cfa8   0x00000018   Code   RO         7273    i.vApplicationGetTimerTaskMemory  cmsis_os2.o
    0x0800cfc0   0x0800cfc0   0x00000016   Code   RO         6184    i.vListInitialise   list.o
    0x0800cfd6   0x0800cfd6   0x00000006   Code   RO         6185    i.vListInitialiseItem  list.o
    0x0800cfdc   0x0800cfdc   0x00000030   Code   RO         6186    i.vListInsert       list.o
    0x0800d00c   0x0800d00c   0x00000018   Code   RO         6187    i.vListInsertEnd    list.o
    0x0800d024   0x0800d024   0x00000040   Code   RO         7783    i.vPortEnterCritical  port.o
    0x0800d064   0x0800d064   0x0000002c   Code   RO         7784    i.vPortExitCritical  port.o
    0x0800d090   0x0800d090   0x00000064   Code   RO         7727    i.vPortFree         heap_4.o
    0x0800d0f4   0x0800d0f4   0x00000024   Code   RO         7785    i.vPortSetupTimerInterrupt  port.o
    0x0800d118   0x0800d118   0x00000054   Code   RO         7786    i.vPortValidateInterruptPriority  port.o
    0x0800d16c   0x0800d16c   0x00000024   Code   RO         6236    i.vQueueAddToRegistry  queue.o
    0x0800d190   0x0800d190   0x00000046   Code   RO         6240    i.vQueueWaitForMessageRestricted  queue.o
    0x0800d1d6   0x0800d1d6   0x00000002   PAD
    0x0800d1d8   0x0800d1d8   0x00000050   Code   RO         6657    i.vTaskDelay        tasks.o
    0x0800d228   0x0800d228   0x00000010   Code   RO         6662    i.vTaskInternalSetTimeOutState  tasks.o
    0x0800d238   0x0800d238   0x0000000c   Code   RO         6663    i.vTaskMissedYield  tasks.o
    0x0800d244   0x0800d244   0x00000034   Code   RO         6665    i.vTaskPlaceOnEventList  tasks.o
    0x0800d278   0x0800d278   0x0000003c   Code   RO         6666    i.vTaskPlaceOnEventListRestricted  tasks.o
    0x0800d2b4   0x0800d2b4   0x00000090   Code   RO         6674    i.vTaskStartScheduler  tasks.o
    0x0800d344   0x0800d344   0x00000010   Code   RO         6676    i.vTaskSuspendAll   tasks.o
    0x0800d354   0x0800d354   0x00000068   Code   RO         6677    i.vTaskSwitchContext  tasks.o
    0x0800d3bc   0x0800d3bc   0x000000f4   Code   RO         7787    i.xPortStartScheduler  port.o
    0x0800d4b0   0x0800d4b0   0x0000002c   Code   RO         7788    i.xPortSysTickHandler  port.o
    0x0800d4dc   0x0800d4dc   0x0000006c   Code   RO         6246    i.xQueueGenericCreateStatic  queue.o
    0x0800d548   0x0800d548   0x0000008c   Code   RO         6247    i.xQueueGenericReset  queue.o
    0x0800d5d4   0x0800d5d4   0x00000164   Code   RO         6248    i.xQueueGenericSend  queue.o
    0x0800d738   0x0800d738   0x000000c0   Code   RO         6249    i.xQueueGenericSendFromISR  queue.o
    0x0800d7f8   0x0800d7f8   0x0000013c   Code   RO         6258    i.xQueueReceive     queue.o
    0x0800d934   0x0800d934   0x0000007c   Code   RO         6679    i.xTaskCheckForTimeOut  tasks.o
    0x0800d9b0   0x0800d9b0   0x00000064   Code   RO         6680    i.xTaskCreate       tasks.o
    0x0800da14   0x0800da14   0x0000005c   Code   RO         6681    i.xTaskCreateStatic  tasks.o
    0x0800da70   0x0800da70   0x0000001c   Code   RO         6685    i.xTaskGetSchedulerState  tasks.o
    0x0800da8c   0x0800da8c   0x0000000c   Code   RO         6686    i.xTaskGetTickCount  tasks.o
    0x0800da98   0x0800da98   0x000000cc   Code   RO         6688    i.xTaskIncrementTick  tasks.o
    0x0800db64   0x0800db64   0x0000007c   Code   RO         6691    i.xTaskPriorityDisinherit  tasks.o
    0x0800dbe0   0x0800dbe0   0x00000078   Code   RO         6693    i.xTaskRemoveFromEventList  tasks.o
    0x0800dc58   0x0800dc58   0x000000c8   Code   RO         6694    i.xTaskResumeAll    tasks.o
    0x0800dd20   0x0800dd20   0x00000068   Code   RO         7030    i.xTimerCreateTimerTask  timers.o
    0x0800dd88   0x0800dd88   0x0000006c   Code   RO         7031    i.xTimerGenericCommand  timers.o
    0x0800ddf4   0x0800ddf4   0x000000b4   Data   RO          467    .constdata          freertos.o
    0x0800dea8   0x0800dea8   0x00000008   Data   RO         2888    .constdata          stm32h7xx_hal_dma.o
    0x0800deb0   0x0800deb0   0x0000005c   Data   RO         4612    .constdata          stm32h7xx_hal_fdcan.o
    0x0800df0c   0x0800df0c   0x00000018   Data   RO         5534    .constdata          stm32h7xx_hal_uart.o
    0x0800df24   0x0800df24   0x00000010   Data   RO         5905    .constdata          stm32h7xx_hal_uart_ex.o
    0x0800df34   0x0800df34   0x00000010   Data   RO         6015    .constdata          system_stm32h7xx.o
    0x0800df44   0x0800df44   0x00000300   Data   RO         8065    .constdata          crc.o
    0x0800e244   0x0800e244   0x00000090   Data   RO         9151    .constdata          bmi_ekf.o
    0x0800e2d4   0x0800e2d4   0x00000804   Data   RO        10786    .constdata          commontables.o
    0x0800ead8   0x0800ead8   0x00000070   Data   RO        11633    .constdata          fastmathfunctions.o
    0x0800eb48   0x0800eb48   0x00000038   Data   RO          468    .conststring        freertos.o
    0x0800eb80   0x0800eb80   0x00000030   Data   RO        16982    Region$$Table       anon$$obj.o


    Execution Region RW_IRAM1 (Exec base: 0x20000000, Load base: 0x0800ebb0, Size: 0x00006800, Max: 0x00020000, ABSOLUTE, COMPRESSED[0x0000023c])

    Exec Addr    Load Addr    Size         Type   Attr      Idx    E Section Name        Object

    0x20000000   COMPRESSED   0x00000014   Data   RW          469    .data               freertos.o
    0x20000014   COMPRESSED   0x00000004   Data   RW          558    .data               fdcan.o
    0x20000018   COMPRESSED   0x0000000c   Data   RW         3620    .data               stm32h7xx_hal.o
    0x20000024   COMPRESSED   0x00000008   Data   RW         6016    .data               system_stm32h7xx.o
    0x2000002c   COMPRESSED   0x0000003c   Data   RW         6697    .data               tasks.o
    0x20000068   COMPRESSED   0x00000014   Data   RW         7039    .data               timers.o
    0x2000007c   COMPRESSED   0x00000004   Data   RW         7275    .data               cmsis_os2.o
    0x20000080   COMPRESSED   0x00000020   Data   RW         7733    .data               heap_4.o
    0x200000a0   COMPRESSED   0x0000000c   Data   RW         7789    .data               port.o
    0x200000ac   COMPRESSED   0x00000004   Data   RW         8066    .data               crc.o
    0x200000b0   COMPRESSED   0x00000004   Data   RW         8273    .data               drv_tick.o
    0x200000b4   COMPRESSED   0x00000010   Data   RW         8553    .data               rc_protocol.o
    0x200000c4   COMPRESSED   0x00000017   Data   RW         8617    .data               cap_protocol.o
    0x200000db   COMPRESSED   0x00000001   PAD
    0x200000dc   COMPRESSED   0x00000008   Data   RW         8671    .data               judge_protocol.o
    0x200000e4   COMPRESSED   0x00000006   Data   RW         8672    .data               judge_protocol.o
    0x200000ea   COMPRESSED   0x00000009   Data   RW         8732    .data               dm_motor.o
    0x200000f3   COMPRESSED   0x00000001   PAD
    0x200000f4   COMPRESSED   0x00000030   Data   RW         9152    .data               bmi_ekf.o
    0x20000124   COMPRESSED   0x000000e8   Data   RW         9153    .data               bmi_ekf.o
    0x2000020c   COMPRESSED   0x0000002c   Data   RW         9233    .data               bmi088driver.o
    0x20000238   COMPRESSED   0x00000004   Data   RW         9391    .data               bmi088middleware.o
    0x2000023c   COMPRESSED   0x00000004   Data   RW         9464    .data               device.o
    0x20000240   COMPRESSED   0x00000040   Data   RW         9517    .data               imu_sensor.o
    0x20000280   COMPRESSED   0x00000080   Data   RW         9518    .data               imu_sensor.o
    0x20000300   COMPRESSED   0x000000cc   Data   RW         9582    .data               rc_sensor.o
    0x200003cc   COMPRESSED   0x0000001c   Data   RW         9583    .data               rc_sensor.o
    0x200003e8   COMPRESSED   0x00000010   Data   RW         9649    .data               chassis_motor.o
    0x200003f8   COMPRESSED   0x00000040   Data   RW         9650    .data               chassis_motor.o
    0x20000438   COMPRESSED   0x00000040   Data   RW         9651    .data               chassis_motor.o
    0x20000478   COMPRESSED   0x00000014   Data   RW         9652    .data               chassis_motor.o
    0x2000048c   COMPRESSED   0x00000034   Data   RW         9653    .data               chassis_motor.o
    0x200004c0   COMPRESSED   0x00000010   Data   RW         9654    .data               chassis_motor.o
    0x200004d0   COMPRESSED   0x00000040   Data   RW         9655    .data               chassis_motor.o
    0x20000510   COMPRESSED   0x00000040   Data   RW         9656    .data               chassis_motor.o
    0x20000550   COMPRESSED   0x00000014   Data   RW         9657    .data               chassis_motor.o
    0x20000564   COMPRESSED   0x00000034   Data   RW         9658    .data               chassis_motor.o
    0x20000598   COMPRESSED   0x00000010   Data   RW         9659    .data               chassis_motor.o
    0x200005a8   COMPRESSED   0x00000040   Data   RW         9660    .data               chassis_motor.o
    0x200005e8   COMPRESSED   0x00000040   Data   RW         9661    .data               chassis_motor.o
    0x20000628   COMPRESSED   0x00000014   Data   RW         9662    .data               chassis_motor.o
    0x2000063c   COMPRESSED   0x00000034   Data   RW         9663    .data               chassis_motor.o
    0x20000670   COMPRESSED   0x00000010   Data   RW         9664    .data               chassis_motor.o
    0x20000680   COMPRESSED   0x00000040   Data   RW         9665    .data               chassis_motor.o
    0x200006c0   COMPRESSED   0x00000040   Data   RW         9666    .data               chassis_motor.o
    0x20000700   COMPRESSED   0x00000014   Data   RW         9667    .data               chassis_motor.o
    0x20000714   COMPRESSED   0x00000034   Data   RW         9668    .data               chassis_motor.o
    0x20000748   COMPRESSED   0x00000010   Data   RW         9669    .data               chassis_motor.o
    0x20000758   COMPRESSED   0x00000040   Data   RW         9670    .data               chassis_motor.o
    0x20000798   COMPRESSED   0x00000014   Data   RW         9671    .data               chassis_motor.o
    0x200007ac   COMPRESSED   0x00000034   Data   RW         9672    .data               chassis_motor.o
    0x200007e0   COMPRESSED   0x00000010   Data   RW         9673    .data               chassis_motor.o
    0x200007f0   COMPRESSED   0x00000040   Data   RW         9674    .data               chassis_motor.o
    0x20000830   COMPRESSED   0x00000014   Data   RW         9675    .data               chassis_motor.o
    0x20000844   COMPRESSED   0x00000034   Data   RW         9676    .data               chassis_motor.o
    0x20000878   COMPRESSED   0x00000010   Data   RW         9677    .data               chassis_motor.o
    0x20000888   COMPRESSED   0x00000040   Data   RW         9678    .data               chassis_motor.o
    0x200008c8   COMPRESSED   0x00000014   Data   RW         9679    .data               chassis_motor.o
    0x200008dc   COMPRESSED   0x00000034   Data   RW         9680    .data               chassis_motor.o
    0x20000910   COMPRESSED   0x00000010   Data   RW         9681    .data               chassis_motor.o
    0x20000920   COMPRESSED   0x00000040   Data   RW         9682    .data               chassis_motor.o
    0x20000960   COMPRESSED   0x00000014   Data   RW         9683    .data               chassis_motor.o
    0x20000974   COMPRESSED   0x00000034   Data   RW         9684    .data               chassis_motor.o
    0x200009a8   COMPRESSED   0x00000034   Data   RW         9685    .data               chassis_motor.o
    0x200009dc   COMPRESSED   0x00000034   Data   RW         9686    .data               chassis_motor.o
    0x20000a10   COMPRESSED   0x0000000c   Data   RW         9717    .data               gimbal_motor.o
    0x20000a1c   COMPRESSED   0x00000030   Data   RW         9718    .data               gimbal_motor.o
    0x20000a4c   COMPRESSED   0x00000018   Data   RW         9744    .data               cap.o
    0x20000a64   COMPRESSED   0x00000006   Data   RW         9745    .data               cap.o
    0x20000a6a   COMPRESSED   0x00000006   Data   RW         9784    .data               judge.o
    0x20000a70   COMPRESSED   0x0000000c   Data   RW         9785    .data               judge.o
    0x20000a7c   COMPRESSED   0x00000004   Data   RW        16963    .data               mc_w.l(errno.o)
    0x20000a80        -       0x000001e0   Zero   RW          557    .bss                fdcan.o
    0x20000c60        -       0x00000200   Zero   RW          611    .bss                spi.o
    0x20000e60        -       0x0000004c   Zero   RW          659    .bss                tim.o
    0x20000eac        -       0x000003b8   Zero   RW          709    .bss                usart.o
    0x20001264        -       0x0000004c   Zero   RW          932    .bss                stm32h7xx_hal_timebase_tim.o
    0x200012b0        -       0x00000040   Zero   RW         6262    .bss                queue.o
    0x200012f0        -       0x000004c4   Zero   RW         6696    .bss                tasks.o
    0x200017b4        -       0x00000118   Zero   RW         7038    .bss                timers.o
    0x200018cc        -       0x000006b8   Zero   RW         7274    .bss                cmsis_os2.o
    0x20001f84        -       0x00003c00   Zero   RW         7732    .bss                heap_4.o
    0x20005b84        -       0x00000090   Zero   RW         8191    .bss                drv_can.o
    0x20005c14        -       0x00000028   Zero   RW         8552    .bss                rc_protocol.o
    0x20005c3c        -       0x00000010   Zero   RW         8616    .bss                cap_protocol.o
    0x20005c4c   COMPRESSED   0x00000004   PAD
    0x20005c50        -       0x00000270   Zero   RW         9150    .bss                bmi_ekf.o
    0x20005ec0        -       0x00000060   Zero   RW         9514    .bss                imu_sensor.o
    0x20005f20        -       0x000001a4   Zero   RW         9516    .bss                imu_sensor.o
    0x200060c4        -       0x0000002c   Zero   RW         9625    .bss                chassis_motor.o
    0x200060f0        -       0x00000014   Zero   RW         9626    .bss                chassis_motor.o
    0x20006104        -       0x0000000c   Zero   RW         9627    .bss                chassis_motor.o
    0x20006110        -       0x0000002c   Zero   RW         9628    .bss                chassis_motor.o
    0x2000613c        -       0x00000014   Zero   RW         9629    .bss                chassis_motor.o
    0x20006150        -       0x0000000c   Zero   RW         9630    .bss                chassis_motor.o
    0x2000615c        -       0x0000002c   Zero   RW         9631    .bss                chassis_motor.o
    0x20006188        -       0x00000014   Zero   RW         9632    .bss                chassis_motor.o
    0x2000619c        -       0x0000000c   Zero   RW         9633    .bss                chassis_motor.o
    0x200061a8        -       0x0000002c   Zero   RW         9634    .bss                chassis_motor.o
    0x200061d4        -       0x00000014   Zero   RW         9635    .bss                chassis_motor.o
    0x200061e8        -       0x0000000c   Zero   RW         9636    .bss                chassis_motor.o
    0x200061f4        -       0x0000002c   Zero   RW         9637    .bss                chassis_motor.o
    0x20006220        -       0x00000014   Zero   RW         9638    .bss                chassis_motor.o
    0x20006234        -       0x0000000c   Zero   RW         9639    .bss                chassis_motor.o
    0x20006240        -       0x0000002c   Zero   RW         9640    .bss                chassis_motor.o
    0x2000626c        -       0x00000014   Zero   RW         9641    .bss                chassis_motor.o
    0x20006280        -       0x0000000c   Zero   RW         9642    .bss                chassis_motor.o
    0x2000628c        -       0x0000002c   Zero   RW         9643    .bss                chassis_motor.o
    0x200062b8        -       0x00000014   Zero   RW         9644    .bss                chassis_motor.o
    0x200062cc        -       0x0000000c   Zero   RW         9645    .bss                chassis_motor.o
    0x200062d8        -       0x0000002c   Zero   RW         9646    .bss                chassis_motor.o
    0x20006304        -       0x00000014   Zero   RW         9647    .bss                chassis_motor.o
    0x20006318        -       0x0000000c   Zero   RW         9648    .bss                chassis_motor.o
    0x20006324        -       0x00000018   Zero   RW         9714    .bss                gimbal_motor.o
    0x2000633c        -       0x0000001c   Zero   RW         9715    .bss                gimbal_motor.o
    0x20006358        -       0x0000000c   Zero   RW         9716    .bss                gimbal_motor.o
    0x20006364        -       0x00000020   Zero   RW         9782    .bss                judge.o
    0x20006384   COMPRESSED   0x00000004   PAD
    0x20006388        -       0x00000078   Zero   RW         9783    .bss                judge.o
    0x20006400        -       0x00000400   Zero   RW            1    STACK               startup_stm32h723xx.o


    Execution Region RW_IRAM2 (Exec base: 0x24000000, Load base: 0x0800edec, Size: 0x000001b4, Max: 0x00020000, ABSOLUTE, COMPRESSED[0x00000004])

    Exec Addr    Load Addr    Size         Type   Attr      Idx    E Section Name        Object

    0x24000000   COMPRESSED   0x000001b4   Data   RW         8329    .AXI_SRAM           drv_uart.o


    Execution Region RW_IRAM3 (Exec base: 0x30000000, Load base: 0x0800edf0, Size: 0x00000000, Max: 0x00004000, ABSOLUTE)

    **** No section assigned to this execution region ****


    Execution Region RW_IRAM4 (Exec base: 0x30004000, Load base: 0x0800edf0, Size: 0x00000000, Max: 0x00004000, ABSOLUTE)

    **** No section assigned to this execution region ****


    Execution Region RW_IRAM5 (Exec base: 0x38000000, Load base: 0x0800edf0, Size: 0x00000000, Max: 0x00004000, ABSOLUTE)

    **** No section assigned to this execution region ****


==============================================================================

Image component sizes


      Code (inc. data)   RO Data    RW Data    ZI Data      Debug   Object Name

       182          6          0          0          0       2432   ave_filter.o
       936         16          0         44          0       7614   bmi088driver.o
       182         34          0          4          0       5902   bmi088middleware.o
      3608        170        144        280        624      16928   bmi_ekf.o
        34          8          0          0          0       2379   can_protocol.o
        58          8          0         30          0       1784   cap.o
       280         34          0         23         16       4406   cap_protocol.o
         0          0          0       1576        608       5405   chassis_motor.o
       380         24          0          4       1720      70983   cmsis_os2.o
         8          0          0          0          0        535   command_task.o
         0          0       2052          0          0      13461   commontables.o
        44          8          0          0          0        596   control_task.o
       196         16        768          4          0       3998   crc.o
        72         24          0          4          0       1417   device.o
      1314        154          0          9          0      15190   dm_motor.o
       108          4          0          0          0        950   dma.o
        26          0          0          0          0       1440   driver.o
       378         34          0          0        144       4755   drv_can.o
        82          6          0          4          0       2001   drv_tick.o
      1676         60          0        436          0       5778   drv_uart.o
         0          0          0          0          0      19460   event_groups.o
       820         52        112          0          0      11239   fastmathfunctions.o
       644         56          0          4        480       3497   fdcan.o
       104         30        236         20          0       1804   freertos.o
         0          0          0         60         64        418   gimbal_motor.o
       448         26          0          0          0       1331   gpio.o
       480         26          0         32      15360       5171   heap_4.o
      1540         94          0        192        516      49057   imu_sensor.o
       212          8          0         18        152       3649   judge.o
       108          6          0         14          0       6462   judge_protocol.o
      1720          0          0          0          0       8622   kalman_filter.o
       138          0          0          0          0       3754   list.o
       374         12          0          0          0    1305205   main.o
       938         12          0          0          0      10312   matrixfunctions.o
        48         12          0          0          0        571   monitor_task.o
        20          4          0          0          0        562   observe_task.o
       204          0          0          0          0       2268   pid.o
       786         84          0         12          0      11853   port.o
       170          0          0          0          0       1431   quaternionmathfunctions.o
      1564         20          0          0         64      18024   queue.o
       720         26          0         16         40       4259   rc_protocol.o
       524         10          0        232          0       8183   rc_sensor.o
      1902        198          0          0          0      18218   rm_motor.o
        10          0          0          0          0        638   rp_math.o
       608         52          0          0        512       2924   spi.o
        44         12        716          0       1024        852   startup_stm32h723xx.o
       136         32          0         12          0      23142   stm32h7xx_hal.o
       158         14          0          0          0      38886   stm32h7xx_hal_cortex.o
      6464        140          8          0          0      14702   stm32h7xx_hal_dma.o
      2838         50         92          0          0      23560   stm32h7xx_hal_fdcan.o
       572         44          0          0          0       3716   stm32h7xx_hal_gpio.o
        36          4          0          0          0        970   stm32h7xx_hal_msp.o
        88          6          0          0          0        845   stm32h7xx_hal_pwr_ex.o
      2804        128          0          0          0       8837   stm32h7xx_hal_rcc.o
      3964        120          0          0          0       8365   stm32h7xx_hal_rcc_ex.o
      2190         30          0          0          0      11081   stm32h7xx_hal_spi.o
      1998        228          0          0          0      13657   stm32h7xx_hal_tim.o
       186         36          0          0          0       3432   stm32h7xx_hal_tim_ex.o
       144         18          0          0         76       1739   stm32h7xx_hal_timebase_tim.o
      3570        154         24          0          0      36703   stm32h7xx_hal_uart.o
       440         12         16          0          0       6697   stm32h7xx_hal_uart_ex.o
       202         78          0          0          0       9740   stm32h7xx_it.o
         0          0          0          0          0        384   stream_buffer.o
       244         38         16          8          0       1981   system_stm32h7xx.o
      2176        186          0         60       1220      28518   tasks.o
       244         34          0          0         76       2501   tim.o
      1040         88          0         20        280      33467   timers.o
         8          0          0          0          0        514   ui_task.o
      1152         80          0          0        952       4709   usart.o

    ----------------------------------------------------------------------
     54422       2866       4232       3120      23936    1945864   Object Totals
         0          0         48          0          0          0   (incl. Generated)
        78          0          0          2          8          0   (incl. Padding)

    ----------------------------------------------------------------------

      Code (inc. data)   RO Data    RW Data    ZI Data      Debug   Library Member Name

       280         46          0          0          0        176   acosf.o
        22          6          0          0          0        232   funder.o
       120          0          0          0          0        272   sqrtf.o
        86          0          0          0          0          0   __dczerorl2.o
         0          0          0          0          0          0   entry.o
         0          0          0          0          0          0   entry10a.o
         0          0          0          0          0          0   entry11a.o
         8          4          0          0          0          0   entry2.o
         4          0          0          0          0          0   entry5.o
         0          0          0          0          0          0   entry7b.o
         0          0          0          0          0          0   entry8b.o
         8          4          0          0          0          0   entry9a.o
        12          6          0          4          0         68   errno.o
        30          0          0          0          0          0   handlers.o
        36          8          0          0          0         68   init.o
         0          0          0          0          0          0   iusefp.o
        30          0          0          0          0         68   llshl.o
        32          0          0          0          0         68   llushr.o
        36          0          0          0          0         68   memcpya.o
        36          0          0          0          0        108   memseta.o
        98          0          0          0          0         92   uldiv.o
        56          0          0          0          0         88   d2f.o
       222          0          0          0          0        100   ddiv.o
       186          0          0          0          0        176   depilogue.o
       228          0          0          0          0         96   dmul.o
        38          0          0          0          0         68   f2d.o
       110          0          0          0          0        168   fepilogue.o

    ----------------------------------------------------------------------
      1682         74          0          4          0       1916   Library Totals
         4          0          0          0          0          0   (incl. Padding)

    ----------------------------------------------------------------------

      Code (inc. data)   RO Data    RW Data    ZI Data      Debug   Library Name

       422         52          0          0          0        680   m_wm.l
       416         22          0          4          0        540   mc_w.l
       840          0          0          0          0        696   mf_w.l

    ----------------------------------------------------------------------
      1682         74          0          4          0       1916   Library Totals

    ----------------------------------------------------------------------

==============================================================================


      Code (inc. data)   RO Data    RW Data    ZI Data      Debug   

     56104       2940       4232       3124      23936    1911044   Grand Totals
     56104       2940       4232        576      23936    1911044   ELF Image Totals (compressed)
     56104       2940       4232        576          0          0   ROM Totals

==============================================================================

    Total RO  Size (Code + RO Data)                60336 (  58.92kB)
    Total RW  Size (RW Data + ZI Data)             27060 (  26.43kB)
    Total ROM Size (Code + RO Data + RW Data)      60912 (  59.48kB)

==============================================================================

